Blender 4.5.9 LTS (hash 8bf95cbd38d1 built 2026-04-21 01:30:46)
Fra:14 Mem:81.18M (Peak 86.05M) | Time:00:00.07 | Mem:0.00M, Peak:0.00M | Scene, ViewLayer | Synchronizing object | Area
Fra:14 Mem:81.18M (Peak 86.05M) | Time:00:00.07 | Mem:0.00M, Peak:0.00M | Scene, ViewLayer | Synchronizing object | Sun
Fra:14 Mem:81.18M (Peak 86.05M) | Time:00:00.07 | Mem:0.00M, Peak:0.00M | Scene, ViewLayer | Synchronizing object | Glazed bay
Fra:14 Mem:81.18M (Peak 86.05M) | Time:00:00.07 | Mem:0.00M, Peak:0.00M | Scene, ViewLayer | Synchronizing object | Glazed bay.002
Fra:14 Mem:81.30M (Peak 86.05M) | Time:00:00.07 | Mem:0.00M, Peak:0.00M | Scene, ViewLayer | Synchronizing object | Horizontal mullion
Fra:14 Mem:81.30M (Peak 86.05M) | Time:00:00.07 | Mem:0.00M, Peak:0.00M | Scene, ViewLayer | Synchronizing object | Horizontal mullion.002
Fra:14 Mem:81.30M (Peak 86.05M) | Time:00:00.07 | Mem:0.00M, Peak:0.00M | Scene, ViewLayer | Synchronizing object | Horizontal mullion.003
Fra:14 Mem:81.31M (Peak 86.05M) | Time:00:00.07 | Mem:0.00M, Peak:0.00M | Scene, ViewLayer | Synchronizing object | Horizontal mullion.004
Fra:14 Mem:81.31M (Peak 86.05M) | Time:00:00.07 | Mem:0.00M, Peak:0.00M | Scene, ViewLayer | Synchronizing object | Horizontal mullion.005
Fra:14 Mem:81.32M (Peak 86.05M) | Time:00:00.07 | Mem:0.00M, Peak:0.00M | Scene, ViewLayer | Synchronizing object | Horizontal mullion.006
Fra:14 Mem:81.32M (Peak 86.05M) | Time:00:00.07 | Mem:0.00M, Peak:0.00M | Scene, ViewLayer | Synchronizing object | Vertical mullion
Fra:14 Mem:81.33M (Peak 86.05M) | Time:00:00.07 | Mem:0.00M, Peak:0.00M | Scene, ViewLayer | Synchronizing object | Vertical mullion.001
Fra:14 Mem:81.33M (Peak 86.05M) | Time:00:00.07 | Mem:0.00M, Peak:0.00M | Scene, ViewLayer | Synchronizing object | Primary rib
Fra:14 Mem:81.34M (Peak 86.05M) | Time:00:00.07 | Mem:0.00M, Peak:0.00M | Scene, ViewLayer | Synchronizing object | Curved eave panel
Fra:14 Mem:81.34M (Peak 86.05M) | Time:00:00.07 | Mem:0.00M, Peak:0.00M | Scene, ViewLayer | Synchronizing object | Eave silver edge
Fra:14 Mem:81.34M (Peak 86.05M) | Time:00:00.07 | Mem:0.00M, Peak:0.00M | Scene, ViewLayer | Synchronizing object | Stone terrace
Fra:14 Mem:81.36M (Peak 86.05M) | Time:00:00.07 | Mem:0.00M, Peak:0.00M | Scene, ViewLayer | Synchronizing object | Glazed bay.003
Fra:14 Mem:81.38M (Peak 86.05M) | Time:00:00.07 | Mem:0.00M, Peak:0.00M | Scene, ViewLayer | Synchronizing object | Glazed bay.004
Fra:14 Mem:81.40M (Peak 86.05M) | Time:00:00.07 | Mem:0.00M, Peak:0.00M | Scene, ViewLayer | Synchronizing object | Glazed bay.005
Fra:14 Mem:81.41M (Peak 86.05M) | Time:00:00.07 | Mem:0.00M, Peak:0.00M | Scene, ViewLayer | Synchronizing object | Horizontal mullion.007
Fra:14 Mem:81.42M (Peak 86.05M) | Time:00:00.07 | Mem:0.00M, Peak:0.00M | Scene, ViewLayer | Synchronizing object | Horizontal mullion.008
Fra:14 Mem:81.41M (Peak 86.05M) | Time:00:00.07 | Mem:0.00M, Peak:0.00M | Scene, ViewLayer | Synchronizing object | Horizontal mullion.009
Fra:14 Mem:81.42M (Peak 86.05M) | Time:00:00.07 | Mem:0.00M, Peak:0.00M | Scene, ViewLayer | Synchronizing object | Horizontal mullion.010
Fra:14 Mem:81.42M (Peak 86.05M) | Time:00:00.07 | Mem:0.00M, Peak:0.00M | Scene, ViewLayer | Synchronizing object | Horizontal mullion.011
Fra:14 Mem:81.43M (Peak 86.05M) | Time:00:00.07 | Mem:0.00M, Peak:0.00M | Scene, ViewLayer | Synchronizing object | Horizontal mullion.012
Fra:14 Mem:81.43M (Peak 86.05M) | Time:00:00.07 | Mem:0.00M, Peak:0.00M | Scene, ViewLayer | Synchronizing object | Horizontal mullion.013
Fra:14 Mem:81.43M (Peak 86.05M) | Time:00:00.07 | Mem:0.00M, Peak:0.00M | Scene, ViewLayer | Synchronizing object | Vertical mullion.004
Fra:14 Mem:81.45M (Peak 86.05M) | Time:00:00.07 | Mem:0.00M, Peak:0.00M | Scene, ViewLayer | Synchronizing object | Vertical mullion.005
Fra:14 Mem:81.46M (Peak 86.05M) | Time:00:00.07 | Mem:0.00M, Peak:0.00M | Scene, ViewLayer | Synchronizing object | Vertical mullion.006
Fra:14 Mem:81.44M (Peak 86.05M) | Time:00:00.07 | Mem:0.00M, Peak:0.00M | Scene, ViewLayer | Synchronizing object | Vertical mullion.007
Fra:14 Mem:81.45M (Peak 86.05M) | Time:00:00.07 | Mem:0.00M, Peak:0.00M | Scene, ViewLayer | Synchronizing object | Primary rib.001
Fra:14 Mem:81.45M (Peak 86.05M) | Time:00:00.07 | Mem:0.00M, Peak:0.00M | Scene, ViewLayer | Synchronizing object | Curved eave panel.001
Fra:14 Mem:81.46M (Peak 86.05M) | Time:00:00.07 | Mem:0.00M, Peak:0.00M | Scene, ViewLayer | Synchronizing object | Eave silver edge.001
Fra:14 Mem:81.46M (Peak 86.05M) | Time:00:00.07 | Mem:0.00M, Peak:0.00M | Scene, ViewLayer | Synchronizing object | Stone terrace.001
Fra:14 Mem:81.46M (Peak 86.05M) | Time:00:00.07 | Mem:0.00M, Peak:0.00M | Scene, ViewLayer | Synchronizing object | Entrance door
Fra:14 Mem:81.47M (Peak 86.05M) | Time:00:00.07 | Mem:0.00M, Peak:0.00M | Scene, ViewLayer | Synchronizing object | Door glazing
Fra:14 Mem:81.53M (Peak 86.05M) | Time:00:00.07 | Mem:0.00M, Peak:0.00M | Scene, ViewLayer | Synchronizing object | Door handle
Fra:14 Mem:81.51M (Peak 86.05M) | Time:00:00.07 | Mem:0.00M, Peak:0.00M | Scene, ViewLayer | Synchronizing object | Entrance door.001
Fra:14 Mem:81.51M (Peak 86.05M) | Time:00:00.07 | Mem:0.00M, Peak:0.00M | Scene, ViewLayer | Synchronizing object | Door handle.001
Fra:14 Mem:81.54M (Peak 86.05M) | Time:00:00.07 | Mem:0.00M, Peak:0.00M | Scene, ViewLayer | Synchronizing object | Entrance canopy
Fra:14 Mem:81.57M (Peak 86.05M) | Time:00:00.07 | Mem:0.00M, Peak:0.00M | Scene, ViewLayer | Synchronizing object | Canopy column
Fra:14 Mem:81.58M (Peak 86.05M) | Time:00:00.07 | Mem:0.00M, Peak:0.00M | Scene, ViewLayer | Synchronizing object | Canopy column.001
Fra:14 Mem:81.57M (Peak 86.05M) | Time:00:00.07 | Mem:0.00M, Peak:0.00M | Scene, ViewLayer | Synchronizing object | Terrace stairs.001
Fra:14 Mem:81.57M (Peak 86.05M) | Time:00:00.07 | Mem:0.00M, Peak:0.00M | Scene, ViewLayer | Synchronizing object | Terrace stairs.002
Fra:14 Mem:81.62M (Peak 86.05M) | Time:00:00.07 | Mem:0.00M, Peak:0.00M | Scene, ViewLayer | Synchronizing object | Terrace stairs.003
Fra:14 Mem:81.62M (Peak 86.05M) | Time:00:00.07 | Mem:0.00M, Peak:0.00M | Scene, ViewLayer | Synchronizing object | Terrace stairs.004
Fra:14 Mem:81.63M (Peak 86.05M) | Time:00:00.07 | Mem:0.00M, Peak:0.00M | Scene, ViewLayer | Synchronizing object | Terrace stairs.005
Fra:14 Mem:81.65M (Peak 86.05M) | Time:00:00.07 | Mem:0.00M, Peak:0.00M | Scene, ViewLayer | Synchronizing object | Terrace stairs.006
Fra:14 Mem:81.67M (Peak 86.05M) | Time:00:00.07 | Mem:0.00M, Peak:0.00M | Scene, ViewLayer | Synchronizing object | Terrace stairs.007
Fra:14 Mem:81.69M (Peak 86.05M) | Time:00:00.07 | Mem:0.00M, Peak:0.00M | Scene, ViewLayer | Synchronizing object | Glazed bay.006
Fra:14 Mem:81.70M (Peak 86.05M) | Time:00:00.07 | Mem:0.00M, Peak:0.00M | Scene, ViewLayer | Synchronizing object | Glazed bay.007
Fra:14 Mem:81.72M (Peak 86.05M) | Time:00:00.07 | Mem:0.00M, Peak:0.00M | Scene, ViewLayer | Synchronizing object | Glazed bay.008
Fra:14 Mem:81.75M (Peak 86.05M) | Time:00:00.07 | Mem:0.00M, Peak:0.00M | Scene, ViewLayer | Synchronizing object | Horizontal mullion.014
Fra:14 Mem:81.73M (Peak 86.05M) | Time:00:00.07 | Mem:0.00M, Peak:0.00M | Scene, ViewLayer | Synchronizing object | Horizontal mullion.015
Fra:14 Mem:81.74M (Peak 86.05M) | Time:00:00.07 | Mem:0.00M, Peak:0.00M | Scene, ViewLayer | Synchronizing object | Horizontal mullion.016
Fra:14 Mem:81.74M (Peak 86.05M) | Time:00:00.07 | Mem:0.00M, Peak:0.00M | Scene, ViewLayer | Synchronizing object | Horizontal mullion.018
Fra:14 Mem:81.74M (Peak 86.05M) | Time:00:00.07 | Mem:0.00M, Peak:0.00M | Scene, ViewLayer | Synchronizing object | Horizontal mullion.019
Fra:14 Mem:81.74M (Peak 86.05M) | Time:00:00.07 | Mem:0.00M, Peak:0.00M | Scene, ViewLayer | Synchronizing object | Horizontal mullion.020
Fra:14 Mem:81.75M (Peak 86.05M) | Time:00:00.07 | Mem:0.00M, Peak:0.00M | Scene, ViewLayer | Synchronizing object | Vertical mullion.008
Fra:14 Mem:81.75M (Peak 86.05M) | Time:00:00.07 | Mem:0.00M, Peak:0.00M | Scene, ViewLayer | Synchronizing object | Vertical mullion.009
Fra:14 Mem:81.76M (Peak 86.05M) | Time:00:00.07 | Mem:0.00M, Peak:0.00M | Scene, ViewLayer | Synchronizing object | Vertical mullion.010
Fra:14 Mem:81.77M (Peak 86.05M) | Time:00:00.07 | Mem:0.00M, Peak:0.00M | Scene, ViewLayer | Synchronizing object | Vertical mullion.012
Fra:14 Mem:81.78M (Peak 86.05M) | Time:00:00.07 | Mem:0.00M, Peak:0.00M | Scene, ViewLayer | Synchronizing object | Primary rib.002
Fra:14 Mem:81.77M (Peak 86.05M) | Time:00:00.07 | Mem:0.00M, Peak:0.00M | Scene, ViewLayer | Synchronizing object | Curved eave panel.002
Fra:14 Mem:81.77M (Peak 86.05M) | Time:00:00.07 | Mem:0.00M, Peak:0.00M | Scene, ViewLayer | Synchronizing object | Roof rib.002
Fra:14 Mem:81.78M (Peak 86.05M) | Time:00:00.07 | Mem:0.00M, Peak:0.00M | Scene, ViewLayer | Synchronizing object | Stone terrace.002
Fra:14 Mem:81.80M (Peak 86.05M) | Time:00:00.07 | Mem:0.00M, Peak:0.00M | Scene, ViewLayer | Synchronizing object | Glazed bay.009
Fra:14 Mem:81.82M (Peak 86.05M) | Time:00:00.07 | Mem:0.00M, Peak:0.00M | Scene, ViewLayer | Synchronizing object | Glazed bay.010
Fra:14 Mem:81.82M (Peak 86.05M) | Time:00:00.07 | Mem:0.00M, Peak:0.00M | Scene, ViewLayer | Synchronizing object | Horizontal mullion.021
Fra:14 Mem:81.85M (Peak 86.05M) | Time:00:00.07 | Mem:0.00M, Peak:0.00M | Scene, ViewLayer | Synchronizing object | Horizontal mullion.022
Fra:14 Mem:81.85M (Peak 86.05M) | Time:00:00.07 | Mem:0.00M, Peak:0.00M | Scene, ViewLayer | Synchronizing object | Horizontal mullion.023
Fra:14 Mem:81.86M (Peak 86.05M) | Time:00:00.07 | Mem:0.00M, Peak:0.00M | Scene, ViewLayer | Synchronizing object | Horizontal mullion.024
Fra:14 Mem:81.86M (Peak 86.05M) | Time:00:00.07 | Mem:0.00M, Peak:0.00M | Scene, ViewLayer | Synchronizing object | Horizontal mullion.025
Fra:14 Mem:81.87M (Peak 86.05M) | Time:00:00.07 | Mem:0.00M, Peak:0.00M | Scene, ViewLayer | Synchronizing object | Horizontal mullion.026
Fra:14 Mem:81.87M (Peak 86.05M) | Time:00:00.07 | Mem:0.00M, Peak:0.00M | Scene, ViewLayer | Synchronizing object | Horizontal mullion.027
Fra:14 Mem:81.89M (Peak 86.05M) | Time:00:00.07 | Mem:0.00M, Peak:0.00M | Scene, ViewLayer | Synchronizing object | Vertical mullion.013
Fra:14 Mem:81.89M (Peak 86.05M) | Time:00:00.07 | Mem:0.00M, Peak:0.00M | Scene, ViewLayer | Synchronizing object | Vertical mullion.014
Fra:14 Mem:81.89M (Peak 86.05M) | Time:00:00.07 | Mem:0.00M, Peak:0.00M | Scene, ViewLayer | Synchronizing object | Vertical mullion.015
Fra:14 Mem:81.90M (Peak 86.05M) | Time:00:00.07 | Mem:0.00M, Peak:0.00M | Scene, ViewLayer | Synchronizing object | Vertical mullion.016
Fra:14 Mem:81.90M (Peak 86.05M) | Time:00:00.07 | Mem:0.00M, Peak:0.00M | Scene, ViewLayer | Synchronizing object | Vertical mullion.017
Fra:14 Mem:81.91M (Peak 86.05M) | Time:00:00.07 | Mem:0.00M, Peak:0.00M | Scene, ViewLayer | Synchronizing object | Primary rib.003
Fra:14 Mem:81.93M (Peak 86.05M) | Time:00:00.07 | Mem:0.00M, Peak:0.00M | Scene, ViewLayer | Synchronizing object | Curved eave panel.003
Fra:14 Mem:81.90M (Peak 86.05M) | Time:00:00.07 | Mem:0.00M, Peak:0.00M | Scene, ViewLayer | Synchronizing object | Eave silver edge.003
Fra:14 Mem:81.92M (Peak 86.05M) | Time:00:00.07 | Mem:0.00M, Peak:0.00M | Scene, ViewLayer | Synchronizing object | Roof rib.003
Fra:14 Mem:81.91M (Peak 86.05M) | Time:00:00.07 | Mem:0.00M, Peak:0.00M | Scene, ViewLayer | Synchronizing object | Stone terrace.003
Fra:14 Mem:81.91M (Peak 86.05M) | Time:00:00.07 | Mem:0.00M, Peak:0.00M | Scene, ViewLayer | Synchronizing object | Glazed bay.012
Fra:14 Mem:81.96M (Peak 86.05M) | Time:00:00.07 | Mem:0.00M, Peak:0.00M | Scene, ViewLayer | Synchronizing object | Glazed bay.013
Fra:14 Mem:81.95M (Peak 86.05M) | Time:00:00.07 | Mem:0.00M, Peak:0.00M | Scene, ViewLayer | Synchronizing object | Glazed bay.014
Fra:14 Mem:81.97M (Peak 86.05M) | Time:00:00.07 | Mem:0.00M, Peak:0.00M | Scene, ViewLayer | Synchronizing object | Horizontal mullion.028
Fra:14 Mem:81.97M (Peak 86.05M) | Time:00:00.07 | Mem:0.00M, Peak:0.00M | Scene, ViewLayer | Synchronizing object | Horizontal mullion.030
Fra:14 Mem:81.98M (Peak 86.05M) | Time:00:00.07 | Mem:0.00M, Peak:0.00M | Scene, ViewLayer | Synchronizing object | Horizontal mullion.031
Fra:14 Mem:81.98M (Peak 86.05M) | Time:00:00.07 | Mem:0.00M, Peak:0.00M | Scene, ViewLayer | Synchronizing object | Horizontal mullion.032
Fra:14 Mem:81.98M (Peak 86.05M) | Time:00:00.07 | Mem:0.00M, Peak:0.00M | Scene, ViewLayer | Synchronizing object | Horizontal mullion.033
Fra:14 Mem:81.98M (Peak 86.05M) | Time:00:00.07 | Mem:0.00M, Peak:0.00M | Scene, ViewLayer | Synchronizing object | Horizontal mullion.034
Fra:14 Mem:81.99M (Peak 86.05M) | Time:00:00.07 | Mem:0.00M, Peak:0.00M | Scene, ViewLayer | Synchronizing object | Vertical mullion.018
Fra:14 Mem:81.99M (Peak 86.05M) | Time:00:00.07 | Mem:0.00M, Peak:0.00M | Scene, ViewLayer | Synchronizing object | Vertical mullion.019
Fra:14 Mem:82.00M (Peak 86.05M) | Time:00:00.07 | Mem:0.00M, Peak:0.00M | Scene, ViewLayer | Synchronizing object | Vertical mullion.020
Fra:14 Mem:82.02M (Peak 86.05M) | Time:00:00.07 | Mem:0.00M, Peak:0.00M | Scene, ViewLayer | Synchronizing object | Vertical mullion.021
Fra:14 Mem:82.01M (Peak 86.05M) | Time:00:00.07 | Mem:0.00M, Peak:0.00M | Scene, ViewLayer | Synchronizing object | Vertical mullion.022
Fra:14 Mem:82.02M (Peak 86.05M) | Time:00:00.07 | Mem:0.00M, Peak:0.00M | Scene, ViewLayer | Synchronizing object | Primary rib.004
Fra:14 Mem:82.01M (Peak 86.05M) | Time:00:00.07 | Mem:0.00M, Peak:0.00M | Scene, ViewLayer | Synchronizing object | Curved eave panel.004
Fra:14 Mem:82.02M (Peak 86.05M) | Time:00:00.07 | Mem:0.00M, Peak:0.00M | Scene, ViewLayer | Synchronizing object | Eave silver edge.004
Fra:14 Mem:82.02M (Peak 86.05M) | Time:00:00.07 | Mem:0.00M, Peak:0.00M | Scene, ViewLayer | Synchronizing object | Roof rib.004
Fra:14 Mem:82.02M (Peak 86.05M) | Time:00:00.07 | Mem:0.00M, Peak:0.00M | Scene, ViewLayer | Synchronizing object | Stone terrace.004
Fra:14 Mem:82.04M (Peak 86.05M) | Time:00:00.07 | Mem:0.00M, Peak:0.00M | Scene, ViewLayer | Synchronizing object | Entrance door.002
Fra:14 Mem:82.06M (Peak 86.05M) | Time:00:00.07 | Mem:0.00M, Peak:0.00M | Scene, ViewLayer | Synchronizing object | Door glazing.002
Fra:14 Mem:82.06M (Peak 86.05M) | Time:00:00.07 | Mem:0.00M, Peak:0.00M | Scene, ViewLayer | Synchronizing object | Entrance door.003
Fra:14 Mem:82.08M (Peak 86.05M) | Time:00:00.07 | Mem:0.00M, Peak:0.00M | Scene, ViewLayer | Synchronizing object | Door glazing.003
Fra:14 Mem:82.10M (Peak 86.05M) | Time:00:00.07 | Mem:0.00M, Peak:0.00M | Scene, ViewLayer | Synchronizing object | Door handle.003
Fra:14 Mem:82.12M (Peak 86.05M) | Time:00:00.07 | Mem:0.00M, Peak:0.00M | Scene, ViewLayer | Synchronizing object | Entrance canopy.001
Fra:14 Mem:82.15M (Peak 86.05M) | Time:00:00.07 | Mem:0.00M, Peak:0.00M | Scene, ViewLayer | Synchronizing object | Canopy column.002
Fra:14 Mem:82.13M (Peak 86.05M) | Time:00:00.07 | Mem:0.00M, Peak:0.00M | Scene, ViewLayer | Synchronizing object | Canopy column.003
Fra:14 Mem:82.13M (Peak 86.05M) | Time:00:00.07 | Mem:0.00M, Peak:0.00M | Scene, ViewLayer | Synchronizing object | Terrace stairs.008
Fra:14 Mem:82.13M (Peak 86.05M) | Time:00:00.07 | Mem:0.00M, Peak:0.00M | Scene, ViewLayer | Synchronizing object | Terrace stairs.009
Fra:14 Mem:82.18M (Peak 86.05M) | Time:00:00.07 | Mem:0.00M, Peak:0.00M | Scene, ViewLayer | Synchronizing object | Studio ground
Fra:14 Mem:82.17M (Peak 86.05M) | Time:00:00.07 | Mem:0.00M, Peak:0.00M | Scene, ViewLayer | Synchronizing object | Terrace stairs.010
Fra:14 Mem:82.17M (Peak 86.05M) | Time:00:00.07 | Mem:0.00M, Peak:0.00M | Scene, ViewLayer | Synchronizing object | Terrace stairs.012
Fra:14 Mem:82.21M (Peak 86.05M) | Time:00:00.07 | Mem:0.00M, Peak:0.00M | Scene, ViewLayer | Synchronizing object | Medical vest cross.001
Fra:14 Mem:82.22M (Peak 86.05M) | Time:00:00.07 | Mem:0.00M, Peak:0.00M | Scene, ViewLayer | Synchronizing object | Terrace stairs.013
Fra:14 Mem:82.24M (Peak 86.05M) | Time:00:00.07 | Mem:0.00M, Peak:0.00M | Scene, ViewLayer | Synchronizing object | Terrace stairs.014
Fra:14 Mem:82.27M (Peak 86.05M) | Time:00:00.07 | Mem:0.00M, Peak:0.00M | Scene, ViewLayer | Synchronizing object | Terrace stairs.015
Fra:14 Mem:82.27M (Peak 86.05M) | Time:00:00.07 | Mem:0.00M, Peak:0.00M | Scene, ViewLayer | Synchronizing object | Glazed bay.015
Fra:14 Mem:82.29M (Peak 86.05M) | Time:00:00.07 | Mem:0.00M, Peak:0.00M | Scene, ViewLayer | Synchronizing object | Glazed bay.016
Fra:14 Mem:82.32M (Peak 86.05M) | Time:00:00.07 | Mem:0.00M, Peak:0.00M | Scene, ViewLayer | Synchronizing object | Glazed bay.017
Fra:14 Mem:82.31M (Peak 86.05M) | Time:00:00.07 | Mem:0.00M, Peak:0.00M | Scene, ViewLayer | Synchronizing object | Horizontal mullion.035
Fra:14 Mem:82.34M (Peak 86.05M) | Time:00:00.07 | Mem:0.00M, Peak:0.00M | Scene, ViewLayer | Synchronizing object | Horizontal mullion.036
Fra:14 Mem:82.32M (Peak 86.05M) | Time:00:00.07 | Mem:0.00M, Peak:0.00M | Scene, ViewLayer | Synchronizing object | Horizontal mullion.037
Fra:14 Mem:82.33M (Peak 86.05M) | Time:00:00.07 | Mem:0.00M, Peak:0.00M | Scene, ViewLayer | Synchronizing object | Horizontal mullion.038
Fra:14 Mem:82.33M (Peak 86.05M) | Time:00:00.07 | Mem:0.00M, Peak:0.00M | Scene, ViewLayer | Synchronizing object | Horizontal mullion.039
Fra:14 Mem:82.34M (Peak 86.05M) | Time:00:00.07 | Mem:0.00M, Peak:0.00M | Scene, ViewLayer | Synchronizing object | Horizontal mullion.040
Fra:14 Mem:82.34M (Peak 86.05M) | Time:00:00.07 | Mem:0.00M, Peak:0.00M | Scene, ViewLayer | Synchronizing object | Vertical mullion.023
Fra:14 Mem:82.36M (Peak 86.05M) | Time:00:00.07 | Mem:0.00M, Peak:0.00M | Scene, ViewLayer | Synchronizing object | Vertical mullion.024
Fra:14 Mem:82.35M (Peak 86.05M) | Time:00:00.07 | Mem:0.00M, Peak:0.00M | Scene, ViewLayer | Synchronizing object | Vertical mullion.026
Fra:14 Mem:82.35M (Peak 86.05M) | Time:00:00.07 | Mem:0.00M, Peak:0.00M | Scene, ViewLayer | Synchronizing object | Vertical mullion.027
Fra:14 Mem:82.36M (Peak 86.05M) | Time:00:00.07 | Mem:0.00M, Peak:0.00M | Scene, ViewLayer | Synchronizing object | Primary rib.005
Fra:14 Mem:82.36M (Peak 86.05M) | Time:00:00.07 | Mem:0.00M, Peak:0.00M | Scene, ViewLayer | Synchronizing object | Curved eave panel.005
Fra:14 Mem:82.36M (Peak 86.05M) | Time:00:00.07 | Mem:0.00M, Peak:0.00M | Scene, ViewLayer | Synchronizing object | Roof rib.005
Fra:14 Mem:82.36M (Peak 86.05M) | Time:00:00.07 | Mem:0.00M, Peak:0.00M | Scene, ViewLayer | Synchronizing object | Stone terrace.005
Fra:14 Mem:82.37M (Peak 86.05M) | Time:00:00.07 | Mem:0.00M, Peak:0.00M | Scene, ViewLayer | Synchronizing object | Glazed bay.018
Fra:14 Mem:82.39M (Peak 86.05M) | Time:00:00.07 | Mem:0.00M, Peak:0.00M | Scene, ViewLayer | Synchronizing object | Glazed bay.019
Fra:14 Mem:82.38M (Peak 86.05M) | Time:00:00.07 | Mem:0.00M, Peak:0.00M | Scene, ViewLayer | Synchronizing object | Medical vest cross
Fra:14 Mem:82.41M (Peak 86.05M) | Time:00:00.07 | Mem:0.00M, Peak:0.00M | Scene, ViewLayer | Synchronizing object | Horizontal mullion.042
Fra:14 Mem:82.43M (Peak 86.05M) | Time:00:00.07 | Mem:0.00M, Peak:0.00M | Scene, ViewLayer | Synchronizing object | Horizontal mullion.043
Fra:14 Mem:82.42M (Peak 86.05M) | Time:00:00.07 | Mem:0.00M, Peak:0.00M | Scene, ViewLayer | Synchronizing object | Horizontal mullion.044
Fra:14 Mem:82.43M (Peak 86.05M) | Time:00:00.07 | Mem:0.00M, Peak:0.00M | Scene, ViewLayer | Synchronizing object | Horizontal mullion.045
Fra:14 Mem:82.44M (Peak 86.05M) | Time:00:00.07 | Mem:0.00M, Peak:0.00M | Scene, ViewLayer | Synchronizing object | Horizontal mullion.046
Fra:14 Mem:82.44M (Peak 86.05M) | Time:00:00.07 | Mem:0.00M, Peak:0.00M | Scene, ViewLayer | Synchronizing object | Horizontal mullion.047
Fra:14 Mem:82.44M (Peak 86.05M) | Time:00:00.07 | Mem:0.00M, Peak:0.00M | Scene, ViewLayer | Synchronizing object | Horizontal mullion.048
Fra:14 Mem:82.44M (Peak 86.05M) | Time:00:00.07 | Mem:0.00M, Peak:0.00M | Scene, ViewLayer | Synchronizing object | Vertical mullion.029
Fra:14 Mem:82.48M (Peak 86.05M) | Time:00:00.07 | Mem:0.00M, Peak:0.00M | Scene, ViewLayer | Synchronizing object | Primary rib.006
Fra:14 Mem:82.48M (Peak 86.05M) | Time:00:00.07 | Mem:0.00M, Peak:0.00M | Scene, ViewLayer | Synchronizing object | Curved eave panel.006
Fra:14 Mem:82.47M (Peak 86.05M) | Time:00:00.07 | Mem:0.00M, Peak:0.00M | Scene, ViewLayer | Synchronizing object | Eave silver edge.006
Fra:14 Mem:82.46M (Peak 86.05M) | Time:00:00.07 | Mem:0.00M, Peak:0.00M | Scene, ViewLayer | Synchronizing object | Hair.001
Fra:14 Mem:82.46M (Peak 86.05M) | Time:00:00.07 | Mem:0.00M, Peak:0.00M | Scene, ViewLayer | Synchronizing object | Glazed bay.021
Fra:14 Mem:82.53M (Peak 86.05M) | Time:00:00.07 | Mem:0.00M, Peak:0.00M | Scene, ViewLayer | Synchronizing object | Adult head.002
Fra:14 Mem:82.53M (Peak 86.05M) | Time:00:00.07 | Mem:0.00M, Peak:0.00M | Scene, ViewLayer | Synchronizing object | Glazed bay.022
Fra:14 Mem:82.52M (Peak 86.05M) | Time:00:00.07 | Mem:0.00M, Peak:0.00M | Scene, ViewLayer | Synchronizing object | Horizontal mullion.049
Fra:14 Mem:82.57M (Peak 86.05M) | Time:00:00.07 | Mem:0.00M, Peak:0.00M | Scene, ViewLayer | Synchronizing object | Glove.005
Fra:14 Mem:82.60M (Peak 86.05M) | Time:00:00.07 | Mem:0.00M, Peak:0.00M | Scene, ViewLayer | Synchronizing object | Horizontal mullion.050
Fra:14 Mem:82.58M (Peak 86.05M) | Time:00:00.07 | Mem:0.00M, Peak:0.00M | Scene, ViewLayer | Synchronizing object | Horizontal mullion.051
Fra:14 Mem:82.58M (Peak 86.05M) | Time:00:00.07 | Mem:0.00M, Peak:0.00M | Scene, ViewLayer | Synchronizing object | Horizontal mullion.053
Fra:14 Mem:82.59M (Peak 86.05M) | Time:00:00.07 | Mem:0.00M, Peak:0.00M | Scene, ViewLayer | Synchronizing object | Jacket upper sleeve.005
Fra:14 Mem:82.59M (Peak 86.05M) | Time:00:00.07 | Mem:0.00M, Peak:0.00M | Scene, ViewLayer | Synchronizing object | Horizontal mullion.055
Fra:14 Mem:82.60M (Peak 86.05M) | Time:00:00.07 | Mem:0.00M, Peak:0.00M | Scene, ViewLayer | Synchronizing object | Boot.005
Fra:14 Mem:82.60M (Peak 86.05M) | Time:00:00.07 | Mem:0.00M, Peak:0.00M | Scene, ViewLayer | Synchronizing object | Vertical mullion.030
Fra:14 Mem:82.62M (Peak 86.05M) | Time:00:00.07 | Mem:0.00M, Peak:0.00M | Scene, ViewLayer | Synchronizing object | Trouser shin.005
Fra:14 Mem:82.63M (Peak 86.05M) | Time:00:00.07 | Mem:0.00M, Peak:0.00M | Scene, ViewLayer | Synchronizing object | Primary rib.007
Fra:14 Mem:82.63M (Peak 86.05M) | Time:00:00.07 | Mem:0.00M, Peak:0.00M | Scene, ViewLayer | Synchronizing object | Trouser thigh.005
Fra:14 Mem:82.63M (Peak 86.05M) | Time:00:00.07 | Mem:0.00M, Peak:0.00M | Scene, ViewLayer | Synchronizing object | Curved eave panel.007
Fra:14 Mem:82.64M (Peak 86.05M) | Time:00:00.07 | Mem:0.00M, Peak:0.00M | Scene, ViewLayer | Synchronizing object | Eave silver edge.007
Fra:14 Mem:82.64M (Peak 86.05M) | Time:00:00.07 | Mem:0.00M, Peak:0.00M | Scene, ViewLayer | Synchronizing object | Stone terrace.007
Fra:14 Mem:82.65M (Peak 86.05M) | Time:00:00.07 | Mem:0.00M, Peak:0.00M | Scene, ViewLayer | Synchronizing object | Entrance door.004
Fra:14 Mem:82.66M (Peak 86.05M) | Time:00:00.07 | Mem:0.00M, Peak:0.00M | Scene, ViewLayer | Synchronizing object | Glove.004
Fra:14 Mem:82.69M (Peak 86.05M) | Time:00:00.07 | Mem:0.00M, Peak:0.00M | Scene, ViewLayer | Synchronizing object | Jacket forearm.004
Fra:14 Mem:82.70M (Peak 86.05M) | Time:00:00.07 | Mem:0.00M, Peak:0.00M | Scene, ViewLayer | Synchronizing object | Jacket upper sleeve.004
Fra:14 Mem:82.71M (Peak 86.05M) | Time:00:00.07 | Mem:0.00M, Peak:0.00M | Scene, ViewLayer | Synchronizing object | Door glazing.004
Fra:14 Mem:82.69M (Peak 86.05M) | Time:00:00.07 | Mem:0.00M, Peak:0.00M | Scene, ViewLayer | Synchronizing object | Door handle.004
Fra:14 Mem:82.72M (Peak 86.05M) | Time:00:00.07 | Mem:0.00M, Peak:0.00M | Scene, ViewLayer | Synchronizing object | Entrance door.005
Fra:14 Mem:82.72M (Peak 86.05M) | Time:00:00.07 | Mem:0.00M, Peak:0.00M | Scene, ViewLayer | Synchronizing object | Door glazing.005
Fra:14 Mem:82.76M (Peak 86.05M) | Time:00:00.07 | Mem:0.00M, Peak:0.00M | Scene, ViewLayer | Synchronizing object | Door handle.005
Fra:14 Mem:82.77M (Peak 86.05M) | Time:00:00.07 | Mem:0.00M, Peak:0.00M | Scene, ViewLayer | Synchronizing object | Entrance canopy.002
Fra:14 Mem:82.77M (Peak 86.05M) | Time:00:00.07 | Mem:0.00M, Peak:0.00M | Scene, ViewLayer | Synchronizing object | Trouser shin.004
Fra:14 Mem:82.78M (Peak 86.05M) | Time:00:00.07 | Mem:0.00M, Peak:0.00M | Scene, ViewLayer | Synchronizing object | Canopy column.005
Fra:14 Mem:82.78M (Peak 86.05M) | Time:00:00.07 | Mem:0.00M, Peak:0.00M | Scene, ViewLayer | Synchronizing object | Trouser thigh.004
Fra:14 Mem:82.79M (Peak 86.05M) | Time:00:00.07 | Mem:0.00M, Peak:0.00M | Scene, ViewLayer | Synchronizing object | Terrace stairs.016
Fra:14 Mem:82.78M (Peak 86.05M) | Time:00:00.07 | Mem:0.00M, Peak:0.00M | Scene, ViewLayer | Synchronizing object | Terrace stairs.017
Fra:14 Mem:82.79M (Peak 86.05M) | Time:00:00.07 | Mem:0.00M, Peak:0.00M | Scene, ViewLayer | Synchronizing object | Jacket.002
Fra:14 Mem:82.85M (Peak 86.05M) | Time:00:00.07 | Mem:0.00M, Peak:0.00M | Scene, ViewLayer | Synchronizing object | Pelvis.002
Fra:14 Mem:82.86M (Peak 86.05M) | Time:00:00.07 | Mem:0.00M, Peak:0.00M | Scene, ViewLayer | Synchronizing object | Terrace stairs.018
Fra:14 Mem:82.84M (Peak 86.05M) | Time:00:00.07 | Mem:0.00M, Peak:0.00M | Scene, ViewLayer | Synchronizing object | Terrace stairs.020
Fra:14 Mem:82.90M (Peak 86.05M) | Time:00:00.07 | Mem:0.00M, Peak:0.00M | Scene, ViewLayer | Synchronizing object | Terrace stairs.021
Fra:14 Mem:82.93M (Peak 86.05M) | Time:00:00.07 | Mem:0.00M, Peak:0.00M | Scene, ViewLayer | Synchronizing object | Terrace stairs.022
Fra:14 Mem:82.92M (Peak 86.05M) | Time:00:00.07 | Mem:0.00M, Peak:0.00M | Scene, ViewLayer | Synchronizing object | Jacket reflective strip
Fra:14 Mem:82.95M (Peak 86.05M) | Time:00:00.07 | Mem:0.00M, Peak:0.00M | Scene, ViewLayer | Synchronizing object | Terrace stairs.023
Fra:14 Mem:82.98M (Peak 86.05M) | Time:00:00.07 | Mem:0.00M, Peak:0.00M | Scene, ViewLayer | Synchronizing object | Glazed bay.024
Fra:14 Mem:82.97M (Peak 86.05M) | Time:00:00.07 | Mem:0.00M, Peak:0.00M | Scene, ViewLayer | Synchronizing object | Glazed bay.025
Fra:14 Mem:82.98M (Peak 86.05M) | Time:00:00.07 | Mem:0.00M, Peak:0.00M | Scene, ViewLayer | Synchronizing object | Breathing air cylinder.001
Fra:14 Mem:82.98M (Peak 86.05M) | Time:00:00.07 | Mem:0.00M, Peak:0.00M | Scene, ViewLayer | Synchronizing object | Glazed bay.026
Fra:14 Mem:82.99M (Peak 86.05M) | Time:00:00.07 | Mem:0.00M, Peak:0.00M | Scene, ViewLayer | Synchronizing object | Breathing air cylinder
Fra:14 Mem:83.01M (Peak 86.05M) | Time:00:00.07 | Mem:0.00M, Peak:0.00M | Scene, ViewLayer | Synchronizing object | Face shield
Fra:14 Mem:83.01M (Peak 86.05M) | Time:00:00.07 | Mem:0.00M, Peak:0.00M | Scene, ViewLayer | Synchronizing object | Horizontal mullion.056
Fra:14 Mem:83.03M (Peak 86.05M) | Time:00:00.07 | Mem:0.00M, Peak:0.00M | Scene, ViewLayer | Synchronizing object | Horizontal mullion.057
Fra:14 Mem:83.03M (Peak 86.05M) | Time:00:00.07 | Mem:0.00M, Peak:0.00M | Scene, ViewLayer | Synchronizing object | Horizontal mullion.058
Fra:14 Mem:83.02M (Peak 86.05M) | Time:00:00.07 | Mem:0.00M, Peak:0.00M | Scene, ViewLayer | Synchronizing object | Horizontal mullion.060
Fra:14 Mem:83.04M (Peak 86.05M) | Time:00:00.07 | Mem:0.00M, Peak:0.00M | Scene, ViewLayer | Synchronizing object | Horizontal mullion.061
Fra:14 Mem:83.02M (Peak 86.05M) | Time:00:00.07 | Mem:0.00M, Peak:0.00M | Scene, ViewLayer | Synchronizing object | Helmet brim
Fra:14 Mem:83.03M (Peak 86.05M) | Time:00:00.07 | Mem:0.00M, Peak:0.00M | Scene, ViewLayer | Synchronizing object | Vertical mullion.033
Fra:14 Mem:83.07M (Peak 86.05M) | Time:00:00.07 | Mem:0.00M, Peak:0.00M | Scene, ViewLayer | Synchronizing object | Primary rib.008
Fra:14 Mem:83.06M (Peak 86.05M) | Time:00:00.07 | Mem:0.00M, Peak:0.00M | Scene, ViewLayer | Synchronizing object | Eave silver edge.008
Fra:14 Mem:83.06M (Peak 86.05M) | Time:00:00.07 | Mem:0.00M, Peak:0.00M | Scene, ViewLayer | Synchronizing object | Roof rib.008
Fra:14 Mem:83.06M (Peak 86.05M) | Time:00:00.07 | Mem:0.00M, Peak:0.00M | Scene, ViewLayer | Synchronizing object | Stone terrace.008
Fra:14 Mem:83.06M (Peak 86.05M) | Time:00:00.07 | Mem:0.00M, Peak:0.00M | Scene, ViewLayer | Synchronizing object | Safety helmet
Fra:14 Mem:83.08M (Peak 86.05M) | Time:00:00.07 | Mem:0.00M, Peak:0.00M | Scene, ViewLayer | Synchronizing object | Glazed bay.027
Fra:14 Mem:83.09M (Peak 86.05M) | Time:00:00.07 | Mem:0.00M, Peak:0.00M | Scene, ViewLayer | Synchronizing object | Adult head.001
Fra:14 Mem:83.12M (Peak 86.05M) | Time:00:00.07 | Mem:0.00M, Peak:0.00M | Scene, ViewLayer | Synchronizing object | Glazed bay.028
Fra:14 Mem:83.12M (Peak 86.05M) | Time:00:00.07 | Mem:0.00M, Peak:0.00M | Scene, ViewLayer | Synchronizing object | Neck.001
Fra:14 Mem:83.16M (Peak 86.05M) | Time:00:00.07 | Mem:0.00M, Peak:0.00M | Scene, ViewLayer | Synchronizing object | Glazed bay.029
Fra:14 Mem:83.14M (Peak 86.05M) | Time:00:00.07 | Mem:0.00M, Peak:0.00M | Scene, ViewLayer | Synchronizing object | Sleeve reflective band.001
Fra:14 Mem:83.16M (Peak 86.05M) | Time:00:00.07 | Mem:0.00M, Peak:0.00M | Scene, ViewLayer | Synchronizing object | Horizontal mullion.063
Fra:14 Mem:83.17M (Peak 86.05M) | Time:00:00.07 | Mem:0.00M, Peak:0.00M | Scene, ViewLayer | Synchronizing object | Glove.003
Fra:14 Mem:83.17M (Peak 86.05M) | Time:00:00.07 | Mem:0.00M, Peak:0.00M | Scene, ViewLayer | Synchronizing object | Horizontal mullion.064
Fra:14 Mem:83.18M (Peak 86.05M) | Time:00:00.07 | Mem:0.00M, Peak:0.00M | Scene, ViewLayer | Synchronizing object | Horizontal mullion.065
Fra:14 Mem:83.19M (Peak 86.05M) | Time:00:00.07 | Mem:0.00M, Peak:0.00M | Scene, ViewLayer | Synchronizing object | Horizontal mullion.066
Fra:14 Mem:83.18M (Peak 86.05M) | Time:00:00.07 | Mem:0.00M, Peak:0.00M | Scene, ViewLayer | Synchronizing object | Horizontal mullion.067
Fra:14 Mem:83.19M (Peak 86.05M) | Time:00:00.07 | Mem:0.00M, Peak:0.00M | Scene, ViewLayer | Synchronizing object | Horizontal mullion.068
Fra:14 Mem:83.19M (Peak 86.05M) | Time:00:00.07 | Mem:0.00M, Peak:0.00M | Scene, ViewLayer | Synchronizing object | Horizontal mullion.069
Fra:14 Mem:83.19M (Peak 86.05M) | Time:00:00.07 | Mem:0.00M, Peak:0.00M | Scene, ViewLayer | Synchronizing object | Vertical mullion.034
Fra:14 Mem:83.20M (Peak 86.05M) | Time:00:00.07 | Mem:0.00M, Peak:0.00M | Scene, ViewLayer | Synchronizing object | Vertical mullion.035
Fra:14 Mem:83.20M (Peak 86.05M) | Time:00:00.07 | Mem:0.00M, Peak:0.00M | Scene, ViewLayer | Synchronizing object | Vertical mullion.037
Fra:14 Mem:83.21M (Peak 86.05M) | Time:00:00.07 | Mem:0.00M, Peak:0.00M | Scene, ViewLayer | Synchronizing object | Ankle reflective band.001
Fra:14 Mem:83.22M (Peak 86.05M) | Time:00:00.07 | Mem:0.00M, Peak:0.00M | Scene, ViewLayer | Synchronizing object | Curved eave panel.009
Fra:14 Mem:83.22M (Peak 86.05M) | Time:00:00.07 | Mem:0.00M, Peak:0.00M | Scene, ViewLayer | Synchronizing object | Boot.003
Fra:14 Mem:83.23M (Peak 86.05M) | Time:00:00.07 | Mem:0.00M, Peak:0.00M | Scene, ViewLayer | Synchronizing object | Eave silver edge.009
Fra:14 Mem:83.24M (Peak 86.05M) | Time:00:00.07 | Mem:0.00M, Peak:0.00M | Scene, ViewLayer | Synchronizing object | Roof rib.009
Fra:14 Mem:83.25M (Peak 86.05M) | Time:00:00.07 | Mem:0.00M, Peak:0.00M | Scene, ViewLayer | Synchronizing object | Stone terrace.009
Fra:14 Mem:83.25M (Peak 86.05M) | Time:00:00.07 | Mem:0.00M, Peak:0.00M | Scene, ViewLayer | Synchronizing object | Glazed bay.031
Fra:14 Mem:83.30M (Peak 86.05M) | Time:00:00.07 | Mem:0.00M, Peak:0.00M | Scene, ViewLayer | Synchronizing object | Trouser thigh.003
Fra:14 Mem:83.32M (Peak 86.05M) | Time:00:00.07 | Mem:0.00M, Peak:0.00M | Scene, ViewLayer | Synchronizing object | Sleeve reflective band
Fra:14 Mem:83.31M (Peak 86.05M) | Time:00:00.07 | Mem:0.00M, Peak:0.00M | Scene, ViewLayer | Synchronizing object | Glove.002
Fra:14 Mem:83.33M (Peak 86.05M) | Time:00:00.07 | Mem:0.00M, Peak:0.00M | Scene, ViewLayer | Synchronizing object | Glazed bay.032
Fra:14 Mem:83.31M (Peak 86.05M) | Time:00:00.07 | Mem:0.00M, Peak:0.00M | Scene, ViewLayer | Synchronizing object | Jacket forearm.002
Fra:14 Mem:83.32M (Peak 86.05M) | Time:00:00.07 | Mem:0.00M, Peak:0.00M | Scene, ViewLayer | Synchronizing object | Horizontal mullion.071
Fra:14 Mem:83.35M (Peak 86.05M) | Time:00:00.07 | Mem:0.00M, Peak:0.00M | Scene, ViewLayer | Synchronizing object | Jacket upper sleeve.002
Fra:14 Mem:83.34M (Peak 86.05M) | Time:00:00.07 | Mem:0.00M, Peak:0.00M | Scene, ViewLayer | Synchronizing object | Horizontal mullion.073
Fra:14 Mem:83.35M (Peak 86.05M) | Time:00:00.07 | Mem:0.00M, Peak:0.00M | Scene, ViewLayer | Synchronizing object | Ankle reflective band
Fra:14 Mem:83.37M (Peak 86.05M) | Time:00:00.07 | Mem:0.00M, Peak:0.00M | Scene, ViewLayer | Synchronizing object | Boot.002
Fra:14 Mem:83.35M (Peak 86.05M) | Time:00:00.07 | Mem:0.00M, Peak:0.00M | Scene, ViewLayer | Synchronizing object | Horizontal mullion.076
Fra:14 Mem:83.36M (Peak 86.05M) | Time:00:00.07 | Mem:0.00M, Peak:0.00M | Scene, ViewLayer | Synchronizing object | Vertical mullion.039
Fra:14 Mem:83.39M (Peak 86.05M) | Time:00:00.07 | Mem:0.00M, Peak:0.00M | Scene, ViewLayer | Synchronizing object | Vertical mullion.040
Fra:14 Mem:83.38M (Peak 86.05M) | Time:00:00.07 | Mem:0.00M, Peak:0.00M | Scene, ViewLayer | Synchronizing object | Vertical mullion.041
Fra:14 Mem:83.38M (Peak 86.05M) | Time:00:00.07 | Mem:0.00M, Peak:0.00M | Scene, ViewLayer | Synchronizing object | Trouser shin.002
Fra:14 Mem:83.38M (Peak 86.05M) | Time:00:00.07 | Mem:0.00M, Peak:0.00M | Scene, ViewLayer | Synchronizing object | Vertical mullion.043
Fra:14 Mem:83.39M (Peak 86.05M) | Time:00:00.07 | Mem:0.00M, Peak:0.00M | Scene, ViewLayer | Synchronizing object | Trouser thigh.002
Fra:14 Mem:83.40M (Peak 86.05M) | Time:00:00.07 | Mem:0.00M, Peak:0.00M | Scene, ViewLayer | Synchronizing object | Curved eave panel.010
Fra:14 Mem:83.40M (Peak 86.05M) | Time:00:00.07 | Mem:0.00M, Peak:0.00M | Scene, ViewLayer | Synchronizing object | Jacket.001
Fra:14 Mem:83.42M (Peak 86.05M) | Time:00:00.07 | Mem:0.00M, Peak:0.00M | Scene, ViewLayer | Synchronizing object | Pelvis.001
Fra:14 Mem:83.43M (Peak 86.05M) | Time:00:00.07 | Mem:0.00M, Peak:0.00M | Scene, ViewLayer | Synchronizing object | Stone terrace.010
Fra:14 Mem:83.46M (Peak 86.05M) | Time:00:00.07 | Mem:0.00M, Peak:0.00M | Scene, ViewLayer | Synchronizing object | Entrance door.006
Fra:14 Mem:83.46M (Peak 86.05M) | Time:00:00.07 | Mem:0.00M, Peak:0.00M | Scene, ViewLayer | Synchronizing object | Door glazing.006
Fra:14 Mem:83.48M (Peak 86.05M) | Time:00:00.07 | Mem:0.00M, Peak:0.00M | Scene, ViewLayer | Synchronizing object | Door handle.006
Fra:14 Mem:83.54M (Peak 86.05M) | Time:00:00.07 | Mem:0.00M, Peak:0.00M | Scene, ViewLayer | Synchronizing object | Entrance door.007
Fra:14 Mem:83.51M (Peak 86.05M) | Time:00:00.07 | Mem:0.00M, Peak:0.00M | Scene, ViewLayer | Synchronizing object | Operations vest
Fra:14 Mem:83.51M (Peak 86.05M) | Time:00:00.07 | Mem:0.00M, Peak:0.00M | Scene, ViewLayer | Synchronizing object | Door handle.007
Fra:14 Mem:83.53M (Peak 86.05M) | Time:00:00.07 | Mem:0.00M, Peak:0.00M | Scene, ViewLayer | Synchronizing object | Entrance canopy.003
Fra:14 Mem:83.57M (Peak 86.05M) | Time:00:00.07 | Mem:0.00M, Peak:0.00M | Scene, ViewLayer | Synchronizing object | Canopy column.006
Fra:14 Mem:83.58M (Peak 86.05M) | Time:00:00.07 | Mem:0.00M, Peak:0.00M | Scene, ViewLayer | Synchronizing object | Canopy column.007
Fra:14 Mem:83.58M (Peak 86.05M) | Time:00:00.07 | Mem:0.00M, Peak:0.00M | Scene, ViewLayer | Synchronizing object | Terrace stairs.024
Fra:14 Mem:83.58M (Peak 86.05M) | Time:00:00.07 | Mem:0.00M, Peak:0.00M | Scene, ViewLayer | Synchronizing object | Hair
Fra:14 Mem:83.58M (Peak 86.05M) | Time:00:00.07 | Mem:0.00M, Peak:0.00M | Scene, ViewLayer | Synchronizing object | Terrace stairs.025
Fra:14 Mem:83.59M (Peak 86.05M) | Time:00:00.07 | Mem:0.00M, Peak:0.00M | Scene, ViewLayer | Synchronizing object | Terrace stairs.026
Fra:14 Mem:83.60M (Peak 86.05M) | Time:00:00.07 | Mem:0.00M, Peak:0.00M | Scene, ViewLayer | Synchronizing object | Adult head
Fra:14 Mem:83.65M (Peak 86.05M) | Time:00:00.07 | Mem:0.00M, Peak:0.00M | Scene, ViewLayer | Synchronizing object | Neck
Fra:14 Mem:83.64M (Peak 86.05M) | Time:00:00.07 | Mem:0.00M, Peak:0.00M | Scene, ViewLayer | Synchronizing object | Terrace stairs.027
Fra:14 Mem:83.67M (Peak 86.05M) | Time:00:00.07 | Mem:0.00M, Peak:0.00M | Scene, ViewLayer | Synchronizing object | Glove.001
Fra:14 Mem:83.67M (Peak 86.05M) | Time:00:00.07 | Mem:0.00M, Peak:0.00M | Scene, ViewLayer | Synchronizing object | Terrace stairs.028
Fra:14 Mem:83.67M (Peak 86.05M) | Time:00:00.07 | Mem:0.00M, Peak:0.00M | Scene, ViewLayer | Synchronizing object | Terrace stairs.029
Fra:14 Mem:83.71M (Peak 86.05M) | Time:00:00.07 | Mem:0.00M, Peak:0.00M | Scene, ViewLayer | Synchronizing object | Jacket forearm.001
Fra:14 Mem:83.70M (Peak 86.05M) | Time:00:00.07 | Mem:0.00M, Peak:0.00M | Scene, ViewLayer | Synchronizing object | Terrace stairs.030
Fra:14 Mem:83.72M (Peak 86.05M) | Time:00:00.07 | Mem:0.00M, Peak:0.00M | Scene, ViewLayer | Synchronizing object | Jacket upper sleeve.001
Fra:14 Mem:83.75M (Peak 86.05M) | Time:00:00.07 | Mem:0.00M, Peak:0.00M | Scene, ViewLayer | Synchronizing object | Boot.001
Fra:14 Mem:83.74M (Peak 86.05M) | Time:00:00.07 | Mem:0.00M, Peak:0.00M | Scene, ViewLayer | Synchronizing object | Terrace stairs.031
Fra:14 Mem:83.76M (Peak 86.05M) | Time:00:00.07 | Mem:0.00M, Peak:0.00M | Scene, ViewLayer | Synchronizing object | Trouser shin.001
Fra:14 Mem:83.75M (Peak 86.05M) | Time:00:00.07 | Mem:0.00M, Peak:0.00M | Scene, ViewLayer | Synchronizing object | Glazed bay.033
Fra:14 Mem:83.78M (Peak 86.05M) | Time:00:00.07 | Mem:0.00M, Peak:0.00M | Scene, ViewLayer | Synchronizing object | Trouser thigh.001
Fra:14 Mem:83.77M (Peak 86.05M) | Time:00:00.07 | Mem:0.00M, Peak:0.00M | Scene, ViewLayer | Synchronizing object | Glazed bay.034
Fra:14 Mem:83.78M (Peak 86.05M) | Time:00:00.07 | Mem:0.00M, Peak:0.00M | Scene, ViewLayer | Synchronizing object | Glove
Fra:14 Mem:83.80M (Peak 86.05M) | Time:00:00.07 | Mem:0.00M, Peak:0.00M | Scene, ViewLayer | Synchronizing object | Jacket forearm
Fra:14 Mem:83.81M (Peak 86.05M) | Time:00:00.07 | Mem:0.00M, Peak:0.00M | Scene, ViewLayer | Synchronizing object | Glazed bay.035
Fra:14 Mem:83.80M (Peak 86.05M) | Time:00:00.07 | Mem:0.00M, Peak:0.00M | Scene, ViewLayer | Synchronizing object | Horizontal mullion.077
Fra:14 Mem:83.83M (Peak 86.05M) | Time:00:00.07 | Mem:0.00M, Peak:0.00M | Scene, ViewLayer | Synchronizing object | Jacket upper sleeve
Fra:14 Mem:83.82M (Peak 86.05M) | Time:00:00.07 | Mem:0.00M, Peak:0.00M | Scene, ViewLayer | Synchronizing object | Horizontal mullion.078
Fra:14 Mem:83.82M (Peak 86.05M) | Time:00:00.07 | Mem:0.00M, Peak:0.00M | Scene, ViewLayer | Synchronizing object | Boot
Fra:14 Mem:83.84M (Peak 86.05M) | Time:00:00.07 | Mem:0.00M, Peak:0.00M | Scene, ViewLayer | Synchronizing object | Horizontal mullion.080
Fra:14 Mem:83.84M (Peak 86.05M) | Time:00:00.07 | Mem:0.00M, Peak:0.00M | Scene, ViewLayer | Synchronizing object | Horizontal mullion.081
Fra:14 Mem:83.86M (Peak 86.05M) | Time:00:00.07 | Mem:0.00M, Peak:0.00M | Scene, ViewLayer | Synchronizing object | Trouser shin
Fra:14 Mem:83.85M (Peak 86.05M) | Time:00:00.07 | Mem:0.00M, Peak:0.00M | Scene, ViewLayer | Synchronizing object | Horizontal mullion.083
Fra:14 Mem:83.85M (Peak 86.05M) | Time:00:00.07 | Mem:0.00M, Peak:0.00M | Scene, ViewLayer | Synchronizing object | Vertical mullion.044
Fra:14 Mem:83.85M (Peak 86.05M) | Time:00:00.07 | Mem:0.00M, Peak:0.00M | Scene, ViewLayer | Synchronizing object | Vertical mullion.045
Fra:14 Mem:83.86M (Peak 86.05M) | Time:00:00.07 | Mem:0.00M, Peak:0.00M | Scene, ViewLayer | Synchronizing object | Primary rib.011
Fra:14 Mem:83.86M (Peak 86.05M) | Time:00:00.07 | Mem:0.00M, Peak:0.00M | Scene, ViewLayer | Synchronizing object | Curved eave panel.011
Fra:14 Mem:83.87M (Peak 86.05M) | Time:00:00.07 | Mem:0.00M, Peak:0.00M | Scene, ViewLayer | Synchronizing object | Jacket
Fra:14 Mem:83.87M (Peak 86.05M) | Time:00:00.07 | Mem:0.00M, Peak:0.00M | Scene, ViewLayer | Synchronizing object | Roof rib.011
Fra:14 Mem:83.87M (Peak 86.05M) | Time:00:00.07 | Mem:0.00M, Peak:0.00M | Scene, ViewLayer | Synchronizing object | Stone terrace.011
Fra:14 Mem:83.88M (Peak 86.05M) | Time:00:00.07 | Mem:0.00M, Peak:0.00M | Scene, ViewLayer | Synchronizing object | Glazed bay.036
Fra:14 Mem:83.89M (Peak 86.05M) | Time:00:00.07 | Mem:0.00M, Peak:0.00M | Scene, ViewLayer | Synchronizing object | Glazed bay.037
Fra:14 Mem:83.95M (Peak 86.05M) | Time:00:00.07 | Mem:0.00M, Peak:0.00M | Scene, ViewLayer | Synchronizing object | Pelvis
Fra:14 Mem:83.96M (Peak 86.05M) | Time:00:00.07 | Mem:0.00M, Peak:0.00M | Scene, ViewLayer | Synchronizing object | Emergency beacon.003
Fra:14 Mem:83.96M (Peak 86.05M) | Time:00:00.07 | Mem:0.00M, Peak:0.00M | Scene, ViewLayer | Synchronizing object | Glazed bay.038
Fra:14 Mem:83.98M (Peak 86.05M) | Time:00:00.07 | Mem:0.00M, Peak:0.00M | Scene, ViewLayer | Synchronizing object | Horizontal mullion.084
Fra:14 Mem:83.98M (Peak 86.05M) | Time:00:00.07 | Mem:0.00M, Peak:0.00M | Scene, ViewLayer | Synchronizing object | Horizontal mullion.085
Fra:14 Mem:83.99M (Peak 86.05M) | Time:00:00.07 | Mem:0.00M, Peak:0.00M | Scene, ViewLayer | Synchronizing object | Horizontal mullion.086
Fra:14 Mem:84.00M (Peak 86.05M) | Time:00:00.07 | Mem:0.00M, Peak:0.00M | Scene, ViewLayer | Synchronizing object | Horizontal mullion.087
Fra:14 Mem:84.00M (Peak 86.05M) | Time:00:00.07 | Mem:0.00M, Peak:0.00M | Scene, ViewLayer | Synchronizing object | Horizontal mullion.088
Fra:14 Mem:83.99M (Peak 86.05M) | Time:00:00.07 | Mem:0.00M, Peak:0.00M | Scene, ViewLayer | Synchronizing object | Emergency beacon.002
Fra:14 Mem:83.99M (Peak 86.05M) | Time:00:00.07 | Mem:0.00M, Peak:0.00M | Scene, ViewLayer | Synchronizing object | Horizontal mullion.090
Fra:14 Mem:83.99M (Peak 86.05M) | Time:00:00.07 | Mem:0.00M, Peak:0.00M | Scene, ViewLayer | Synchronizing object | Vertical mullion.046
Fra:14 Mem:84.00M (Peak 86.05M) | Time:00:00.07 | Mem:0.00M, Peak:0.00M | Scene, ViewLayer | Synchronizing object | Primary rib.012
Fra:14 Mem:84.00M (Peak 86.05M) | Time:00:00.07 | Mem:0.00M, Peak:0.00M | Scene, ViewLayer | Synchronizing object | Curved eave panel.012
Fra:14 Mem:84.01M (Peak 86.05M) | Time:00:00.07 | Mem:0.00M, Peak:0.00M | Scene, ViewLayer | Synchronizing object | Roof rib.012
Fra:14 Mem:84.01M (Peak 86.05M) | Time:00:00.07 | Mem:0.00M, Peak:0.00M | Scene, ViewLayer | Synchronizing object | Stone terrace.012
Fra:14 Mem:84.04M (Peak 86.05M) | Time:00:00.07 | Mem:0.00M, Peak:0.00M | Scene, ViewLayer | Synchronizing object | Glazed bay.039
Fra:14 Mem:84.06M (Peak 86.05M) | Time:00:00.07 | Mem:0.00M, Peak:0.00M | Scene, ViewLayer | Synchronizing object | Glazed bay.040
Fra:14 Mem:84.07M (Peak 86.05M) | Time:00:00.07 | Mem:0.00M, Peak:0.00M | Scene, ViewLayer | Synchronizing object | Glazed bay.041
Fra:14 Mem:84.09M (Peak 86.05M) | Time:00:00.07 | Mem:0.00M, Peak:0.00M | Scene, ViewLayer | Synchronizing object | Lightbar housing.001
Fra:14 Mem:84.10M (Peak 86.05M) | Time:00:00.07 | Mem:0.00M, Peak:0.00M | Scene, ViewLayer | Synchronizing object | Horizontal mullion.091
Fra:14 Mem:84.11M (Peak 86.05M) | Time:00:00.07 | Mem:0.00M, Peak:0.00M | Scene, ViewLayer | Synchronizing object | Horizontal mullion.092
Fra:14 Mem:84.10M (Peak 86.05M) | Time:00:00.07 | Mem:0.00M, Peak:0.00M | Scene, ViewLayer | Synchronizing object | Horizontal mullion.093
Fra:14 Mem:84.11M (Peak 86.05M) | Time:00:00.07 | Mem:0.00M, Peak:0.00M | Scene, ViewLayer | Synchronizing object | Horizontal mullion.094
Fra:14 Mem:84.11M (Peak 86.05M) | Time:00:00.07 | Mem:0.00M, Peak:0.00M | Scene, ViewLayer | Synchronizing object | Horizontal mullion.095
Fra:14 Mem:84.14M (Peak 86.05M) | Time:00:00.07 | Mem:0.00M, Peak:0.00M | Scene, ViewLayer | Synchronizing object | Horizontal mullion.096
Fra:14 Mem:84.11M (Peak 86.05M) | Time:00:00.07 | Mem:0.00M, Peak:0.00M | Scene, ViewLayer | Synchronizing object | Vertical mullion.048
Fra:14 Mem:84.11M (Peak 86.05M) | Time:00:00.07 | Mem:0.00M, Peak:0.00M | Scene, ViewLayer | Synchronizing object | Vertical mullion.049
Fra:14 Mem:84.13M (Peak 86.05M) | Time:00:00.07 | Mem:0.00M, Peak:0.00M | Scene, ViewLayer | Synchronizing object | Vertical mullion.050
Fra:14 Mem:84.12M (Peak 86.05M) | Time:00:00.07 | Mem:0.00M, Peak:0.00M | Scene, ViewLayer | Synchronizing object | Primary rib.013
Fra:14 Mem:84.15M (Peak 86.05M) | Time:00:00.07 | Mem:0.00M, Peak:0.00M | Scene, ViewLayer | Synchronizing object | Curved eave panel.013
Fra:14 Mem:84.15M (Peak 86.05M) | Time:00:00.07 | Mem:0.00M, Peak:0.00M | Scene, ViewLayer | Synchronizing object | Eave silver edge.013
Fra:14 Mem:84.15M (Peak 86.05M) | Time:00:00.07 | Mem:0.00M, Peak:0.00M | Scene, ViewLayer | Synchronizing object | Stone terrace.013
Fra:14 Mem:84.16M (Peak 86.05M) | Time:00:00.07 | Mem:0.00M, Peak:0.00M | Scene, ViewLayer | Synchronizing object | Entrance door.008
Fra:14 Mem:84.17M (Peak 86.05M) | Time:00:00.07 | Mem:0.00M, Peak:0.00M | Scene, ViewLayer | Synchronizing object | Door glazing.008
Fra:14 Mem:84.21M (Peak 86.05M) | Time:00:00.07 | Mem:0.00M, Peak:0.00M | Scene, ViewLayer | Synchronizing object | Door handle.008
Fra:14 Mem:84.22M (Peak 86.05M) | Time:00:00.07 | Mem:0.00M, Peak:0.00M | Scene, ViewLayer | Synchronizing object | Entrance door.009
Fra:14 Mem:84.22M (Peak 86.05M) | Time:00:00.07 | Mem:0.00M, Peak:0.00M | Scene, ViewLayer | Synchronizing object | Door glazing.009
Fra:14 Mem:84.23M (Peak 86.05M) | Time:00:00.07 | Mem:0.00M, Peak:0.00M | Scene, ViewLayer | Synchronizing object | Radiator grille.001
Fra:14 Mem:84.24M (Peak 86.05M) | Time:00:00.07 | Mem:0.00M, Peak:0.00M | Scene, ViewLayer | Synchronizing object | Door handle.009
Fra:14 Mem:84.25M (Peak 86.05M) | Time:00:00.07 | Mem:0.00M, Peak:0.00M | Scene, ViewLayer | Synchronizing object | Entrance canopy.004
Fra:14 Mem:84.29M (Peak 86.05M) | Time:00:00.07 | Mem:0.00M, Peak:0.00M | Scene, ViewLayer | Synchronizing object | Canopy column.008
Fra:14 Mem:84.26M (Peak 86.05M) | Time:00:00.07 | Mem:0.00M, Peak:0.00M | Scene, ViewLayer | Synchronizing object | Canopy column.009
Fra:14 Mem:84.27M (Peak 86.05M) | Time:00:00.07 | Mem:0.00M, Peak:0.00M | Scene, ViewLayer | Synchronizing object | Front bumper.001
Fra:14 Mem:84.27M (Peak 86.05M) | Time:00:00.07 | Mem:0.00M, Peak:0.00M | Scene, ViewLayer | Synchronizing object | Terrace stairs.033
Fra:14 Mem:84.29M (Peak 86.05M) | Time:00:00.07 | Mem:0.00M, Peak:0.00M | Scene, ViewLayer | Synchronizing object | Terrace stairs.034
Fra:14 Mem:84.33M (Peak 86.05M) | Time:00:00.07 | Mem:0.00M, Peak:0.00M | Scene, ViewLayer | Synchronizing object | Wheel rim.007
Fra:14 Mem:84.34M (Peak 86.05M) | Time:00:00.07 | Mem:0.00M, Peak:0.00M | Scene, ViewLayer | Synchronizing object | Terrace stairs.035
Fra:14 Mem:84.32M (Peak 86.05M) | Time:00:00.07 | Mem:0.00M, Peak:0.00M | Scene, ViewLayer | Synchronizing object | Terrace stairs.036
Fra:14 Mem:84.33M (Peak 86.05M) | Time:00:00.07 | Mem:0.00M, Peak:0.00M | Scene, ViewLayer | Synchronizing object | Terrace stairs.037
Fra:14 Mem:84.37M (Peak 86.05M) | Time:00:00.07 | Mem:0.00M, Peak:0.00M | Scene, ViewLayer | Synchronizing object | Wheel rim.006
Fra:14 Mem:84.39M (Peak 86.05M) | Time:00:00.07 | Mem:0.00M, Peak:0.00M | Scene, ViewLayer | Synchronizing object | Tire.006
Fra:14 Mem:84.40M (Peak 86.05M) | Time:00:00.07 | Mem:0.00M, Peak:0.00M | Scene, ViewLayer | Synchronizing object | Wheel rim.005
Fra:14 Mem:84.41M (Peak 86.05M) | Time:00:00.07 | Mem:0.00M, Peak:0.00M | Scene, ViewLayer | Synchronizing object | Terrace stairs.038
Fra:14 Mem:84.40M (Peak 86.05M) | Time:00:00.07 | Mem:0.00M, Peak:0.00M | Scene, ViewLayer | Synchronizing object | Tire.005
Fra:14 Mem:84.41M (Peak 86.05M) | Time:00:00.07 | Mem:0.00M, Peak:0.00M | Scene, ViewLayer | Synchronizing object | Glazed bay.042
Fra:14 Mem:84.45M (Peak 86.05M) | Time:00:00.07 | Mem:0.00M, Peak:0.00M | Scene, ViewLayer | Synchronizing object | Wheel rim.004
Fra:14 Mem:84.44M (Peak 86.05M) | Time:00:00.07 | Mem:0.00M, Peak:0.00M | Scene, ViewLayer | Synchronizing object | Glazed bay.043
Fra:14 Mem:84.44M (Peak 86.05M) | Time:00:00.07 | Mem:0.00M, Peak:0.00M | Scene, ViewLayer | Synchronizing object | Tire.004
Fra:14 Mem:84.46M (Peak 86.05M) | Time:00:00.07 | Mem:0.00M, Peak:0.00M | Scene, ViewLayer | Synchronizing object | Glazed bay.044
Fra:14 Mem:84.46M (Peak 86.05M) | Time:00:00.07 | Mem:0.00M, Peak:0.00M | Scene, ViewLayer | Synchronizing object | Horizontal mullion.098
Fra:14 Mem:84.47M (Peak 86.05M) | Time:00:00.07 | Mem:0.00M, Peak:0.00M | Scene, ViewLayer | Synchronizing object | Horizontal mullion.099
Fra:14 Mem:84.52M (Peak 86.05M) | Time:00:00.07 | Mem:0.00M, Peak:0.00M | Scene, ViewLayer | Synchronizing object | Horizontal mullion.100
Fra:14 Mem:84.51M (Peak 86.05M) | Time:00:00.07 | Mem:0.00M, Peak:0.00M | Scene, ViewLayer | Synchronizing object | Horizontal mullion.101
Fra:14 Mem:84.51M (Peak 86.05M) | Time:00:00.07 | Mem:0.00M, Peak:0.00M | Scene, ViewLayer | Synchronizing object | Horizontal mullion.103
Fra:14 Mem:84.52M (Peak 86.05M) | Time:00:00.07 | Mem:0.00M, Peak:0.00M | Scene, ViewLayer | Synchronizing object | Horizontal mullion.104
Fra:14 Mem:84.53M (Peak 86.05M) | Time:00:00.07 | Mem:0.00M, Peak:0.00M | Scene, ViewLayer | Synchronizing object | Medical cross horizontal.001
Fra:14 Mem:84.53M (Peak 86.05M) | Time:00:00.07 | Mem:0.00M, Peak:0.00M | Scene, ViewLayer | Synchronizing object | Vertical mullion.052
Fra:14 Mem:84.55M (Peak 86.05M) | Time:00:00.07 | Mem:0.00M, Peak:0.00M | Scene, ViewLayer | Synchronizing object | Vertical mullion.053
Fra:14 Mem:84.56M (Peak 86.05M) | Time:00:00.07 | Mem:0.00M, Peak:0.00M | Scene, ViewLayer | Synchronizing object | Vertical mullion.054
Fra:14 Mem:84.57M (Peak 86.05M) | Time:00:00.07 | Mem:0.00M, Peak:0.00M | Scene, ViewLayer | Synchronizing object | Vertical mullion.055
Fra:14 Mem:84.56M (Peak 86.05M) | Time:00:00.07 | Mem:0.00M, Peak:0.00M | Scene, ViewLayer | Synchronizing object | Vertical mullion.056
Fra:14 Mem:84.56M (Peak 86.05M) | Time:00:00.07 | Mem:0.00M, Peak:0.00M | Scene, ViewLayer | Synchronizing object | Curved eave panel.014
Fra:14 Mem:84.56M (Peak 86.05M) | Time:00:00.07 | Mem:0.00M, Peak:0.00M | Scene, ViewLayer | Synchronizing object | Medical cross vertical.001
Fra:14 Mem:84.56M (Peak 86.05M) | Time:00:00.07 | Mem:0.00M, Peak:0.00M | Scene, ViewLayer | Synchronizing object | Roof rib.014
Fra:14 Mem:84.60M (Peak 86.05M) | Time:00:00.07 | Mem:0.00M, Peak:0.00M | Scene, ViewLayer | Synchronizing object | Stone terrace.014
Fra:14 Mem:84.59M (Peak 86.05M) | Time:00:00.07 | Mem:0.00M, Peak:0.00M | Scene, ViewLayer | Synchronizing object | Underframe
Fra:14 Mem:84.63M (Peak 86.05M) | Time:00:00.07 | Mem:0.00M, Peak:0.00M | Scene, ViewLayer | Synchronizing object | Patient window.001
Fra:14 Mem:84.73M (Peak 86.05M) | Time:00:00.07 | Mem:0.00M, Peak:0.00M | Scene, ViewLayer | Synchronizing object | Navy belt
Fra:14 Mem:84.73M (Peak 86.05M) | Time:00:00.07 | Mem:0.00M, Peak:0.00M | Scene, ViewLayer | Synchronizing object | Passenger window
Fra:14 Mem:84.78M (Peak 86.05M) | Time:00:00.07 | Mem:0.00M, Peak:0.00M | Scene, ViewLayer | Synchronizing object | Safety stripe.003
Fra:14 Mem:84.76M (Peak 86.05M) | Time:00:00.07 | Mem:0.00M, Peak:0.00M | Scene, ViewLayer | Synchronizing object | Passenger window.001
Fra:14 Mem:84.78M (Peak 86.05M) | Time:00:00.07 | Mem:0.00M, Peak:0.00M | Scene, ViewLayer | Synchronizing object | Passenger window.002
Fra:14 Mem:84.79M (Peak 86.05M) | Time:00:00.07 | Mem:0.00M, Peak:0.00M | Scene, ViewLayer | Synchronizing object | Wing mirror.003
Fra:14 Mem:84.80M (Peak 86.05M) | Time:00:00.07 | Mem:0.00M, Peak:0.00M | Scene, ViewLayer | Synchronizing object | Passenger window.003
Fra:14 Mem:84.82M (Peak 86.05M) | Time:00:00.07 | Mem:0.00M, Peak:0.00M | Scene, ViewLayer | Synchronizing object | Passenger window.004
Fra:14 Mem:84.82M (Peak 86.05M) | Time:00:00.07 | Mem:0.00M, Peak:0.00M | Scene, ViewLayer | Synchronizing object | Mirror arm.003
Fra:14 Mem:84.84M (Peak 86.05M) | Time:00:00.07 | Mem:0.00M, Peak:0.00M | Scene, ViewLayer | Synchronizing object | Cab handle.003
Fra:14 Mem:84.93M (Peak 86.05M) | Time:00:00.07 | Mem:0.00M, Peak:0.00M | Scene, ViewLayer | Synchronizing object | Passenger window.006
Fra:14 Mem:84.86M (Peak 86.05M) | Time:00:00.07 | Mem:0.00M, Peak:0.00M | Scene, ViewLayer | Synchronizing object | Passenger window.007
Fra:14 Mem:84.88M (Peak 86.05M) | Time:00:00.07 | Mem:0.00M, Peak:0.00M | Scene, ViewLayer | Synchronizing object | Cab side window.003
Fra:14 Mem:84.89M (Peak 86.05M) | Time:00:00.07 | Mem:0.00M, Peak:0.00M | Scene, ViewLayer | Synchronizing object | Passenger door
Fra:14 Mem:84.91M (Peak 86.05M) | Time:00:00.07 | Mem:0.00M, Peak:0.00M | Scene, ViewLayer | Synchronizing object | Door window
Fra:14 Mem:84.92M (Peak 86.05M) | Time:00:00.07 | Mem:0.00M, Peak:0.00M | Scene, ViewLayer | Synchronizing object | Passenger door.001
Fra:14 Mem:84.93M (Peak 86.05M) | Time:00:00.07 | Mem:0.00M, Peak:0.00M | Scene, ViewLayer | Synchronizing object | 119 side marking.002
Fra:14 Mem:84.98M (Peak 86.05M) | Time:00:00.07 | Mem:0.00M, Peak:0.00M | Scene, ViewLayer | Synchronizing object | Door window.001
Fra:14 Mem:84.96M (Peak 86.05M) | Time:00:00.07 | Mem:0.00M, Peak:0.00M | Scene, ViewLayer | Synchronizing object | Navy belt.001
Fra:14 Mem:84.99M (Peak 86.05M) | Time:00:00.07 | Mem:0.00M, Peak:0.00M | Scene, ViewLayer | Synchronizing object | Passenger window.008
Fra:14 Mem:85.02M (Peak 86.05M) | Time:00:00.07 | Mem:0.00M, Peak:0.00M | Scene, ViewLayer | Synchronizing object | Medical cross horizontal
Fra:14 Mem:85.03M (Peak 86.05M) | Time:00:00.07 | Mem:0.00M, Peak:0.00M | Scene, ViewLayer | Synchronizing object | Passenger window.009
Fra:14 Mem:85.03M (Peak 86.05M) | Time:00:00.07 | Mem:0.00M, Peak:0.00M | Scene, ViewLayer | Synchronizing object | Passenger window.010
Fra:14 Mem:85.04M (Peak 86.05M) | Time:00:00.07 | Mem:0.00M, Peak:0.00M | Scene, ViewLayer | Synchronizing object | Passenger window.011
Fra:14 Mem:85.07M (Peak 86.05M) | Time:00:00.07 | Mem:0.00M, Peak:0.00M | Scene, ViewLayer | Synchronizing object | Medical cross vertical
Fra:14 Mem:85.09M (Peak 86.05M) | Time:00:00.07 | Mem:0.00M, Peak:0.00M | Scene, ViewLayer | Synchronizing object | Passenger window.012
Fra:14 Mem:85.09M (Peak 86.05M) | Time:00:00.07 | Mem:0.00M, Peak:0.00M | Scene, ViewLayer | Synchronizing object | Passenger window.013
Fra:14 Mem:85.10M (Peak 86.05M) | Time:00:00.07 | Mem:0.00M, Peak:0.00M | Scene, ViewLayer | Synchronizing object | Passenger window.014
Fra:14 Mem:85.11M (Peak 86.05M) | Time:00:00.07 | Mem:0.00M, Peak:0.00M | Scene, ViewLayer | Synchronizing object | Patient window
Fra:14 Mem:85.14M (Peak 86.05M) | Time:00:00.07 | Mem:0.00M, Peak:0.00M | Scene, ViewLayer | Synchronizing object | Passenger window.015
Fra:14 Mem:85.14M (Peak 86.05M) | Time:00:00.07 | Mem:0.00M, Peak:0.00M | Scene, ViewLayer | Synchronizing object | Passenger door.002
Fra:14 Mem:85.17M (Peak 86.05M) | Time:00:00.07 | Mem:0.00M, Peak:0.00M | Scene, ViewLayer | Synchronizing object | Door window.002
Fra:14 Mem:85.16M (Peak 86.05M) | Time:00:00.07 | Mem:0.00M, Peak:0.00M | Scene, ViewLayer | Synchronizing object | Safety stripe.002
Fra:14 Mem:85.19M (Peak 86.05M) | Time:00:00.07 | Mem:0.00M, Peak:0.00M | Scene, ViewLayer | Synchronizing object | Passenger door.003
Fra:14 Mem:85.19M (Peak 86.05M) | Time:00:00.07 | Mem:0.00M, Peak:0.00M | Scene, ViewLayer | Synchronizing object | Door window.003
Fra:14 Mem:85.22M (Peak 86.05M) | Time:00:00.07 | Mem:0.00M, Peak:0.00M | Scene, ViewLayer | Synchronizing object | Bogie
Fra:14 Mem:85.21M (Peak 86.05M) | Time:00:00.07 | Mem:0.00M, Peak:0.00M | Scene, ViewLayer | Synchronizing object | Wing mirror.002
Fra:14 Mem:85.24M (Peak 86.05M) | Time:00:00.07 | Mem:0.00M, Peak:0.00M | Scene, ViewLayer | Synchronizing object | Steel wheel
Fra:14 Mem:85.24M (Peak 86.05M) | Time:00:00.07 | Mem:0.00M, Peak:0.00M | Scene, ViewLayer | Synchronizing object | Steel wheel.001
Fra:14 Mem:85.25M (Peak 86.05M) | Time:00:00.07 | Mem:0.00M, Peak:0.00M | Scene, ViewLayer | Synchronizing object | Steel wheel.002
Fra:14 Mem:85.24M (Peak 86.05M) | Time:00:00.07 | Mem:0.00M, Peak:0.00M | Scene, ViewLayer | Synchronizing object | Mirror arm.002
Fra:14 Mem:85.24M (Peak 86.05M) | Time:00:00.07 | Mem:0.00M, Peak:0.00M | Scene, ViewLayer | Synchronizing object | Steel wheel.004
Fra:14 Mem:85.24M (Peak 86.05M) | Time:00:00.07 | Mem:0.00M, Peak:0.00M | Scene, ViewLayer | Synchronizing object | Steel wheel.005
Fra:14 Mem:85.25M (Peak 86.05M) | Time:00:00.08 | Mem:0.00M, Peak:0.00M | Scene, ViewLayer | Synchronizing object | Cab handle.002
Fra:14 Mem:85.25M (Peak 86.05M) | Time:00:00.08 | Mem:0.00M, Peak:0.00M | Scene, ViewLayer | Synchronizing object | Steel wheel.006
Fra:14 Mem:85.28M (Peak 86.05M) | Time:00:00.08 | Mem:0.00M, Peak:0.00M | Scene, ViewLayer | Synchronizing object | Steel wheel.007
Fra:14 Mem:85.29M (Peak 86.05M) | Time:00:00.08 | Mem:0.00M, Peak:0.00M | Scene, ViewLayer | Synchronizing object | Swept cab windshield
Fra:14 Mem:85.29M (Peak 86.05M) | Time:00:00.08 | Mem:0.00M, Peak:0.00M | Scene, ViewLayer | Synchronizing object | Nose lamp
Fra:14 Mem:85.30M (Peak 86.05M) | Time:00:00.08 | Mem:0.00M, Peak:0.00M | Scene, ViewLayer | Synchronizing object | Nose lamp.001
Fra:14 Mem:85.33M (Peak 86.05M) | Time:00:00.08 | Mem:0.00M, Peak:0.00M | Scene, ViewLayer | Synchronizing object | Cab side window.002
Fra:14 Mem:85.34M (Peak 86.05M) | Time:00:00.08 | Mem:0.00M, Peak:0.00M | Scene, ViewLayer | Synchronizing object | Service identification
Fra:14 Mem:85.35M (Peak 86.05M) | Time:00:00.08 | Mem:0.00M, Peak:0.00M | Scene, ViewLayer | Synchronizing object | Aerodynamic shell.001
Fra:14 Mem:85.35M (Peak 86.05M) | Time:00:00.08 | Mem:0.00M, Peak:0.00M | Scene, ViewLayer | Synchronizing object | Navy belt.002
Fra:14 Mem:85.34M (Peak 86.05M) | Time:00:00.08 | Mem:0.00M, Peak:0.00M | Scene, ViewLayer | Synchronizing object | Windscreen.001
Fra:14 Mem:85.43M (Peak 86.05M) | Time:00:00.08 | Mem:0.00M, Peak:0.00M | Scene, ViewLayer | Synchronizing object | Sloped crew cab.001
Fra:14 Mem:85.45M (Peak 86.05M) | Time:00:00.08 | Mem:0.00M, Peak:0.00M | Scene, ViewLayer | Synchronizing object | Passenger window.016
Fra:14 Mem:85.45M (Peak 86.05M) | Time:00:00.08 | Mem:0.00M, Peak:0.00M | Scene, ViewLayer | Synchronizing object | Passenger window.017
Fra:14 Mem:85.48M (Peak 86.05M) | Time:00:00.08 | Mem:0.00M, Peak:0.00M | Scene, ViewLayer | Synchronizing object | Equipment body.001
Fra:14 Mem:85.50M (Peak 86.05M) | Time:00:00.08 | Mem:0.00M, Peak:0.00M | Scene, ViewLayer | Synchronizing object | Passenger window.018
Fra:14 Mem:85.50M (Peak 86.05M) | Time:00:00.08 | Mem:0.00M, Peak:0.00M | Scene, ViewLayer | Synchronizing object | Passenger window.019
Fra:14 Mem:85.51M (Peak 86.05M) | Time:00:00.08 | Mem:0.00M, Peak:0.00M | Scene, ViewLayer | Synchronizing object | Chassis.001
Fra:14 Mem:85.53M (Peak 86.05M) | Time:00:00.08 | Mem:0.00M, Peak:0.00M | Scene, ViewLayer | Synchronizing object | Passenger window.020
Fra:14 Mem:85.53M (Peak 86.05M) | Time:00:00.08 | Mem:0.00M, Peak:0.00M | Scene, ViewLayer | Synchronizing object | Passenger window.021
Fra:14 Mem:85.54M (Peak 86.05M) | Time:00:00.08 | Mem:0.00M, Peak:0.00M | Scene, ViewLayer | Synchronizing object | Passenger window.022
Fra:14 Mem:85.58M (Peak 86.05M) | Time:00:00.08 | Mem:0.00M, Peak:0.00M | Scene, ViewLayer | Synchronizing object | Water monitor
Fra:14 Mem:85.57M (Peak 86.05M) | Time:00:00.08 | Mem:0.00M, Peak:0.00M | Scene, ViewLayer | Synchronizing object | Hose reel
Fra:14 Mem:85.58M (Peak 86.05M) | Time:00:00.08 | Mem:0.00M, Peak:0.00M | Scene, ViewLayer | Synchronizing object | Roof ladder rung.010
Fra:14 Mem:85.57M (Peak 86.05M) | Time:00:00.08 | Mem:0.00M, Peak:0.00M | Scene, ViewLayer | Synchronizing object | Passenger window.023
Fra:14 Mem:85.57M (Peak 86.05M) | Time:00:00.08 | Mem:0.00M, Peak:0.00M | Scene, ViewLayer | Synchronizing object | Passenger door.004
Fra:14 Mem:85.59M (Peak 86.05M) | Time:00:00.08 | Mem:0.00M, Peak:0.00M | Scene, ViewLayer | Synchronizing object | Door window.004
Fra:14 Mem:85.61M (Peak 86.05M) | Time:00:00.08 | Mem:0.00M, Peak:0.00M | Scene, ViewLayer | Synchronizing object | Roof ladder rung.008
Fra:14 Mem:85.63M (Peak 86.05M) | Time:00:00.08 | Mem:0.00M, Peak:0.00M | Scene, ViewLayer | Synchronizing object | Roof ladder rung.007
Fra:14 Mem:85.63M (Peak 86.05M) | Time:00:00.08 | Mem:0.00M, Peak:0.00M | Scene, ViewLayer | Synchronizing object | Roof ladder rung.006
Fra:14 Mem:85.64M (Peak 86.05M) | Time:00:00.08 | Mem:0.00M, Peak:0.00M | Scene, ViewLayer | Synchronizing object | Passenger door.005
Fra:14 Mem:85.63M (Peak 86.05M) | Time:00:00.08 | Mem:0.00M, Peak:0.00M | Scene, ViewLayer | Synchronizing object | Door window.005
Fra:14 Mem:85.64M (Peak 86.05M) | Time:00:00.08 | Mem:0.00M, Peak:0.00M | Scene, ViewLayer | Synchronizing object | Navy belt.003
Fra:14 Mem:85.67M (Peak 86.05M) | Time:00:00.08 | Mem:0.00M, Peak:0.00M | Scene, ViewLayer | Synchronizing object | Roof ladder rung.004
Fra:14 Mem:85.68M (Peak 86.05M) | Time:00:00.08 | Mem:0.00M, Peak:0.00M | Scene, ViewLayer | Synchronizing object | Roof ladder rung.003
Fra:14 Mem:85.68M (Peak 86.05M) | Time:00:00.08 | Mem:0.00M, Peak:0.00M | Scene, ViewLayer | Synchronizing object | Roof ladder rung.002
Fra:14 Mem:85.70M (Peak 86.05M) | Time:00:00.08 | Mem:0.00M, Peak:0.00M | Scene, ViewLayer | Synchronizing object | Passenger window.024
Fra:14 Mem:85.68M (Peak 86.05M) | Time:00:00.08 | Mem:0.00M, Peak:0.00M | Scene, ViewLayer | Synchronizing object | Passenger window.025
Fra:14 Mem:85.70M (Peak 86.05M) | Time:00:00.08 | Mem:0.00M, Peak:0.00M | Scene, ViewLayer | Synchronizing object | Passenger window.026
Fra:14 Mem:85.72M (Peak 86.05M) | Time:00:00.08 | Mem:0.00M, Peak:0.00M | Scene, ViewLayer | Synchronizing object | Roof ladder rung
Fra:14 Mem:85.73M (Peak 86.05M) | Time:00:00.08 | Mem:0.00M, Peak:0.00M | Scene, ViewLayer | Synchronizing object | Roof ladder rail.001
Fra:14 Mem:85.74M (Peak 86.05M) | Time:00:00.08 | Mem:0.00M, Peak:0.00M | Scene, ViewLayer | Synchronizing object | Roof ladder rail
Fra:14 Mem:85.74M (Peak 86.05M) | Time:00:00.08 | Mem:0.00M, Peak:0.00M | Scene, ViewLayer | Synchronizing object | Passenger window.027
Fra:14 Mem:85.73M (Peak 86.05M) | Time:00:00.08 | Mem:0.00M, Peak:0.00M | Scene, ViewLayer | Synchronizing object | Passenger window.028
Fra:14 Mem:85.76M (Peak 86.05M) | Time:00:00.08 | Mem:0.00M, Peak:0.00M | Scene, ViewLayer | Synchronizing object | Passenger window.029
Fra:14 Mem:85.79M (Peak 86.05M) | Time:00:00.08 | Mem:0.00M, Peak:0.00M | Scene, ViewLayer | Synchronizing object | Passenger window.030
Fra:14 Mem:85.78M (Peak 86.05M) | Time:00:00.08 | Mem:0.00M, Peak:0.00M | Scene, ViewLayer | Synchronizing object | Emergency beacon
Fra:14 Mem:85.80M (Peak 86.05M) | Time:00:00.08 | Mem:0.00M, Peak:0.00M | Scene, ViewLayer | Synchronizing object | Passenger window.031
Fra:14 Mem:85.81M (Peak 86.05M) | Time:00:00.08 | Mem:0.00M, Peak:0.00M | Scene, ViewLayer | Synchronizing object | Passenger door.006
Fra:14 Mem:85.84M (Peak 86.05M) | Time:00:00.08 | Mem:0.00M, Peak:0.00M | Scene, ViewLayer | Synchronizing object | Door window.006
Fra:14 Mem:85.85M (Peak 86.05M) | Time:00:00.08 | Mem:0.00M, Peak:0.00M | Scene, ViewLayer | Synchronizing object | Lightbar housing
Fra:14 Mem:85.86M (Peak 86.05M) | Time:00:00.08 | Mem:0.00M, Peak:0.00M | Scene, ViewLayer | Synchronizing object | Passenger door.007
Fra:14 Mem:85.87M (Peak 86.05M) | Time:00:00.08 | Mem:0.00M, Peak:0.00M | Scene, ViewLayer | Synchronizing object | Door window.007
Fra:14 Mem:85.89M (Peak 86.05M) | Time:00:00.08 | Mem:0.00M, Peak:0.00M | Scene, ViewLayer | Synchronizing object | Bogie.002
Fra:14 Mem:85.89M (Peak 86.05M) | Time:00:00.08 | Mem:0.00M, Peak:0.00M | Scene, ViewLayer | Synchronizing object | Headlamp.001
Fra:14 Mem:85.93M (Peak 86.05M) | Time:00:00.08 | Mem:0.00M, Peak:0.00M | Scene, ViewLayer | Synchronizing object | Steel wheel.008
Fra:14 Mem:85.92M (Peak 86.05M) | Time:00:00.08 | Mem:0.00M, Peak:0.00M | Scene, ViewLayer | Synchronizing object | Steel wheel.009
Fra:14 Mem:85.92M (Peak 86.05M) | Time:00:00.08 | Mem:0.00M, Peak:0.00M | Scene, ViewLayer | Synchronizing object | Steel wheel.010
Fra:14 Mem:85.94M (Peak 86.05M) | Time:00:00.08 | Mem:0.00M, Peak:0.00M | Scene, ViewLayer | Synchronizing object | Steel wheel.011
Fra:14 Mem:85.93M (Peak 86.05M) | Time:00:00.08 | Mem:0.00M, Peak:0.00M | Scene, ViewLayer | Synchronizing object | Bogie.003
Fra:14 Mem:85.92M (Peak 86.05M) | Time:00:00.08 | Mem:0.00M, Peak:0.00M | Scene, ViewLayer | Synchronizing object | Steel wheel.013
Fra:14 Mem:85.94M (Peak 86.05M) | Time:00:00.08 | Mem:0.00M, Peak:0.00M | Scene, ViewLayer | Synchronizing object | Headlamp
Fra:14 Mem:85.94M (Peak 86.05M) | Time:00:00.08 | Mem:0.00M, Peak:0.00M | Scene, ViewLayer | Synchronizing object | Steel wheel.014
Fra:14 Mem:85.96M (Peak 86.05M) | Time:00:00.08 | Mem:0.00M, Peak:0.00M | Scene, ViewLayer | Synchronizing object | Steel wheel.015
Fra:14 Mem:85.98M (Peak 86.05M) | Time:00:00.08 | Mem:0.00M, Peak:0.00M | Scene, ViewLayer | Synchronizing object | Chassis
Fra:14 Mem:85.96M (Peak 86.05M) | Time:00:00.08 | Mem:0.00M, Peak:0.00M | Scene, ViewLayer | Synchronizing object | Equipment body
Fra:14 Mem:85.98M (Peak 86.05M) | Time:00:00.08 | Mem:0.00M, Peak:0.00M | Scene, ViewLayer | Synchronizing object | Sloped crew cab
Fra:14 Mem:86.00M (Peak 86.05M) | Time:00:00.08 | Mem:0.00M, Peak:0.00M | Scene, ViewLayer | Synchronizing object | Radiator grille
Fra:14 Mem:86.03M (Peak 86.05M) | Time:00:00.08 | Mem:0.00M, Peak:0.00M | Scene, ViewLayer | Synchronizing object | Windscreen
Fra:14 Mem:86.03M (Peak 86.05M) | Time:00:00.08 | Mem:0.00M, Peak:0.00M | Scene, ViewLayer | Synchronizing object | Cab side window
Fra:14 Mem:86.03M (Peak 86.05M) | Time:00:00.08 | Mem:0.00M, Peak:0.00M | Scene, ViewLayer | Synchronizing object | Cab handle
Fra:14 Mem:86.04M (Peak 86.05M) | Time:00:00.08 | Mem:0.00M, Peak:0.00M | Scene, ViewLayer | Synchronizing object | Front bumper
Fra:14 Mem:86.08M (Peak 86.08M) | Time:00:00.08 | Mem:0.00M, Peak:0.00M | Scene, ViewLayer | Synchronizing object | Mirror arm
Fra:14 Mem:86.08M (Peak 86.08M) | Time:00:00.08 | Mem:0.00M, Peak:0.00M | Scene, ViewLayer | Synchronizing object | Wing mirror
Fra:14 Mem:86.08M (Peak 86.08M) | Time:00:00.08 | Mem:0.00M, Peak:0.00M | Scene, ViewLayer | Synchronizing object | Safety stripe
Fra:14 Mem:86.08M (Peak 86.08M) | Time:00:00.08 | Mem:0.00M, Peak:0.00M | Scene, ViewLayer | Synchronizing object | Wheel rim.003
Fra:14 Mem:86.10M (Peak 86.10M) | Time:00:00.08 | Mem:0.00M, Peak:0.00M | Scene, ViewLayer | Synchronizing object | Roller equipment shutter
Fra:14 Mem:86.11M (Peak 86.11M) | Time:00:00.08 | Mem:0.00M, Peak:0.00M | Scene, ViewLayer | Synchronizing object | Tire.003
Fra:14 Mem:86.13M (Peak 86.13M) | Time:00:00.08 | Mem:0.00M, Peak:0.00M | Scene, ViewLayer | Synchronizing object | Wheel rim.002
Fra:14 Mem:86.11M (Peak 86.13M) | Time:00:00.08 | Mem:0.00M, Peak:0.00M | Scene, ViewLayer | Synchronizing object | Shutter rib
Fra:14 Mem:86.13M (Peak 86.13M) | Time:00:00.08 | Mem:0.00M, Peak:0.00M | Scene, ViewLayer | Synchronizing object | Tire.002
Fra:14 Mem:86.13M (Peak 86.13M) | Time:00:00.08 | Mem:0.00M, Peak:0.00M | Scene, ViewLayer | Synchronizing object | Shutter rib.001
Fra:14 Mem:86.15M (Peak 86.15M) | Time:00:00.08 | Mem:0.00M, Peak:0.00M | Scene, ViewLayer | Synchronizing object | Wheel rim.001
Fra:14 Mem:86.14M (Peak 86.15M) | Time:00:00.08 | Mem:0.00M, Peak:0.00M | Scene, ViewLayer | Synchronizing object | Shutter rib.002
Fra:14 Mem:86.16M (Peak 86.16M) | Time:00:00.08 | Mem:0.00M, Peak:0.00M | Scene, ViewLayer | Synchronizing object | Tire.001
Fra:14 Mem:86.18M (Peak 86.18M) | Time:00:00.08 | Mem:0.00M, Peak:0.00M | Scene, ViewLayer | Synchronizing object | Wheel rim
Fra:14 Mem:86.17M (Peak 86.18M) | Time:00:00.08 | Mem:0.00M, Peak:0.00M | Scene, ViewLayer | Synchronizing object | Shutter rib.003
Fra:14 Mem:86.18M (Peak 86.18M) | Time:00:00.08 | Mem:0.00M, Peak:0.00M | Scene, ViewLayer | Synchronizing object | Tire
Fra:14 Mem:86.19M (Peak 86.19M) | Time:00:00.08 | Mem:0.00M, Peak:0.00M | Scene, ViewLayer | Synchronizing object | Shutter rib.004
Fra:14 Mem:86.22M (Peak 86.22M) | Time:00:00.08 | Mem:0.00M, Peak:0.00M | Scene, ViewLayer | Synchronizing object | 119 side marking.001
Fra:14 Mem:86.21M (Peak 86.22M) | Time:00:00.08 | Mem:0.00M, Peak:0.00M | Scene, ViewLayer | Synchronizing object | Shutter rib.005
Fra:14 Mem:86.27M (Peak 86.27M) | Time:00:00.08 | Mem:0.00M, Peak:0.00M | Scene, ViewLayer | Synchronizing object | Shutter rib.006
Fra:14 Mem:86.27M (Peak 86.27M) | Time:00:00.08 | Mem:0.00M, Peak:0.00M | Scene, ViewLayer | Synchronizing object | Shutter latch.005
Fra:14 Mem:86.29M (Peak 86.29M) | Time:00:00.08 | Mem:0.00M, Peak:0.00M | Scene, ViewLayer | Synchronizing object | Shutter latch
Fra:14 Mem:86.31M (Peak 86.31M) | Time:00:00.08 | Mem:0.00M, Peak:0.00M | Scene, ViewLayer | Synchronizing object | Roller equipment shutter.001
Fra:14 Mem:86.34M (Peak 86.34M) | Time:00:00.08 | Mem:0.00M, Peak:0.00M | Scene, ViewLayer | Synchronizing object | Shutter rib.007
Fra:14 Mem:86.32M (Peak 86.34M) | Time:00:00.08 | Mem:0.00M, Peak:0.00M | Scene, ViewLayer | Synchronizing object | Shutter rib.041
Fra:14 Mem:86.36M (Peak 86.36M) | Time:00:00.08 | Mem:0.00M, Peak:0.00M | Scene, ViewLayer | Synchronizing object | Shutter rib.008
Fra:14 Mem:86.35M (Peak 86.36M) | Time:00:00.08 | Mem:0.00M, Peak:0.00M | Scene, ViewLayer | Synchronizing object | Shutter rib.009
Fra:14 Mem:86.39M (Peak 86.39M) | Time:00:00.08 | Mem:0.00M, Peak:0.00M | Scene, ViewLayer | Synchronizing object | Shutter rib.010
Fra:14 Mem:86.37M (Peak 86.39M) | Time:00:00.08 | Mem:0.00M, Peak:0.00M | Scene, ViewLayer | Synchronizing object | Shutter rib.040
Fra:14 Mem:86.42M (Peak 86.42M) | Time:00:00.08 | Mem:0.00M, Peak:0.00M | Scene, ViewLayer | Synchronizing object | Shutter rib.011
Fra:14 Mem:86.40M (Peak 86.42M) | Time:00:00.08 | Mem:0.00M, Peak:0.00M | Scene, ViewLayer | Synchronizing object | Shutter rib.012
Fra:14 Mem:86.44M (Peak 86.44M) | Time:00:00.08 | Mem:0.00M, Peak:0.00M | Scene, ViewLayer | Synchronizing object | Shutter rib.013
Fra:14 Mem:86.43M (Peak 86.44M) | Time:00:00.08 | Mem:0.00M, Peak:0.00M | Scene, ViewLayer | Synchronizing object | Shutter rib.039
Fra:14 Mem:86.46M (Peak 86.46M) | Time:00:00.08 | Mem:0.00M, Peak:0.00M | Scene, ViewLayer | Synchronizing object | Shutter latch.001
Fra:14 Mem:86.45M (Peak 86.46M) | Time:00:00.08 | Mem:0.00M, Peak:0.00M | Scene, ViewLayer | Synchronizing object | Roller equipment shutter.002
Fra:14 Mem:86.50M (Peak 86.50M) | Time:00:00.08 | Mem:0.00M, Peak:0.00M | Scene, ViewLayer | Synchronizing object | Shutter rib.014
Fra:14 Mem:86.48M (Peak 86.50M) | Time:00:00.08 | Mem:0.00M, Peak:0.00M | Scene, ViewLayer | Synchronizing object | Shutter rib.038
Fra:14 Mem:86.53M (Peak 86.53M) | Time:00:00.08 | Mem:0.00M, Peak:0.00M | Scene, ViewLayer | Synchronizing object | Shutter rib.015
Fra:14 Mem:86.51M (Peak 86.53M) | Time:00:00.08 | Mem:0.00M, Peak:0.00M | Scene, ViewLayer | Synchronizing object | Shutter rib.016
Fra:14 Mem:86.54M (Peak 86.54M) | Time:00:00.08 | Mem:0.00M, Peak:0.00M | Scene, ViewLayer | Synchronizing object | Shutter rib.017
Fra:14 Mem:86.53M (Peak 86.54M) | Time:00:00.08 | Mem:0.00M, Peak:0.00M | Scene, ViewLayer | Synchronizing object | Shutter rib.037
Fra:14 Mem:86.58M (Peak 86.58M) | Time:00:00.08 | Mem:0.00M, Peak:0.00M | Scene, ViewLayer | Synchronizing object | Shutter rib.018
Fra:14 Mem:86.56M (Peak 86.58M) | Time:00:00.08 | Mem:0.00M, Peak:0.00M | Scene, ViewLayer | Synchronizing object | Shutter rib.019
Fra:14 Mem:86.59M (Peak 86.59M) | Time:00:00.08 | Mem:0.00M, Peak:0.00M | Scene, ViewLayer | Synchronizing object | Shutter rib.020
Fra:14 Mem:86.58M (Peak 86.59M) | Time:00:00.08 | Mem:0.00M, Peak:0.00M | Scene, ViewLayer | Synchronizing object | Shutter rib.036
Fra:14 Mem:86.62M (Peak 86.62M) | Time:00:00.08 | Mem:0.00M, Peak:0.00M | Scene, ViewLayer | Synchronizing object | Shutter latch.002
Fra:14 Mem:86.61M (Peak 86.62M) | Time:00:00.08 | Mem:0.00M, Peak:0.00M | Scene, ViewLayer | Synchronizing object | 119 side marking
Fra:14 Mem:86.65M (Peak 86.65M) | Time:00:00.08 | Mem:0.00M, Peak:0.00M | Scene, ViewLayer | Synchronizing object | Cab side window.001
Fra:14 Mem:86.66M (Peak 86.66M) | Time:00:00.08 | Mem:0.00M, Peak:0.00M | Scene, ViewLayer | Synchronizing object | Shutter rib.035
Fra:14 Mem:86.69M (Peak 86.69M) | Time:00:00.08 | Mem:0.00M, Peak:0.00M | Scene, ViewLayer | Synchronizing object | Cab handle.001
Fra:14 Mem:86.71M (Peak 86.71M) | Time:00:00.08 | Mem:0.00M, Peak:0.00M | Scene, ViewLayer | Synchronizing object | Mirror arm.001
Fra:14 Mem:86.72M (Peak 86.72M) | Time:00:00.08 | Mem:0.00M, Peak:0.00M | Scene, ViewLayer | Synchronizing object | Wing mirror.001
Fra:14 Mem:86.74M (Peak 86.74M) | Time:00:00.08 | Mem:0.00M, Peak:0.00M | Scene, ViewLayer | Synchronizing object | Safety stripe.001
Fra:14 Mem:86.73M (Peak 86.74M) | Time:00:00.08 | Mem:0.00M, Peak:0.00M | Scene, ViewLayer | Synchronizing object | Roller equipment shutter.005
Fra:14 Mem:86.74M (Peak 86.74M) | Time:00:00.08 | Mem:0.00M, Peak:0.00M | Scene, ViewLayer | Synchronizing object | Roller equipment shutter.003
Fra:14 Mem:86.77M (Peak 86.77M) | Time:00:00.08 | Mem:0.00M, Peak:0.00M | Scene, ViewLayer | Synchronizing object | Shutter rib.021
Fra:14 Mem:86.80M (Peak 86.80M) | Time:00:00.08 | Mem:0.00M, Peak:0.00M | Scene, ViewLayer | Synchronizing object | Shutter rib.022
Fra:14 Mem:86.78M (Peak 86.80M) | Time:00:00.08 | Mem:0.00M, Peak:0.00M | Scene, ViewLayer | Synchronizing object | Shutter latch.004
Fra:14 Mem:86.79M (Peak 86.80M) | Time:00:00.08 | Mem:0.00M, Peak:0.00M | Scene, ViewLayer | Synchronizing object | Shutter rib.023
Fra:14 Mem:86.83M (Peak 86.83M) | Time:00:00.08 | Mem:0.00M, Peak:0.00M | Scene, ViewLayer | Synchronizing object | Shutter rib.024
Fra:14 Mem:86.84M (Peak 86.84M) | Time:00:00.08 | Mem:0.00M, Peak:0.00M | Scene, ViewLayer | Synchronizing object | Shutter rib.025
Fra:14 Mem:86.83M (Peak 86.84M) | Time:00:00.08 | Mem:0.00M, Peak:0.00M | Scene, ViewLayer | Synchronizing object | Shutter rib.034
Fra:14 Mem:86.85M (Peak 86.85M) | Time:00:00.08 | Mem:0.00M, Peak:0.00M | Scene, ViewLayer | Synchronizing object | Shutter rib.026
Fra:14 Mem:86.87M (Peak 86.87M) | Time:00:00.08 | Mem:0.00M, Peak:0.00M | Scene, ViewLayer | Synchronizing object | Shutter rib.027
Fra:14 Mem:86.89M (Peak 86.89M) | Time:00:00.08 | Mem:0.00M, Peak:0.00M | Scene, ViewLayer | Synchronizing object | Shutter latch.003
Fra:14 Mem:86.89M (Peak 86.89M) | Time:00:00.08 | Mem:0.00M, Peak:0.00M | Scene, ViewLayer | Synchronizing object | Shutter rib.033
Fra:14 Mem:86.91M (Peak 86.91M) | Time:00:00.08 | Mem:0.00M, Peak:0.00M | Scene, ViewLayer | Synchronizing object | Roller equipment shutter.004
Fra:14 Mem:86.91M (Peak 86.91M) | Time:00:00.08 | Mem:0.00M, Peak:0.00M | Scene, ViewLayer | Synchronizing object | Shutter rib.028
Fra:14 Mem:86.95M (Peak 86.95M) | Time:00:00.08 | Mem:0.00M, Peak:0.00M | Scene, ViewLayer | Synchronizing object | Shutter rib.029
Fra:14 Mem:86.93M (Peak 86.95M) | Time:00:00.08 | Mem:0.00M, Peak:0.00M | Scene, ViewLayer | Synchronizing object | Shutter rib.032
Fra:14 Mem:86.95M (Peak 86.95M) | Time:00:00.08 | Mem:0.00M, Peak:0.00M | Scene, ViewLayer | Synchronizing object | Shutter rib.030
Fra:14 Mem:86.96M (Peak 86.96M) | Time:00:00.08 | Mem:0.00M, Peak:0.00M | Scene, ViewLayer | Synchronizing object | Shutter rib.031
Fra:14 Mem:86.97M (Peak 86.97M) | Time:00:00.08 | Mem:0.00M, Peak:0.00M | Scene, ViewLayer | Initializing
Fra:14 Mem:60.02M (Peak 86.97M) | Time:00:00.09 | Mem:0.00M, Peak:0.00M | Scene, ViewLayer | Waiting for render to start
Fra:14 Mem:60.02M (Peak 86.97M) | Time:00:00.09 | Mem:0.00M, Peak:0.00M | Scene, ViewLayer | Updating Scene
Fra:14 Mem:60.02M (Peak 86.97M) | Time:00:00.09 | Mem:0.00M, Peak:0.00M | Scene, ViewLayer | Updating Shaders
Fra:14 Mem:60.02M (Peak 86.97M) | Time:00:00.09 | Mem:0.00M, Peak:0.00M | Scene, ViewLayer | Loading render kernels (may take a few minutes the first time)
Fra:14 Mem:60.11M (Peak 86.97M) | Time:00:00.09 | Mem:0.01M, Peak:0.01M | Scene, ViewLayer | Updating Procedurals
Fra:14 Mem:60.11M (Peak 86.97M) | Time:00:00.09 | Mem:0.01M, Peak:0.01M | Scene, ViewLayer | Updating Background
Fra:14 Mem:60.11M (Peak 86.97M) | Time:00:00.09 | Mem:0.01M, Peak:0.01M | Scene, ViewLayer | Updating Camera
Fra:14 Mem:60.11M (Peak 86.97M) | Time:00:00.09 | Mem:0.01M, Peak:0.01M | Scene, ViewLayer | Updating Meshes Flags
Fra:14 Mem:60.11M (Peak 86.97M) | Time:00:00.09 | Mem:0.01M, Peak:0.01M | Scene, ViewLayer | Updating Objects
Fra:14 Mem:60.11M (Peak 86.97M) | Time:00:00.09 | Mem:0.01M, Peak:0.01M | Scene, ViewLayer | Updating Objects | Copying Transformations to device
Fra:14 Mem:60.27M (Peak 86.97M) | Time:00:00.09 | Mem:0.16M, Peak:0.16M | Scene, ViewLayer | Updating Particle Systems
Fra:14 Mem:60.27M (Peak 86.97M) | Time:00:00.09 | Mem:0.16M, Peak:0.16M | Scene, ViewLayer | Updating Particle Systems | Copying Particles to device
Fra:14 Mem:60.27M (Peak 86.97M) | Time:00:00.09 | Mem:0.16M, Peak:0.16M | Scene, ViewLayer | Updating Meshes
Fra:14 Mem:60.27M (Peak 86.97M) | Time:00:00.09 | Mem:0.16M, Peak:0.16M | Scene, ViewLayer | Updating Objects | Applying Static Transformations
Fra:14 Mem:60.27M (Peak 86.97M) | Time:00:00.09 | Mem:0.16M, Peak:0.16M | Scene, ViewLayer | Updating Mesh | Computing attributes
Fra:14 Mem:61.32M (Peak 86.97M) | Time:00:00.09 | Mem:0.20M, Peak:0.20M | Scene, ViewLayer | Updating Mesh | Copying Attributes to device
Fra:14 Mem:61.24M (Peak 86.97M) | Time:00:00.09 | Mem:1.13M, Peak:1.13M | Scene, ViewLayer | Updating Scene BVH | Building
Fra:14 Mem:61.25M (Peak 86.97M) | Time:00:00.09 | Mem:1.13M, Peak:1.13M | Scene, ViewLayer | Updating Scene BVH | Building BVH
Fra:14 Mem:61.25M (Peak 86.97M) | Time:00:00.09 | Mem:2.97M, Peak:2.97M | Scene, ViewLayer | Updating Scene BVH | Building BVH 0%
Fra:14 Mem:61.25M (Peak 86.97M) | Time:00:00.10 | Mem:5.16M, Peak:6.99M | Scene, ViewLayer | Updating Scene BVH | Copying BVH to device
Fra:14 Mem:61.25M (Peak 86.97M) | Time:00:00.10 | Mem:5.16M, Peak:6.99M | Scene, ViewLayer | Updating Mesh | Computing normals
Fra:14 Mem:64.02M (Peak 86.97M) | Time:00:00.10 | Mem:5.16M, Peak:6.99M | Scene, ViewLayer | Updating Mesh | Copying Mesh to device
Fra:14 Mem:64.02M (Peak 86.97M) | Time:00:00.10 | Mem:7.93M, Peak:7.93M | Scene, ViewLayer | Updating Objects Flags
Fra:14 Mem:64.02M (Peak 86.97M) | Time:00:00.10 | Mem:7.94M, Peak:7.94M | Scene, ViewLayer | Updating Primitive Offsets
Fra:14 Mem:64.03M (Peak 86.97M) | Time:00:00.10 | Mem:7.94M, Peak:7.94M | Scene, ViewLayer | Updating Images
Fra:14 Mem:64.03M (Peak 86.97M) | Time:00:00.10 | Mem:7.94M, Peak:7.94M | Scene, ViewLayer | Updating Images | Loading Metal032_1K-JPG_Color.jpg
Fra:14 Mem:68.03M (Peak 86.97M) | Time:00:00.10 | Mem:7.94M, Peak:7.94M | Scene, ViewLayer | Updating Images | Loading Concrete031_1K-JPG_Color.jpg
Fra:14 Mem:72.04M (Peak 86.97M) | Time:00:00.11 | Mem:15.94M, Peak:15.94M | Scene, ViewLayer | Updating Camera Volume
Fra:14 Mem:72.04M (Peak 86.97M) | Time:00:00.11 | Mem:15.94M, Peak:15.94M | Scene, ViewLayer | Updating Lookup Tables
Fra:14 Mem:72.04M (Peak 86.97M) | Time:00:00.11 | Mem:16.02M, Peak:16.02M | Scene, ViewLayer | Updating Lights
Fra:14 Mem:72.04M (Peak 86.97M) | Time:00:00.11 | Mem:16.02M, Peak:16.02M | Scene, ViewLayer | Updating Lights | Computing tree
Fra:14 Mem:72.04M (Peak 86.97M) | Time:00:00.11 | Mem:16.03M, Peak:16.03M | Scene, ViewLayer | Updating Integrator
Fra:14 Mem:72.04M (Peak 86.97M) | Time:00:00.11 | Mem:16.03M, Peak:16.03M | Scene, ViewLayer | Updating Film
Fra:14 Mem:72.05M (Peak 86.97M) | Time:00:00.11 | Mem:15.95M, Peak:16.03M | Scene, ViewLayer | Updating Lookup Tables
Fra:14 Mem:72.05M (Peak 86.97M) | Time:00:00.11 | Mem:16.03M, Peak:16.03M | Scene, ViewLayer | Updating Baking
Fra:14 Mem:72.05M (Peak 86.97M) | Time:00:00.11 | Mem:16.03M, Peak:16.03M | Scene, ViewLayer | Updating Device | Writing constant memory
Fra:14 Mem:72.06M (Peak 86.97M) | Time:00:00.11 | Mem:16.03M, Peak:16.03M | Scene, ViewLayer | Loading denoising kernels (may take a few minutes the first time)
Fra:14 Mem:72.06M (Peak 86.97M) | Time:00:00.11 | Mem:16.03M, Peak:16.03M | Scene, ViewLayer | Sample 0/24
Fra:14 Mem:300.10M (Peak 300.10M) | Time:00:01.20 | Remaining:00:25.11 | Mem:244.04M, Peak:244.04M | Scene, ViewLayer | Sample 1/24
Fra:14 Mem:396.10M (Peak 540.11M) | Time:00:34.19 | Mem:244.04M, Peak:244.04M | Scene, ViewLayer | Sample 24/24
Fra:14 Mem:396.10M (Peak 540.11M) | Time:00:34.19 | Mem:244.04M, Peak:244.04M | Scene, ViewLayer | Finished
Saved: '/Users/um-yunsang/CHOOGuard/art/blender/response-set-contact.png'
Time: 00:34.47 (Saving: 00:00.26)


FBX export starting... '/Users/um-yunsang/CHOOGuard/Assets/ChooGuard/Art/ResponseSet/BusanFacade.fbx'
export finished in 0.1861 sec.

FBX export starting... '/Users/um-yunsang/CHOOGuard/Assets/ChooGuard/Art/ResponseSet/HighSpeedCab.fbx'
export finished in 0.0345 sec.

FBX export starting... '/Users/um-yunsang/CHOOGuard/Assets/ChooGuard/Art/ResponseSet/HighSpeedCoach.fbx'
export finished in 0.0290 sec.

FBX export starting... '/Users/um-yunsang/CHOOGuard/Assets/ChooGuard/Art/ResponseSet/FireEngine119.fbx'
export finished in 0.0780 sec.

FBX export starting... '/Users/um-yunsang/CHOOGuard/Assets/ChooGuard/Art/ResponseSet/Ambulance119.fbx'
export finished in 0.0303 sec.
FBX version: 7700

FBX export starting... '/Users/um-yunsang/CHOOGuard/Assets/ChooGuard/Art/ResponseSet/CrewOperations.fbx'
(bpy.data.armatures['root'], 'POSE')
(bpy.data.armatures['root'], 'POSE')
(bpy.data.armatures['root'], 'POSE')
(bpy.data.armatures['root'], 'POSE')
(bpy.data.armatures['root'], 'POSE')
(bpy.data.armatures['root'], 'POSE')
(bpy.data.armatures['root'], 'POSE')
(bpy.data.armatures['root'], 'POSE')
(bpy.data.armatures['root'], 'POSE')
(bpy.data.armatures['root'], 'POSE')
(bpy.data.armatures['root'], 'POSE')
(bpy.data.armatures['root'], 'POSE')
(bpy.data.armatures['root'], 'POSE')
(bpy.data.armatures['root'], 'POSE')
(bpy.data.armatures['root'], 'POSE')
(bpy.data.armatures['root'], 'POSE')
(bpy.data.armatures['root'], 'POSE')
(bpy.data.armatures['root'], 'POSE')
(bpy.data.armatures['root'], 'POSE')
export finished in 1.5824 sec.
FBX version: 7700

FBX export starting... '/Users/um-yunsang/CHOOGuard/Assets/ChooGuard/Art/ResponseSet/CrewFire.fbx'
(bpy.data.armatures['root.001'], 'POSE')
(bpy.data.armatures['root.001'], 'POSE')
(bpy.data.armatures['root.001'], 'POSE')
(bpy.data.armatures['root.001'], 'POSE')
(bpy.data.armatures['root.001'], 'POSE')
(bpy.data.armatures['root.001'], 'POSE')
(bpy.data.armatures['root.001'], 'POSE')
(bpy.data.armatures['root.001'], 'POSE')
(bpy.data.armatures['root.001'], 'POSE')
(bpy.data.armatures['root.001'], 'POSE')
(bpy.data.armatures['root.001'], 'POSE')
(bpy.data.armatures['root.001'], 'POSE')
(bpy.data.armatures['root.001'], 'POSE')
(bpy.data.armatures['root.001'], 'POSE')
(bpy.data.armatures['root.001'], 'POSE')
(bpy.data.armatures['root.001'], 'POSE')
(bpy.data.armatures['root.001'], 'POSE')
(bpy.data.armatures['root.001'], 'POSE')
(bpy.data.armatures['root.001'], 'POSE')
(bpy.data.armatures['root.001'], 'POSE')
(bpy.data.armatures['root.001'], 'POSE')
(bpy.data.armatures['root.001'], 'POSE')
(bpy.data.armatures['root.001'], 'POSE')
(bpy.data.armatures['root.001'], 'POSE')
(bpy.data.armatures['root.001'], 'POSE')
(bpy.data.armatures['root.001'], 'POSE')
(bpy.data.armatures['root.001'], 'POSE')
export finished in 3.3202 sec.
FBX version: 7700

FBX export starting... '/Users/um-yunsang/CHOOGuard/Assets/ChooGuard/Art/ResponseSet/CrewMedical.fbx'
(bpy.data.armatures['root.002'], 'POSE')
(bpy.data.armatures['root.002'], 'POSE')
(bpy.data.armatures['root.002'], 'POSE')
(bpy.data.armatures['root.002'], 'POSE')
(bpy.data.armatures['root.002'], 'POSE')
(bpy.data.armatures['root.002'], 'POSE')
(bpy.data.armatures['root.002'], 'POSE')
(bpy.data.armatures['root.002'], 'POSE')
(bpy.data.armatures['root.002'], 'POSE')
(bpy.data.armatures['root.002'], 'POSE')
(bpy.data.armatures['root.002'], 'POSE')
(bpy.data.armatures['root.002'], 'POSE')
(bpy.data.armatures['root.002'], 'POSE')
(bpy.data.armatures['root.002'], 'POSE')
(bpy.data.armatures['root.002'], 'POSE')
(bpy.data.armatures['root.002'], 'POSE')
(bpy.data.armatures['root.002'], 'POSE')
(bpy.data.armatures['root.002'], 'POSE')
(bpy.data.armatures['root.002'], 'POSE')
(bpy.data.armatures['root.002'], 'POSE')
export finished in 5.2596 sec.
Info: Saved as "response_set.blend"

Blender quit
