Blender 4.5.9 LTS (hash 8bf95cbd38d1 built 2026-04-21 01:30:46)
Fra:14 Mem:30.69M (Peak 30.69M) | Time:00:00.00 | Mem:0.00M, Peak:0.00M | Scene, ViewLayer | Synchronizing object | Area
Fra:14 Mem:30.70M (Peak 30.70M) | Time:00:00.00 | Mem:0.00M, Peak:0.00M | Scene, ViewLayer | Synchronizing object | Horizontal mullion
Fra:14 Mem:30.70M (Peak 30.70M) | Time:00:00.00 | Mem:0.00M, Peak:0.00M | Scene, ViewLayer | Synchronizing object | Curved eave panel
Fra:14 Mem:33.48M (Peak 33.48M) | Time:00:00.00 | Mem:0.00M, Peak:0.00M | Scene, ViewLayer | Synchronizing object | Stone terrace
Fra:14 Mem:33.49M (Peak 33.49M) | Time:00:00.00 | Mem:0.00M, Peak:0.00M | Scene, ViewLayer | Synchronizing object | Studio ground
Fra:14 Mem:33.71M (Peak 33.71M) | Time:00:00.00 | Mem:0.00M, Peak:0.00M | Scene, ViewLayer | Synchronizing object | Medical vest cross
Fra:14 Mem:34.59M (Peak 34.59M) | Time:00:00.00 | Mem:0.00M, Peak:0.00M | Scene, ViewLayer | Synchronizing object | Entrance door
Fra:14 Mem:35.09M (Peak 35.09M) | Time:00:00.00 | Mem:0.00M, Peak:0.00M | Scene, ViewLayer | Synchronizing object | Medical shoulder panel
Fra:14 Mem:35.52M (Peak 35.52M) | Time:00:00.00 | Mem:0.00M, Peak:0.00M | Scene, ViewLayer | Synchronizing object | Hair.001
Fra:14 Mem:35.78M (Peak 35.78M) | Time:00:00.00 | Mem:0.00M, Peak:0.00M | Scene, ViewLayer | Synchronizing object | Fitted glove.001
Fra:14 Mem:36.06M (Peak 36.06M) | Time:00:00.00 | Mem:0.00M, Peak:0.00M | Scene, ViewLayer | Synchronizing object | Fitted boot.002
Fra:14 Mem:35.58M (Peak 36.06M) | Time:00:00.00 | Mem:0.00M, Peak:0.00M | Scene, ViewLayer | Synchronizing object | Continuous tailored jacket.002
Fra:14 Mem:35.27M (Peak 36.06M) | Time:00:00.00 | Mem:0.00M, Peak:0.00M | Scene, ViewLayer | Synchronizing object | Breathing air cylinder
Fra:14 Mem:35.37M (Peak 36.06M) | Time:00:00.00 | Mem:0.00M, Peak:0.00M | Scene, ViewLayer | Synchronizing object | Face shield
Fra:14 Mem:35.45M (Peak 36.06M) | Time:00:00.00 | Mem:0.00M, Peak:0.00M | Scene, ViewLayer | Synchronizing object | Neck
Fra:14 Mem:35.45M (Peak 36.06M) | Time:00:00.00 | Mem:0.00M, Peak:0.00M | Scene, ViewLayer | Synchronizing object | Aerodynamic shell
Fra:14 Mem:35.51M (Peak 36.06M) | Time:00:00.00 | Mem:0.00M, Peak:0.00M | Scene, ViewLayer | Synchronizing object | Ankle reflective band
Fra:14 Mem:35.76M (Peak 36.06M) | Time:00:00.00 | Mem:0.00M, Peak:0.00M | Scene, ViewLayer | Synchronizing object | Underframe
Fra:14 Mem:35.67M (Peak 36.06M) | Time:00:00.00 | Mem:0.00M, Peak:0.00M | Scene, ViewLayer | Synchronizing object | Fitted boot.001
Fra:14 Mem:35.76M (Peak 36.06M) | Time:00:00.00 | Mem:0.00M, Peak:0.00M | Scene, ViewLayer | Synchronizing object | Continuous tailored jacket.001
Fra:14 Mem:35.81M (Peak 36.06M) | Time:00:00.00 | Mem:0.00M, Peak:0.00M | Scene, ViewLayer | Synchronizing object | Operations vest
Fra:14 Mem:35.83M (Peak 36.06M) | Time:00:00.00 | Mem:0.00M, Peak:0.00M | Scene, ViewLayer | Synchronizing object | Passenger window
Fra:14 Mem:35.85M (Peak 36.06M) | Time:00:00.00 | Mem:0.00M, Peak:0.00M | Scene, ViewLayer | Synchronizing object | Hair
Fra:14 Mem:35.90M (Peak 36.06M) | Time:00:00.00 | Mem:0.00M, Peak:0.00M | Scene, ViewLayer | Synchronizing object | Fitted glove
Fra:14 Mem:36.21M (Peak 36.21M) | Time:00:00.00 | Mem:0.00M, Peak:0.00M | Scene, ViewLayer | Synchronizing object | Fitted boot
Fra:14 Mem:36.24M (Peak 36.24M) | Time:00:00.00 | Mem:0.00M, Peak:0.00M | Scene, ViewLayer | Synchronizing object | Continuous tailored jacket
Fra:14 Mem:36.29M (Peak 36.29M) | Time:00:00.00 | Mem:0.00M, Peak:0.00M | Scene, ViewLayer | Synchronizing object | Lightbar housing.001
Fra:14 Mem:36.31M (Peak 36.31M) | Time:00:00.00 | Mem:0.00M, Peak:0.00M | Scene, ViewLayer | Synchronizing object | Headlamp.002
Fra:14 Mem:36.33M (Peak 36.33M) | Time:00:00.00 | Mem:0.00M, Peak:0.00M | Scene, ViewLayer | Synchronizing object | 119 side marking.002
Fra:14 Mem:36.43M (Peak 36.43M) | Time:00:00.00 | Mem:0.00M, Peak:0.00M | Scene, ViewLayer | Synchronizing object | Medical cross vertical
Fra:14 Mem:37.17M (Peak 37.17M) | Time:00:00.00 | Mem:0.00M, Peak:0.00M | Scene, ViewLayer | Synchronizing object | Passenger door
Fra:14 Mem:36.51M (Peak 37.17M) | Time:00:00.00 | Mem:0.00M, Peak:0.00M | Scene, ViewLayer | Synchronizing object | Nose lamp
Fra:14 Mem:36.67M (Peak 37.17M) | Time:00:00.00 | Mem:0.00M, Peak:0.00M | Scene, ViewLayer | Synchronizing object | Safety stripe.002
Fra:14 Mem:36.72M (Peak 37.17M) | Time:00:00.00 | Mem:0.00M, Peak:0.00M | Scene, ViewLayer | Synchronizing object | Aerodynamic shell.001
Fra:14 Mem:36.69M (Peak 37.17M) | Time:00:00.00 | Mem:0.00M, Peak:0.00M | Scene, ViewLayer | Synchronizing object | Underframe.001
Fra:14 Mem:36.80M (Peak 37.17M) | Time:00:00.00 | Mem:0.00M, Peak:0.00M | Scene, ViewLayer | Synchronizing object | Cab handle.002
Fra:14 Mem:36.84M (Peak 37.17M) | Time:00:00.00 | Mem:0.00M, Peak:0.00M | Scene, ViewLayer | Synchronizing object | Passenger window.016
Fra:14 Mem:36.88M (Peak 37.17M) | Time:00:00.00 | Mem:0.00M, Peak:0.00M | Scene, ViewLayer | Synchronizing object | Passenger door.004
Fra:14 Mem:36.91M (Peak 37.17M) | Time:00:00.00 | Mem:0.00M, Peak:0.00M | Scene, ViewLayer | Synchronizing object | Bogie.002
Fra:14 Mem:37.25M (Peak 37.25M) | Time:00:00.00 | Mem:0.00M, Peak:0.00M | Scene, ViewLayer | Synchronizing object | Windscreen.001
Fra:14 Mem:37.38M (Peak 37.38M) | Time:00:00.00 | Mem:0.00M, Peak:0.00M | Scene, ViewLayer | Synchronizing object | Chassis
Fra:14 Mem:37.49M (Peak 37.49M) | Time:00:00.00 | Mem:0.00M, Peak:0.00M | Scene, ViewLayer | Synchronizing object | Equipment body
Fra:14 Mem:37.52M (Peak 37.52M) | Time:00:00.00 | Mem:0.00M, Peak:0.00M | Scene, ViewLayer | Synchronizing object | Equipment body.001
Fra:14 Mem:37.56M (Peak 37.56M) | Time:00:00.00 | Mem:0.00M, Peak:0.00M | Scene, ViewLayer | Synchronizing object | Chassis.001
Fra:14 Mem:37.64M (Peak 37.64M) | Time:00:00.00 | Mem:0.00M, Peak:0.00M | Scene, ViewLayer | Synchronizing object | Windscreen
Fra:14 Mem:37.66M (Peak 37.66M) | Time:00:00.00 | Mem:0.00M, Peak:0.00M | Scene, ViewLayer | Synchronizing object | Cab handle
Fra:14 Mem:37.72M (Peak 37.72M) | Time:00:00.00 | Mem:0.00M, Peak:0.00M | Scene, ViewLayer | Synchronizing object | Safety stripe
Fra:14 Mem:37.93M (Peak 37.93M) | Time:00:00.00 | Mem:0.00M, Peak:0.00M | Scene, ViewLayer | Synchronizing object | Headlamp
Fra:14 Mem:37.85M (Peak 37.93M) | Time:00:00.00 | Mem:0.00M, Peak:0.00M | Scene, ViewLayer | Synchronizing object | Shutter rib
Fra:14 Mem:37.98M (Peak 37.98M) | Time:00:00.00 | Mem:0.00M, Peak:0.00M | Scene, ViewLayer | Synchronizing object | 119 side marking
Fra:14 Mem:38.57M (Peak 39.07M) | Time:00:00.00 | Mem:0.00M, Peak:0.00M | Scene, ViewLayer | Initializing
Fra:14 Mem:35.25M (Peak 39.07M) | Time:00:00.01 | Mem:0.00M, Peak:0.00M | Scene, ViewLayer | Waiting for render to start
Fra:14 Mem:35.25M (Peak 39.07M) | Time:00:00.01 | Mem:0.00M, Peak:0.00M | Scene, ViewLayer | Updating Scene
Fra:14 Mem:35.25M (Peak 39.07M) | Time:00:00.01 | Mem:0.00M, Peak:0.00M | Scene, ViewLayer | Updating Shaders
Fra:14 Mem:35.25M (Peak 39.07M) | Time:00:00.01 | Mem:0.00M, Peak:0.00M | Scene, ViewLayer | Loading render kernels (may take a few minutes the first time)
Fra:14 Mem:35.34M (Peak 39.07M) | Time:00:00.01 | Mem:0.01M, Peak:0.01M | Scene, ViewLayer | Updating Procedurals
Fra:14 Mem:35.34M (Peak 39.07M) | Time:00:00.01 | Mem:0.01M, Peak:0.01M | Scene, ViewLayer | Updating Background
Fra:14 Mem:35.34M (Peak 39.07M) | Time:00:00.01 | Mem:0.01M, Peak:0.01M | Scene, ViewLayer | Updating Camera
Fra:14 Mem:35.34M (Peak 39.07M) | Time:00:00.01 | Mem:0.01M, Peak:0.01M | Scene, ViewLayer | Updating Meshes Flags
Fra:14 Mem:35.34M (Peak 39.07M) | Time:00:00.01 | Mem:0.01M, Peak:0.01M | Scene, ViewLayer | Updating Objects
Fra:14 Mem:35.34M (Peak 39.07M) | Time:00:00.01 | Mem:0.01M, Peak:0.01M | Scene, ViewLayer | Updating Objects | Copying Transformations to device
Fra:14 Mem:35.36M (Peak 39.07M) | Time:00:00.01 | Mem:0.02M, Peak:0.02M | Scene, ViewLayer | Updating Particle Systems
Fra:14 Mem:35.36M (Peak 39.07M) | Time:00:00.01 | Mem:0.02M, Peak:0.02M | Scene, ViewLayer | Updating Particle Systems | Copying Particles to device
Fra:14 Mem:35.36M (Peak 39.07M) | Time:00:00.01 | Mem:0.02M, Peak:0.02M | Scene, ViewLayer | Updating Meshes
Fra:14 Mem:35.36M (Peak 39.07M) | Time:00:00.01 | Mem:0.02M, Peak:0.02M | Scene, ViewLayer | Updating Objects | Applying Static Transformations
Fra:14 Mem:35.36M (Peak 39.07M) | Time:00:00.01 | Mem:0.02M, Peak:0.02M | Scene, ViewLayer | Updating Mesh | Computing attributes
Fra:14 Mem:36.30M (Peak 39.07M) | Time:00:00.01 | Mem:0.03M, Peak:0.03M | Scene, ViewLayer | Updating Mesh | Copying Attributes to device
Fra:14 Mem:36.29M (Peak 39.07M) | Time:00:00.01 | Mem:0.96M, Peak:0.96M | Scene, ViewLayer | Updating Scene BVH | Building
Fra:14 Mem:36.29M (Peak 39.07M) | Time:00:00.01 | Mem:0.96M, Peak:0.96M | Scene, ViewLayer | Updating Scene BVH | Building BVH
Fra:14 Mem:36.29M (Peak 39.07M) | Time:00:00.01 | Mem:2.80M, Peak:2.80M | Scene, ViewLayer | Updating Scene BVH | Building BVH 0%
Fra:14 Mem:36.29M (Peak 39.07M) | Time:00:00.01 | Mem:5.00M, Peak:6.85M | Scene, ViewLayer | Updating Scene BVH | Copying BVH to device
Fra:14 Mem:36.29M (Peak 39.07M) | Time:00:00.01 | Mem:5.00M, Peak:6.85M | Scene, ViewLayer | Updating Mesh | Computing normals
Fra:14 Mem:39.08M (Peak 39.08M) | Time:00:00.01 | Mem:5.00M, Peak:6.85M | Scene, ViewLayer | Updating Mesh | Copying Mesh to device
Fra:14 Mem:39.08M (Peak 39.08M) | Time:00:00.01 | Mem:7.79M, Peak:7.79M | Scene, ViewLayer | Updating Objects Flags
Fra:14 Mem:39.08M (Peak 39.08M) | Time:00:00.01 | Mem:7.79M, Peak:7.79M | Scene, ViewLayer | Updating Primitive Offsets
Fra:14 Mem:39.08M (Peak 39.08M) | Time:00:00.01 | Mem:7.79M, Peak:7.79M | Scene, ViewLayer | Updating Images
Fra:14 Mem:39.08M (Peak 39.08M) | Time:00:00.01 | Mem:7.79M, Peak:7.79M | Scene, ViewLayer | Updating Images | Loading Concrete031_1K-JPG_Color.jpg
Fra:14 Mem:43.08M (Peak 43.08M) | Time:00:00.01 | Mem:7.79M, Peak:7.79M | Scene, ViewLayer | Updating Images | Loading Metal032_1K-JPG_Color.jpg
Fra:14 Mem:47.09M (Peak 47.09M) | Time:00:00.02 | Mem:15.79M, Peak:15.79M | Scene, ViewLayer | Updating Camera Volume
Fra:14 Mem:47.09M (Peak 47.09M) | Time:00:00.02 | Mem:15.79M, Peak:15.79M | Scene, ViewLayer | Updating Lookup Tables
Fra:14 Mem:47.09M (Peak 47.09M) | Time:00:00.02 | Mem:15.87M, Peak:15.87M | Scene, ViewLayer | Updating Lights
Fra:14 Mem:47.09M (Peak 47.09M) | Time:00:00.02 | Mem:15.87M, Peak:15.87M | Scene, ViewLayer | Updating Lights | Computing tree
Fra:14 Mem:47.09M (Peak 47.09M) | Time:00:00.02 | Mem:15.87M, Peak:15.87M | Scene, ViewLayer | Updating Integrator
Fra:14 Mem:47.09M (Peak 47.09M) | Time:00:00.02 | Mem:15.87M, Peak:15.87M | Scene, ViewLayer | Updating Film
Fra:14 Mem:47.09M (Peak 47.09M) | Time:00:00.02 | Mem:15.79M, Peak:15.87M | Scene, ViewLayer | Updating Lookup Tables
Fra:14 Mem:47.09M (Peak 47.09M) | Time:00:00.02 | Mem:15.87M, Peak:15.87M | Scene, ViewLayer | Updating Baking
Fra:14 Mem:47.09M (Peak 47.09M) | Time:00:00.02 | Mem:15.87M, Peak:15.87M | Scene, ViewLayer | Updating Device | Writing constant memory
Fra:14 Mem:47.10M (Peak 47.10M) | Time:00:00.02 | Mem:15.87M, Peak:15.87M | Scene, ViewLayer | Loading denoising kernels (may take a few minutes the first time)
Fra:14 Mem:47.10M (Peak 47.10M) | Time:00:00.02 | Mem:15.87M, Peak:15.87M | Scene, ViewLayer | Sample 0/24
Fra:14 Mem:275.14M (Peak 275.14M) | Time:00:01.01 | Remaining:00:22.59 | Mem:243.88M, Peak:243.88M | Scene, ViewLayer | Sample 1/24
Fra:14 Mem:371.14M (Peak 515.14M) | Time:00:34.63 | Mem:243.88M, Peak:243.88M | Scene, ViewLayer | Sample 24/24
Fra:14 Mem:371.14M (Peak 515.14M) | Time:00:34.63 | Mem:243.88M, Peak:243.88M | Scene, ViewLayer | Finished
Saved: '/Users/um-yunsang/CHOOGuard/art/blender/response-set-contact.png'
Time: 00:34.90 (Saving: 00:00.26)

Fra:14 Mem:33.68M (Peak 33.68M) | Time:00:00.00 | Mem:0.00M, Peak:0.00M | Scene, ViewLayer | Synchronizing object | Area
Fra:14 Mem:33.68M (Peak 33.68M) | Time:00:00.00 | Mem:0.00M, Peak:0.00M | Scene, ViewLayer | Synchronizing object | Horizontal mullion
Fra:14 Mem:34.02M (Peak 34.02M) | Time:00:00.00 | Mem:0.00M, Peak:0.00M | Scene, ViewLayer | Synchronizing object | Curved eave panel
Fra:14 Mem:35.08M (Peak 35.08M) | Time:00:00.01 | Mem:0.00M, Peak:0.00M | Scene, ViewLayer | Synchronizing object | Stone terrace
Fra:14 Mem:34.99M (Peak 35.08M) | Time:00:00.01 | Mem:0.00M, Peak:0.00M | Scene, ViewLayer | Synchronizing object | Entrance door
Fra:14 Mem:34.99M (Peak 35.08M) | Time:00:00.01 | Mem:0.00M, Peak:0.00M | Scene, ViewLayer | Synchronizing object | Aerodynamic shell
Fra:14 Mem:35.00M (Peak 35.08M) | Time:00:00.01 | Mem:0.00M, Peak:0.00M | Scene, ViewLayer | Synchronizing object | Underframe
Fra:14 Mem:35.24M (Peak 35.24M) | Time:00:00.01 | Mem:0.00M, Peak:0.00M | Scene, ViewLayer | Synchronizing object | Passenger window
Fra:14 Mem:35.56M (Peak 35.56M) | Time:00:00.01 | Mem:0.00M, Peak:0.00M | Scene, ViewLayer | Synchronizing object | Studio ground
Fra:14 Mem:35.79M (Peak 35.79M) | Time:00:00.01 | Mem:0.00M, Peak:0.00M | Scene, ViewLayer | Synchronizing object | Medical vest cross
Fra:14 Mem:35.74M (Peak 35.79M) | Time:00:00.01 | Mem:0.00M, Peak:0.00M | Scene, ViewLayer | Synchronizing object | Passenger door
Fra:14 Mem:36.25M (Peak 36.25M) | Time:00:00.01 | Mem:0.00M, Peak:0.00M | Scene, ViewLayer | Synchronizing object | Medical shoulder panel
Fra:14 Mem:36.27M (Peak 36.27M) | Time:00:00.01 | Mem:0.00M, Peak:0.00M | Scene, ViewLayer | Synchronizing object | Hair.001
Fra:14 Mem:36.28M (Peak 36.28M) | Time:00:00.01 | Mem:0.00M, Peak:0.00M | Scene, ViewLayer | Synchronizing object | Bogie
Fra:14 Mem:36.33M (Peak 36.33M) | Time:00:00.01 | Mem:0.00M, Peak:0.00M | Scene, ViewLayer | Synchronizing object | Fitted glove.001
Fra:14 Mem:36.62M (Peak 36.62M) | Time:00:00.01 | Mem:0.00M, Peak:0.00M | Scene, ViewLayer | Synchronizing object | Fitted boot.002
Fra:14 Mem:36.64M (Peak 36.64M) | Time:00:00.01 | Mem:0.00M, Peak:0.00M | Scene, ViewLayer | Synchronizing object | Nose lamp
Fra:14 Mem:36.72M (Peak 36.72M) | Time:00:00.01 | Mem:0.00M, Peak:0.00M | Scene, ViewLayer | Synchronizing object | Continuous tailored jacket.002
Fra:14 Mem:36.93M (Peak 36.93M) | Time:00:00.01 | Mem:0.00M, Peak:0.00M | Scene, ViewLayer | Synchronizing object | Breathing air cylinder
Fra:14 Mem:36.94M (Peak 36.94M) | Time:00:00.01 | Mem:0.00M, Peak:0.00M | Scene, ViewLayer | Synchronizing object | Aerodynamic shell.001
Fra:14 Mem:36.80M (Peak 36.94M) | Time:00:00.01 | Mem:0.00M, Peak:0.00M | Scene, ViewLayer | Synchronizing object | Face shield
Fra:14 Mem:36.52M (Peak 36.94M) | Time:00:00.01 | Mem:0.00M, Peak:0.00M | Scene, ViewLayer | Synchronizing object | Neck
Fra:14 Mem:36.55M (Peak 36.94M) | Time:00:00.01 | Mem:0.00M, Peak:0.00M | Scene, ViewLayer | Synchronizing object | Underframe.001
Fra:14 Mem:36.60M (Peak 36.94M) | Time:00:00.01 | Mem:0.00M, Peak:0.00M | Scene, ViewLayer | Synchronizing object | Ankle reflective band
Fra:14 Mem:36.61M (Peak 36.94M) | Time:00:00.01 | Mem:0.00M, Peak:0.00M | Scene, ViewLayer | Synchronizing object | Passenger window.016
Fra:14 Mem:36.95M (Peak 36.95M) | Time:00:00.01 | Mem:0.00M, Peak:0.00M | Scene, ViewLayer | Synchronizing object | Passenger door.004
Fra:14 Mem:36.97M (Peak 36.97M) | Time:00:00.01 | Mem:0.00M, Peak:0.00M | Scene, ViewLayer | Synchronizing object | Fitted boot.001
Fra:14 Mem:37.09M (Peak 37.09M) | Time:00:00.01 | Mem:0.00M, Peak:0.00M | Scene, ViewLayer | Synchronizing object | Continuous tailored jacket.001
Fra:14 Mem:37.01M (Peak 37.09M) | Time:00:00.01 | Mem:0.00M, Peak:0.00M | Scene, ViewLayer | Synchronizing object | Bogie.002
Fra:14 Mem:37.09M (Peak 37.09M) | Time:00:00.01 | Mem:0.00M, Peak:0.00M | Scene, ViewLayer | Synchronizing object | Operations vest
Fra:14 Mem:37.10M (Peak 37.10M) | Time:00:00.01 | Mem:0.00M, Peak:0.00M | Scene, ViewLayer | Synchronizing object | Chassis
Fra:14 Mem:37.11M (Peak 37.11M) | Time:00:00.01 | Mem:0.00M, Peak:0.00M | Scene, ViewLayer | Synchronizing object | Hair
Fra:14 Mem:37.23M (Peak 37.23M) | Time:00:00.01 | Mem:0.00M, Peak:0.00M | Scene, ViewLayer | Synchronizing object | Fitted glove
Fra:14 Mem:37.27M (Peak 37.27M) | Time:00:00.01 | Mem:0.00M, Peak:0.00M | Scene, ViewLayer | Synchronizing object | Fitted boot
Fra:14 Mem:37.38M (Peak 37.38M) | Time:00:00.01 | Mem:0.00M, Peak:0.00M | Scene, ViewLayer | Synchronizing object | Equipment body
Fra:14 Mem:37.45M (Peak 37.45M) | Time:00:00.01 | Mem:0.00M, Peak:0.00M | Scene, ViewLayer | Synchronizing object | Continuous tailored jacket
Fra:14 Mem:37.46M (Peak 37.46M) | Time:00:00.01 | Mem:0.00M, Peak:0.00M | Scene, ViewLayer | Synchronizing object | Lightbar housing.001
Fra:14 Mem:37.46M (Peak 37.46M) | Time:00:00.01 | Mem:0.00M, Peak:0.00M | Scene, ViewLayer | Synchronizing object | Windscreen
Fra:14 Mem:37.46M (Peak 37.46M) | Time:00:00.01 | Mem:0.00M, Peak:0.00M | Scene, ViewLayer | Synchronizing object | Headlamp.002
Fra:14 Mem:37.50M (Peak 37.50M) | Time:00:00.01 | Mem:0.00M, Peak:0.00M | Scene, ViewLayer | Synchronizing object | Cab handle
Fra:14 Mem:37.52M (Peak 37.52M) | Time:00:00.01 | Mem:0.00M, Peak:0.00M | Scene, ViewLayer | Synchronizing object | 119 side marking.002
Fra:14 Mem:37.66M (Peak 37.66M) | Time:00:00.01 | Mem:0.00M, Peak:0.00M | Scene, ViewLayer | Synchronizing object | Safety stripe
Fra:14 Mem:37.72M (Peak 37.72M) | Time:00:00.01 | Mem:0.00M, Peak:0.00M | Scene, ViewLayer | Synchronizing object | Medical cross vertical
Fra:14 Mem:38.59M (Peak 38.59M) | Time:00:00.01 | Mem:0.00M, Peak:0.00M | Scene, ViewLayer | Synchronizing object | Shutter rib
Fra:14 Mem:38.68M (Peak 38.68M) | Time:00:00.01 | Mem:0.00M, Peak:0.00M | Scene, ViewLayer | Synchronizing object | Safety stripe.002
Fra:14 Mem:38.30M (Peak 38.68M) | Time:00:00.01 | Mem:0.00M, Peak:0.00M | Scene, ViewLayer | Synchronizing object | Cab handle.002
Fra:14 Mem:38.63M (Peak 38.68M) | Time:00:00.01 | Mem:0.00M, Peak:0.00M | Scene, ViewLayer | Synchronizing object | 119 side marking
Fra:14 Mem:38.26M (Peak 38.68M) | Time:00:00.01 | Mem:0.00M, Peak:0.00M | Scene, ViewLayer | Synchronizing object | Headlamp
Fra:14 Mem:38.42M (Peak 38.68M) | Time:00:00.01 | Mem:0.00M, Peak:0.00M | Scene, ViewLayer | Synchronizing object | Windscreen.001
Fra:14 Mem:38.51M (Peak 38.68M) | Time:00:00.01 | Mem:0.00M, Peak:0.00M | Scene, ViewLayer | Synchronizing object | Chassis.001
Fra:14 Mem:38.60M (Peak 38.68M) | Time:00:00.01 | Mem:0.00M, Peak:0.00M | Scene, ViewLayer | Synchronizing object | Equipment body.001
Fra:14 Mem:38.57M (Peak 38.68M) | Time:00:00.01 | Mem:0.00M, Peak:0.00M | Scene, ViewLayer | Initializing
Fra:14 Mem:35.25M (Peak 38.68M) | Time:00:00.01 | Mem:0.00M, Peak:0.00M | Scene, ViewLayer | Waiting for render to start
Fra:14 Mem:35.25M (Peak 38.68M) | Time:00:00.01 | Mem:0.00M, Peak:0.00M | Scene, ViewLayer | Updating Scene
Fra:14 Mem:35.25M (Peak 38.68M) | Time:00:00.01 | Mem:0.00M, Peak:0.00M | Scene, ViewLayer | Updating Shaders
Fra:14 Mem:35.25M (Peak 38.68M) | Time:00:00.01 | Mem:0.00M, Peak:0.00M | Scene, ViewLayer | Loading render kernels (may take a few minutes the first time)
Fra:14 Mem:35.34M (Peak 38.68M) | Time:00:00.01 | Mem:0.01M, Peak:0.01M | Scene, ViewLayer | Updating Procedurals
Fra:14 Mem:35.34M (Peak 38.68M) | Time:00:00.01 | Mem:0.01M, Peak:0.01M | Scene, ViewLayer | Updating Background
Fra:14 Mem:35.34M (Peak 38.68M) | Time:00:00.01 | Mem:0.01M, Peak:0.01M | Scene, ViewLayer | Updating Camera
Fra:14 Mem:35.34M (Peak 38.68M) | Time:00:00.01 | Mem:0.01M, Peak:0.01M | Scene, ViewLayer | Updating Meshes Flags
Fra:14 Mem:35.34M (Peak 38.68M) | Time:00:00.01 | Mem:0.01M, Peak:0.01M | Scene, ViewLayer | Updating Objects
Fra:14 Mem:35.34M (Peak 38.68M) | Time:00:00.01 | Mem:0.01M, Peak:0.01M | Scene, ViewLayer | Updating Objects | Copying Transformations to device
Fra:14 Mem:35.36M (Peak 38.68M) | Time:00:00.01 | Mem:0.02M, Peak:0.02M | Scene, ViewLayer | Updating Particle Systems
Fra:14 Mem:35.36M (Peak 38.68M) | Time:00:00.01 | Mem:0.02M, Peak:0.02M | Scene, ViewLayer | Updating Particle Systems | Copying Particles to device
Fra:14 Mem:35.36M (Peak 38.68M) | Time:00:00.01 | Mem:0.02M, Peak:0.02M | Scene, ViewLayer | Updating Meshes
Fra:14 Mem:35.36M (Peak 38.68M) | Time:00:00.01 | Mem:0.02M, Peak:0.02M | Scene, ViewLayer | Updating Objects | Applying Static Transformations
Fra:14 Mem:35.36M (Peak 38.68M) | Time:00:00.01 | Mem:0.02M, Peak:0.02M | Scene, ViewLayer | Updating Mesh | Computing attributes
Fra:14 Mem:36.30M (Peak 38.68M) | Time:00:00.01 | Mem:0.03M, Peak:0.03M | Scene, ViewLayer | Updating Mesh | Copying Attributes to device
Fra:14 Mem:36.29M (Peak 38.68M) | Time:00:00.01 | Mem:0.96M, Peak:0.96M | Scene, ViewLayer | Updating Scene BVH | Building
Fra:14 Mem:36.29M (Peak 38.68M) | Time:00:00.01 | Mem:0.96M, Peak:0.96M | Scene, ViewLayer | Updating Scene BVH | Building BVH
Fra:14 Mem:36.29M (Peak 38.68M) | Time:00:00.01 | Mem:2.80M, Peak:2.80M | Scene, ViewLayer | Updating Scene BVH | Building BVH 0%
Fra:14 Mem:36.29M (Peak 38.68M) | Time:00:00.02 | Mem:5.00M, Peak:6.85M | Scene, ViewLayer | Updating Scene BVH | Copying BVH to device
Fra:14 Mem:36.29M (Peak 38.68M) | Time:00:00.02 | Mem:5.00M, Peak:6.85M | Scene, ViewLayer | Updating Mesh | Computing normals
Fra:14 Mem:39.08M (Peak 39.08M) | Time:00:00.02 | Mem:5.00M, Peak:6.85M | Scene, ViewLayer | Updating Mesh | Copying Mesh to device
Fra:14 Mem:39.08M (Peak 39.08M) | Time:00:00.02 | Mem:7.79M, Peak:7.79M | Scene, ViewLayer | Updating Objects Flags
Fra:14 Mem:39.08M (Peak 39.08M) | Time:00:00.02 | Mem:7.79M, Peak:7.79M | Scene, ViewLayer | Updating Primitive Offsets
Fra:14 Mem:39.08M (Peak 39.08M) | Time:00:00.02 | Mem:7.79M, Peak:7.79M | Scene, ViewLayer | Updating Images
Fra:14 Mem:39.08M (Peak 39.08M) | Time:00:00.02 | Mem:7.79M, Peak:7.79M | Scene, ViewLayer | Updating Images | Loading Concrete031_1K-JPG_Color.jpg
Fra:14 Mem:43.08M (Peak 43.08M) | Time:00:00.02 | Mem:7.79M, Peak:7.79M | Scene, ViewLayer | Updating Images | Loading Metal032_1K-JPG_Color.jpg
Fra:14 Mem:47.09M (Peak 47.09M) | Time:00:00.03 | Mem:15.79M, Peak:15.79M | Scene, ViewLayer | Updating Camera Volume
Fra:14 Mem:47.09M (Peak 47.09M) | Time:00:00.03 | Mem:15.79M, Peak:15.79M | Scene, ViewLayer | Updating Lookup Tables
Fra:14 Mem:47.09M (Peak 47.09M) | Time:00:00.03 | Mem:15.87M, Peak:15.87M | Scene, ViewLayer | Updating Lights
Fra:14 Mem:47.09M (Peak 47.09M) | Time:00:00.03 | Mem:15.87M, Peak:15.87M | Scene, ViewLayer | Updating Lights | Computing tree
Fra:14 Mem:47.09M (Peak 47.09M) | Time:00:00.03 | Mem:15.87M, Peak:15.87M | Scene, ViewLayer | Updating Integrator
Fra:14 Mem:47.09M (Peak 47.09M) | Time:00:00.03 | Mem:15.87M, Peak:15.87M | Scene, ViewLayer | Updating Film
Fra:14 Mem:47.09M (Peak 47.09M) | Time:00:00.03 | Mem:15.79M, Peak:15.87M | Scene, ViewLayer | Updating Lookup Tables
Fra:14 Mem:47.09M (Peak 47.09M) | Time:00:00.03 | Mem:15.87M, Peak:15.87M | Scene, ViewLayer | Updating Baking
Fra:14 Mem:47.09M (Peak 47.09M) | Time:00:00.03 | Mem:15.87M, Peak:15.87M | Scene, ViewLayer | Updating Device | Writing constant memory
Fra:14 Mem:47.10M (Peak 47.10M) | Time:00:00.03 | Mem:15.87M, Peak:15.87M | Scene, ViewLayer | Loading denoising kernels (may take a few minutes the first time)
Fra:14 Mem:47.10M (Peak 47.10M) | Time:00:00.03 | Mem:15.87M, Peak:15.87M | Scene, ViewLayer | Sample 0/24
Fra:14 Mem:275.14M (Peak 275.14M) | Time:00:00.86 | Remaining:00:19.08 | Mem:243.88M, Peak:243.88M | Scene, ViewLayer | Sample 1/24
Fra:14 Mem:371.14M (Peak 515.14M) | Time:00:31.93 | Mem:243.88M, Peak:243.88M | Scene, ViewLayer | Sample 24/24
Fra:14 Mem:371.14M (Peak 515.14M) | Time:00:31.93 | Mem:243.88M, Peak:243.88M | Scene, ViewLayer | Finished
Saved: '/Users/um-yunsang/CHOOGuard/art/blender/response-set-front.png'
Time: 00:32.16 (Saving: 00:00.22)

Fra:14 Mem:33.68M (Peak 33.68M) | Time:00:00.00 | Mem:0.00M, Peak:0.00M | Scene, ViewLayer | Synchronizing object | Area
Fra:14 Mem:33.68M (Peak 33.68M) | Time:00:00.00 | Mem:0.00M, Peak:0.00M | Scene, ViewLayer | Synchronizing object | Sun
Fra:14 Mem:33.68M (Peak 33.68M) | Time:00:00.00 | Mem:0.00M, Peak:0.00M | Scene, ViewLayer | Synchronizing object | Glazed bay
Fra:14 Mem:33.69M (Peak 33.69M) | Time:00:00.00 | Mem:0.00M, Peak:0.00M | Scene, ViewLayer | Synchronizing object | Horizontal mullion
Fra:14 Mem:33.70M (Peak 33.70M) | Time:00:00.00 | Mem:0.00M, Peak:0.00M | Scene, ViewLayer | Synchronizing object | Curved eave panel
Fra:14 Mem:34.97M (Peak 34.97M) | Time:00:00.00 | Mem:0.00M, Peak:0.00M | Scene, ViewLayer | Synchronizing object | Stone terrace
Fra:14 Mem:34.97M (Peak 34.97M) | Time:00:00.00 | Mem:0.00M, Peak:0.00M | Scene, ViewLayer | Synchronizing object | Entrance door
Fra:14 Mem:35.49M (Peak 35.49M) | Time:00:00.00 | Mem:0.00M, Peak:0.00M | Scene, ViewLayer | Synchronizing object | Aerodynamic shell
Fra:14 Mem:36.10M (Peak 36.10M) | Time:00:00.00 | Mem:0.00M, Peak:0.00M | Scene, ViewLayer | Synchronizing object | Studio ground
Fra:14 Mem:36.33M (Peak 36.33M) | Time:00:00.00 | Mem:0.00M, Peak:0.00M | Scene, ViewLayer | Synchronizing object | Underframe
Fra:14 Mem:36.35M (Peak 36.35M) | Time:00:00.00 | Mem:0.00M, Peak:0.00M | Scene, ViewLayer | Synchronizing object | Medical vest cross
Fra:14 Mem:35.82M (Peak 36.35M) | Time:00:00.00 | Mem:0.00M, Peak:0.00M | Scene, ViewLayer | Synchronizing object | Medical shoulder panel
Fra:14 Mem:35.95M (Peak 36.35M) | Time:00:00.00 | Mem:0.00M, Peak:0.00M | Scene, ViewLayer | Synchronizing object | Passenger window
Fra:14 Mem:35.98M (Peak 36.35M) | Time:00:00.00 | Mem:0.00M, Peak:0.00M | Scene, ViewLayer | Synchronizing object | Hair.001
Fra:14 Mem:36.19M (Peak 36.35M) | Time:00:00.00 | Mem:0.00M, Peak:0.00M | Scene, ViewLayer | Synchronizing object | Fitted glove.001
Fra:14 Mem:36.26M (Peak 36.35M) | Time:00:00.00 | Mem:0.00M, Peak:0.00M | Scene, ViewLayer | Synchronizing object | Fitted boot.002
Fra:14 Mem:36.38M (Peak 36.38M) | Time:00:00.00 | Mem:0.00M, Peak:0.00M | Scene, ViewLayer | Synchronizing object | Continuous tailored jacket.002
Fra:14 Mem:36.51M (Peak 36.51M) | Time:00:00.00 | Mem:0.00M, Peak:0.00M | Scene, ViewLayer | Synchronizing object | Breathing air cylinder
Fra:14 Mem:36.26M (Peak 36.51M) | Time:00:00.00 | Mem:0.00M, Peak:0.00M | Scene, ViewLayer | Synchronizing object | Face shield
Fra:14 Mem:36.37M (Peak 36.51M) | Time:00:00.00 | Mem:0.00M, Peak:0.00M | Scene, ViewLayer | Synchronizing object | Neck
Fra:14 Mem:36.41M (Peak 36.51M) | Time:00:00.00 | Mem:0.00M, Peak:0.00M | Scene, ViewLayer | Synchronizing object | Ankle reflective band
Fra:14 Mem:36.50M (Peak 36.51M) | Time:00:00.00 | Mem:0.00M, Peak:0.00M | Scene, ViewLayer | Synchronizing object | Passenger door
Fra:14 Mem:36.55M (Peak 36.55M) | Time:00:00.00 | Mem:0.00M, Peak:0.00M | Scene, ViewLayer | Synchronizing object | Fitted boot.001
Fra:14 Mem:36.63M (Peak 36.63M) | Time:00:00.00 | Mem:0.00M, Peak:0.00M | Scene, ViewLayer | Synchronizing object | Continuous tailored jacket.001
Fra:14 Mem:36.56M (Peak 36.63M) | Time:00:00.00 | Mem:0.00M, Peak:0.00M | Scene, ViewLayer | Synchronizing object | Bogie
Fra:14 Mem:36.66M (Peak 36.66M) | Time:00:00.00 | Mem:0.00M, Peak:0.00M | Scene, ViewLayer | Synchronizing object | Operations vest
Fra:14 Mem:36.67M (Peak 36.67M) | Time:00:00.00 | Mem:0.00M, Peak:0.00M | Scene, ViewLayer | Synchronizing object | Nose lamp
Fra:14 Mem:36.64M (Peak 36.67M) | Time:00:00.00 | Mem:0.00M, Peak:0.00M | Scene, ViewLayer | Synchronizing object | Aerodynamic shell.001
Fra:14 Mem:36.66M (Peak 36.67M) | Time:00:00.00 | Mem:0.00M, Peak:0.00M | Scene, ViewLayer | Synchronizing object | Hair
Fra:14 Mem:36.74M (Peak 36.74M) | Time:00:00.00 | Mem:0.00M, Peak:0.00M | Scene, ViewLayer | Synchronizing object | Fitted glove
Fra:14 Mem:36.78M (Peak 36.78M) | Time:00:00.00 | Mem:0.00M, Peak:0.00M | Scene, ViewLayer | Synchronizing object | Underframe.001
Fra:14 Mem:36.83M (Peak 36.83M) | Time:00:00.00 | Mem:0.00M, Peak:0.00M | Scene, ViewLayer | Synchronizing object | Fitted boot
Fra:14 Mem:36.88M (Peak 36.88M) | Time:00:00.00 | Mem:0.00M, Peak:0.00M | Scene, ViewLayer | Synchronizing object | Passenger window.016
Fra:14 Mem:37.13M (Peak 37.13M) | Time:00:00.00 | Mem:0.00M, Peak:0.00M | Scene, ViewLayer | Synchronizing object | Passenger door.004
Fra:14 Mem:37.39M (Peak 37.39M) | Time:00:00.00 | Mem:0.00M, Peak:0.00M | Scene, ViewLayer | Synchronizing object | Continuous tailored jacket
Fra:14 Mem:37.97M (Peak 37.97M) | Time:00:00.00 | Mem:0.00M, Peak:0.00M | Scene, ViewLayer | Synchronizing object | Lightbar housing.001
Fra:14 Mem:37.28M (Peak 37.97M) | Time:00:00.00 | Mem:0.00M, Peak:0.00M | Scene, ViewLayer | Synchronizing object | Bogie.002
Fra:14 Mem:37.25M (Peak 37.97M) | Time:00:00.00 | Mem:0.00M, Peak:0.00M | Scene, ViewLayer | Synchronizing object | Headlamp.002
Fra:14 Mem:37.27M (Peak 37.97M) | Time:00:00.00 | Mem:0.00M, Peak:0.00M | Scene, ViewLayer | Synchronizing object | Chassis
Fra:14 Mem:37.27M (Peak 37.97M) | Time:00:00.00 | Mem:0.00M, Peak:0.00M | Scene, ViewLayer | Synchronizing object | 119 side marking.002
Fra:14 Mem:37.27M (Peak 37.97M) | Time:00:00.00 | Mem:0.00M, Peak:0.00M | Scene, ViewLayer | Synchronizing object | Equipment body
Fra:14 Mem:37.34M (Peak 37.97M) | Time:00:00.00 | Mem:0.00M, Peak:0.00M | Scene, ViewLayer | Synchronizing object | Windscreen
Fra:14 Mem:37.40M (Peak 37.97M) | Time:00:00.00 | Mem:0.00M, Peak:0.00M | Scene, ViewLayer | Synchronizing object | Medical cross vertical
Fra:14 Mem:37.48M (Peak 37.97M) | Time:00:00.00 | Mem:0.00M, Peak:0.00M | Scene, ViewLayer | Synchronizing object | Cab handle
Fra:14 Mem:37.84M (Peak 37.97M) | Time:00:00.00 | Mem:0.00M, Peak:0.00M | Scene, ViewLayer | Synchronizing object | Safety stripe.002
Fra:14 Mem:37.77M (Peak 37.97M) | Time:00:00.00 | Mem:0.00M, Peak:0.00M | Scene, ViewLayer | Synchronizing object | Safety stripe
Fra:14 Mem:37.85M (Peak 37.97M) | Time:00:00.00 | Mem:0.00M, Peak:0.00M | Scene, ViewLayer | Synchronizing object | Cab handle.002
Fra:14 Mem:37.93M (Peak 37.97M) | Time:00:00.00 | Mem:0.00M, Peak:0.00M | Scene, ViewLayer | Synchronizing object | Shutter rib
Fra:14 Mem:38.10M (Peak 38.10M) | Time:00:00.00 | Mem:0.00M, Peak:0.00M | Scene, ViewLayer | Synchronizing object | Windscreen.001
Fra:14 Mem:38.41M (Peak 38.41M) | Time:00:00.00 | Mem:0.00M, Peak:0.00M | Scene, ViewLayer | Synchronizing object | 119 side marking
Fra:14 Mem:38.55M (Peak 38.55M) | Time:00:00.00 | Mem:0.00M, Peak:0.00M | Scene, ViewLayer | Synchronizing object | Headlamp
Fra:14 Mem:38.51M (Peak 38.55M) | Time:00:00.00 | Mem:0.00M, Peak:0.00M | Scene, ViewLayer | Synchronizing object | Chassis.001
Fra:14 Mem:38.77M (Peak 38.77M) | Time:00:00.00 | Mem:0.00M, Peak:0.00M | Scene, ViewLayer | Synchronizing object | Equipment body.001
Fra:14 Mem:38.57M (Peak 38.77M) | Time:00:00.00 | Mem:0.00M, Peak:0.00M | Scene, ViewLayer | Initializing
Fra:14 Mem:35.25M (Peak 38.77M) | Time:00:00.00 | Mem:0.00M, Peak:0.00M | Scene, ViewLayer | Waiting for render to start
Fra:14 Mem:35.25M (Peak 38.77M) | Time:00:00.00 | Mem:0.00M, Peak:0.00M | Scene, ViewLayer | Updating Scene
Fra:14 Mem:35.25M (Peak 38.77M) | Time:00:00.00 | Mem:0.00M, Peak:0.00M | Scene, ViewLayer | Updating Shaders
Fra:14 Mem:35.25M (Peak 38.77M) | Time:00:00.00 | Mem:0.00M, Peak:0.00M | Scene, ViewLayer | Loading render kernels (may take a few minutes the first time)
Fra:14 Mem:35.34M (Peak 38.77M) | Time:00:00.01 | Mem:0.01M, Peak:0.01M | Scene, ViewLayer | Updating Procedurals
Fra:14 Mem:35.34M (Peak 38.77M) | Time:00:00.01 | Mem:0.01M, Peak:0.01M | Scene, ViewLayer | Updating Background
Fra:14 Mem:35.34M (Peak 38.77M) | Time:00:00.01 | Mem:0.01M, Peak:0.01M | Scene, ViewLayer | Updating Camera
Fra:14 Mem:35.34M (Peak 38.77M) | Time:00:00.01 | Mem:0.01M, Peak:0.01M | Scene, ViewLayer | Updating Meshes Flags
Fra:14 Mem:35.34M (Peak 38.77M) | Time:00:00.01 | Mem:0.01M, Peak:0.01M | Scene, ViewLayer | Updating Objects
Fra:14 Mem:35.34M (Peak 38.77M) | Time:00:00.01 | Mem:0.01M, Peak:0.01M | Scene, ViewLayer | Updating Objects | Copying Transformations to device
Fra:14 Mem:35.36M (Peak 38.77M) | Time:00:00.01 | Mem:0.02M, Peak:0.02M | Scene, ViewLayer | Updating Particle Systems
Fra:14 Mem:35.36M (Peak 38.77M) | Time:00:00.01 | Mem:0.02M, Peak:0.02M | Scene, ViewLayer | Updating Particle Systems | Copying Particles to device
Fra:14 Mem:35.36M (Peak 38.77M) | Time:00:00.01 | Mem:0.02M, Peak:0.02M | Scene, ViewLayer | Updating Meshes
Fra:14 Mem:35.36M (Peak 38.77M) | Time:00:00.01 | Mem:0.02M, Peak:0.02M | Scene, ViewLayer | Updating Objects | Applying Static Transformations
Fra:14 Mem:35.36M (Peak 38.77M) | Time:00:00.01 | Mem:0.02M, Peak:0.02M | Scene, ViewLayer | Updating Mesh | Computing attributes
Fra:14 Mem:36.30M (Peak 38.77M) | Time:00:00.01 | Mem:0.03M, Peak:0.03M | Scene, ViewLayer | Updating Mesh | Copying Attributes to device
Fra:14 Mem:36.29M (Peak 38.77M) | Time:00:00.01 | Mem:0.96M, Peak:0.96M | Scene, ViewLayer | Updating Scene BVH | Building
Fra:14 Mem:36.29M (Peak 38.77M) | Time:00:00.01 | Mem:0.96M, Peak:0.96M | Scene, ViewLayer | Updating Scene BVH | Building BVH
Fra:14 Mem:36.29M (Peak 38.77M) | Time:00:00.01 | Mem:2.80M, Peak:2.80M | Scene, ViewLayer | Updating Scene BVH | Building BVH 0%
Fra:14 Mem:36.29M (Peak 38.77M) | Time:00:00.01 | Mem:5.00M, Peak:6.85M | Scene, ViewLayer | Updating Scene BVH | Copying BVH to device
Fra:14 Mem:36.29M (Peak 38.77M) | Time:00:00.01 | Mem:5.00M, Peak:6.85M | Scene, ViewLayer | Updating Mesh | Computing normals
Fra:14 Mem:39.08M (Peak 39.08M) | Time:00:00.01 | Mem:5.00M, Peak:6.85M | Scene, ViewLayer | Updating Mesh | Copying Mesh to device
Fra:14 Mem:39.08M (Peak 39.08M) | Time:00:00.01 | Mem:7.79M, Peak:7.79M | Scene, ViewLayer | Updating Objects Flags
Fra:14 Mem:39.08M (Peak 39.08M) | Time:00:00.01 | Mem:7.79M, Peak:7.79M | Scene, ViewLayer | Updating Primitive Offsets
Fra:14 Mem:39.08M (Peak 39.08M) | Time:00:00.01 | Mem:7.79M, Peak:7.79M | Scene, ViewLayer | Updating Images
Fra:14 Mem:39.08M (Peak 39.08M) | Time:00:00.01 | Mem:7.79M, Peak:7.79M | Scene, ViewLayer | Updating Images | Loading Concrete031_1K-JPG_Color.jpg
Fra:14 Mem:43.08M (Peak 43.08M) | Time:00:00.01 | Mem:7.79M, Peak:7.79M | Scene, ViewLayer | Updating Images | Loading Metal032_1K-JPG_Color.jpg
Fra:14 Mem:47.09M (Peak 47.09M) | Time:00:00.03 | Mem:15.79M, Peak:15.79M | Scene, ViewLayer | Updating Camera Volume
Fra:14 Mem:47.09M (Peak 47.09M) | Time:00:00.03 | Mem:15.79M, Peak:15.79M | Scene, ViewLayer | Updating Lookup Tables
Fra:14 Mem:47.09M (Peak 47.09M) | Time:00:00.03 | Mem:15.87M, Peak:15.87M | Scene, ViewLayer | Updating Lights
Fra:14 Mem:47.09M (Peak 47.09M) | Time:00:00.03 | Mem:15.87M, Peak:15.87M | Scene, ViewLayer | Updating Lights | Computing tree
Fra:14 Mem:47.09M (Peak 47.09M) | Time:00:00.03 | Mem:15.87M, Peak:15.87M | Scene, ViewLayer | Updating Integrator
Fra:14 Mem:47.09M (Peak 47.09M) | Time:00:00.03 | Mem:15.87M, Peak:15.87M | Scene, ViewLayer | Updating Film
Fra:14 Mem:47.09M (Peak 47.09M) | Time:00:00.03 | Mem:15.79M, Peak:15.87M | Scene, ViewLayer | Updating Lookup Tables
Fra:14 Mem:47.09M (Peak 47.09M) | Time:00:00.03 | Mem:15.87M, Peak:15.87M | Scene, ViewLayer | Updating Baking
Fra:14 Mem:47.09M (Peak 47.09M) | Time:00:00.03 | Mem:15.87M, Peak:15.87M | Scene, ViewLayer | Updating Device | Writing constant memory
Fra:14 Mem:47.10M (Peak 47.10M) | Time:00:00.03 | Mem:15.87M, Peak:15.87M | Scene, ViewLayer | Loading denoising kernels (may take a few minutes the first time)
Fra:14 Mem:47.10M (Peak 47.10M) | Time:00:00.03 | Mem:15.87M, Peak:15.87M | Scene, ViewLayer | Sample 0/24
Fra:14 Mem:161.14M (Peak 161.14M) | Time:00:00.71 | Remaining:00:15.78 | Mem:129.88M, Peak:129.88M | Scene, ViewLayer | Sample 1/24
Fra:14 Mem:209.14M (Peak 281.14M) | Time:00:21.62 | Mem:129.88M, Peak:129.88M | Scene, ViewLayer | Sample 24/24
Fra:14 Mem:209.14M (Peak 281.14M) | Time:00:21.62 | Mem:129.88M, Peak:129.88M | Scene, ViewLayer | Finished
Saved: '/Users/um-yunsang/CHOOGuard/art/blender/crew-walk-frame14.png'
Time: 00:21.73 (Saving: 00:00.10)


FBX export starting... '/Users/um-yunsang/CHOOGuard/Assets/ChooGuard/Art/ResponseSet/BusanFacade.fbx'
export finished in 0.0196 sec.

FBX export starting... '/Users/um-yunsang/CHOOGuard/Assets/ChooGuard/Art/ResponseSet/HighSpeedCab.fbx'
export finished in 0.0087 sec.

FBX export starting... '/Users/um-yunsang/CHOOGuard/Assets/ChooGuard/Art/ResponseSet/HighSpeedCoach.fbx'
export finished in 0.0076 sec.

FBX export starting... '/Users/um-yunsang/CHOOGuard/Assets/ChooGuard/Art/ResponseSet/FireEngine119.fbx'
export finished in 0.0141 sec.

FBX export starting... '/Users/um-yunsang/CHOOGuard/Assets/ChooGuard/Art/ResponseSet/Ambulance119.fbx'
export finished in 0.0100 sec.
FBX version: 7700

FBX export starting... '/Users/um-yunsang/CHOOGuard/Assets/ChooGuard/Art/ResponseSet/CrewOperations.fbx'
(bpy.data.armatures['root'], 'POSE')
(bpy.data.armatures['root'], 'POSE')
(bpy.data.armatures['root'], 'POSE')
(bpy.data.armatures['root'], 'POSE')
(bpy.data.armatures['root'], 'POSE')
export finished in 0.0487 sec.
FBX version: 7700

FBX export starting... '/Users/um-yunsang/CHOOGuard/Assets/ChooGuard/Art/ResponseSet/CrewFire.fbx'
(bpy.data.armatures['root.001'], 'POSE')
(bpy.data.armatures['root.001'], 'POSE')
(bpy.data.armatures['root.001'], 'POSE')
(bpy.data.armatures['root.001'], 'POSE')
(bpy.data.armatures['root.001'], 'POSE')
(bpy.data.armatures['root.001'], 'POSE')
export finished in 0.0653 sec.
FBX version: 7700

FBX export starting... '/Users/um-yunsang/CHOOGuard/Assets/ChooGuard/Art/ResponseSet/CrewMedical.fbx'
(bpy.data.armatures['root.002'], 'POSE')
(bpy.data.armatures['root.002'], 'POSE')
(bpy.data.armatures['root.002'], 'POSE')
(bpy.data.armatures['root.002'], 'POSE')
(bpy.data.armatures['root.002'], 'POSE')
(bpy.data.armatures['root.002'], 'POSE')
export finished in 0.0644 sec.
Info: Saved as "response_set.blend"

Blender quit
