Blender 4.5.9 LTS (hash 8bf95cbd38d1 built 2026-04-21 01:30:46)
Fra:14 Mem:30.68M (Peak 33.53M) | Time:00:00.00 | Mem:0.00M, Peak:0.00M | Scene, ViewLayer | Synchronizing object | Area
Fra:14 Mem:30.69M (Peak 33.53M) | Time:00:00.00 | Mem:0.00M, Peak:0.00M | Scene, ViewLayer | Synchronizing object | Glazed bay
Fra:14 Mem:30.69M (Peak 33.53M) | Time:00:00.00 | Mem:0.00M, Peak:0.00M | Scene, ViewLayer | Synchronizing object | Curved eave panel
Fra:14 Mem:33.58M (Peak 33.58M) | Time:00:00.00 | Mem:0.00M, Peak:0.00M | Scene, ViewLayer | Synchronizing object | Studio ground
Fra:14 Mem:33.48M (Peak 33.58M) | Time:00:00.00 | Mem:0.00M, Peak:0.00M | Scene, ViewLayer | Synchronizing object | Stone terrace
Fra:14 Mem:33.60M (Peak 33.60M) | Time:00:00.00 | Mem:0.00M, Peak:0.00M | Scene, ViewLayer | Synchronizing object | Medical vest cross
Fra:14 Mem:34.40M (Peak 34.40M) | Time:00:00.00 | Mem:0.00M, Peak:0.00M | Scene, ViewLayer | Synchronizing object | Medical shoulder panel
Fra:14 Mem:34.51M (Peak 34.51M) | Time:00:00.00 | Mem:0.00M, Peak:0.00M | Scene, ViewLayer | Synchronizing object | Hair.001
Fra:14 Mem:34.69M (Peak 34.69M) | Time:00:00.00 | Mem:0.00M, Peak:0.00M | Scene, ViewLayer | Synchronizing object | Fitted glove.001
Fra:14 Mem:35.56M (Peak 35.56M) | Time:00:00.00 | Mem:0.00M, Peak:0.00M | Scene, ViewLayer | Synchronizing object | Entrance door
Fra:14 Mem:35.75M (Peak 35.75M) | Time:00:00.00 | Mem:0.00M, Peak:0.00M | Scene, ViewLayer | Synchronizing object | Fitted boot.002
Fra:14 Mem:35.86M (Peak 35.86M) | Time:00:00.00 | Mem:0.00M, Peak:0.00M | Scene, ViewLayer | Synchronizing object | Continuous tailored jacket.002
Fra:14 Mem:36.08M (Peak 36.08M) | Time:00:00.00 | Mem:0.00M, Peak:0.00M | Scene, ViewLayer | Synchronizing object | Breathing air cylinder
Fra:14 Mem:36.08M (Peak 36.08M) | Time:00:00.00 | Mem:0.00M, Peak:0.00M | Scene, ViewLayer | Synchronizing object | Face shield
Fra:14 Mem:34.98M (Peak 36.08M) | Time:00:00.00 | Mem:0.00M, Peak:0.00M | Scene, ViewLayer | Synchronizing object | Neck
Fra:14 Mem:35.38M (Peak 36.08M) | Time:00:00.00 | Mem:0.00M, Peak:0.00M | Scene, ViewLayer | Synchronizing object | Ankle reflective band
Fra:14 Mem:35.66M (Peak 36.08M) | Time:00:00.00 | Mem:0.00M, Peak:0.00M | Scene, ViewLayer | Synchronizing object | Aerodynamic shell
Fra:14 Mem:35.56M (Peak 36.08M) | Time:00:00.00 | Mem:0.00M, Peak:0.00M | Scene, ViewLayer | Synchronizing object | Fitted boot.001
Fra:14 Mem:35.71M (Peak 36.08M) | Time:00:00.00 | Mem:0.00M, Peak:0.00M | Scene, ViewLayer | Synchronizing object | Continuous tailored jacket.001
Fra:14 Mem:35.81M (Peak 36.08M) | Time:00:00.00 | Mem:0.00M, Peak:0.00M | Scene, ViewLayer | Synchronizing object | Operations vest
Fra:14 Mem:35.78M (Peak 36.08M) | Time:00:00.00 | Mem:0.00M, Peak:0.00M | Scene, ViewLayer | Synchronizing object | Hair
Fra:14 Mem:35.80M (Peak 36.08M) | Time:00:00.00 | Mem:0.00M, Peak:0.00M | Scene, ViewLayer | Synchronizing object | Fitted glove
Fra:14 Mem:35.87M (Peak 36.08M) | Time:00:00.00 | Mem:0.00M, Peak:0.00M | Scene, ViewLayer | Synchronizing object | Fitted boot
Fra:14 Mem:35.92M (Peak 36.08M) | Time:00:00.00 | Mem:0.00M, Peak:0.00M | Scene, ViewLayer | Synchronizing object | Underframe
Fra:14 Mem:35.95M (Peak 36.08M) | Time:00:00.00 | Mem:0.00M, Peak:0.00M | Scene, ViewLayer | Synchronizing object | Continuous tailored jacket
Fra:14 Mem:35.99M (Peak 36.08M) | Time:00:00.00 | Mem:0.00M, Peak:0.00M | Scene, ViewLayer | Synchronizing object | Passenger window
Fra:14 Mem:36.00M (Peak 36.08M) | Time:00:00.00 | Mem:0.00M, Peak:0.00M | Scene, ViewLayer | Synchronizing object | Lightbar housing.001
Fra:14 Mem:36.09M (Peak 36.09M) | Time:00:00.00 | Mem:0.00M, Peak:0.00M | Scene, ViewLayer | Synchronizing object | Headlamp.002
Fra:14 Mem:36.41M (Peak 36.41M) | Time:00:00.00 | Mem:0.00M, Peak:0.00M | Scene, ViewLayer | Synchronizing object | 119 side marking.002
Fra:14 Mem:36.43M (Peak 36.43M) | Time:00:00.00 | Mem:0.00M, Peak:0.00M | Scene, ViewLayer | Synchronizing object | Medical cross vertical
Fra:14 Mem:37.78M (Peak 37.78M) | Time:00:00.00 | Mem:0.00M, Peak:0.00M | Scene, ViewLayer | Synchronizing object | Safety stripe.002
Fra:14 Mem:37.18M (Peak 37.78M) | Time:00:00.00 | Mem:0.00M, Peak:0.00M | Scene, ViewLayer | Synchronizing object | Passenger door
Fra:14 Mem:36.55M (Peak 37.78M) | Time:00:00.00 | Mem:0.00M, Peak:0.00M | Scene, ViewLayer | Synchronizing object | Bogie
Fra:14 Mem:36.64M (Peak 37.78M) | Time:00:00.00 | Mem:0.00M, Peak:0.00M | Scene, ViewLayer | Synchronizing object | Cab handle.002
Fra:14 Mem:36.73M (Peak 37.78M) | Time:00:00.00 | Mem:0.00M, Peak:0.00M | Scene, ViewLayer | Synchronizing object | Nose lamp
Fra:14 Mem:36.73M (Peak 37.78M) | Time:00:00.00 | Mem:0.00M, Peak:0.00M | Scene, ViewLayer | Synchronizing object | Aerodynamic shell.001
Fra:14 Mem:36.80M (Peak 37.78M) | Time:00:00.00 | Mem:0.00M, Peak:0.00M | Scene, ViewLayer | Synchronizing object | Underframe.001
Fra:14 Mem:36.80M (Peak 37.78M) | Time:00:00.00 | Mem:0.00M, Peak:0.00M | Scene, ViewLayer | Synchronizing object | Passenger window.016
Fra:14 Mem:36.92M (Peak 37.78M) | Time:00:00.00 | Mem:0.00M, Peak:0.00M | Scene, ViewLayer | Synchronizing object | Passenger door.004
Fra:14 Mem:37.20M (Peak 37.78M) | Time:00:00.00 | Mem:0.00M, Peak:0.00M | Scene, ViewLayer | Synchronizing object | Bogie.002
Fra:14 Mem:37.23M (Peak 37.78M) | Time:00:00.00 | Mem:0.00M, Peak:0.00M | Scene, ViewLayer | Synchronizing object | Windscreen.001
Fra:14 Mem:37.23M (Peak 37.78M) | Time:00:00.00 | Mem:0.00M, Peak:0.00M | Scene, ViewLayer | Synchronizing object | Chassis
Fra:14 Mem:37.43M (Peak 37.78M) | Time:00:00.00 | Mem:0.00M, Peak:0.00M | Scene, ViewLayer | Synchronizing object | Equipment body
Fra:14 Mem:37.44M (Peak 37.78M) | Time:00:00.00 | Mem:0.00M, Peak:0.00M | Scene, ViewLayer | Synchronizing object | Equipment body.001
Fra:14 Mem:37.55M (Peak 37.78M) | Time:00:00.00 | Mem:0.00M, Peak:0.00M | Scene, ViewLayer | Synchronizing object | Chassis.001
Fra:14 Mem:37.61M (Peak 37.78M) | Time:00:00.00 | Mem:0.00M, Peak:0.00M | Scene, ViewLayer | Synchronizing object | Windscreen
Fra:14 Mem:38.03M (Peak 38.03M) | Time:00:00.00 | Mem:0.00M, Peak:0.00M | Scene, ViewLayer | Synchronizing object | Cab handle
Fra:14 Mem:37.64M (Peak 38.03M) | Time:00:00.00 | Mem:0.00M, Peak:0.00M | Scene, ViewLayer | Synchronizing object | Safety stripe
Fra:14 Mem:37.67M (Peak 38.03M) | Time:00:00.00 | Mem:0.00M, Peak:0.00M | Scene, ViewLayer | Synchronizing object | Shutter rib
Fra:14 Mem:37.71M (Peak 38.03M) | Time:00:00.00 | Mem:0.00M, Peak:0.00M | Scene, ViewLayer | Synchronizing object | Headlamp
Fra:14 Mem:37.97M (Peak 38.03M) | Time:00:00.00 | Mem:0.00M, Peak:0.00M | Scene, ViewLayer | Synchronizing object | 119 side marking
Fra:14 Mem:38.56M (Peak 39.06M) | Time:00:00.01 | Mem:0.00M, Peak:0.00M | Scene, ViewLayer | Initializing
Fra:14 Mem:35.25M (Peak 39.06M) | Time:00:00.01 | Mem:0.00M, Peak:0.00M | Scene, ViewLayer | Waiting for render to start
Fra:14 Mem:35.25M (Peak 39.06M) | Time:00:00.01 | Mem:0.00M, Peak:0.00M | Scene, ViewLayer | Updating Scene
Fra:14 Mem:35.25M (Peak 39.06M) | Time:00:00.01 | Mem:0.00M, Peak:0.00M | Scene, ViewLayer | Updating Shaders
Fra:14 Mem:35.25M (Peak 39.06M) | Time:00:00.01 | Mem:0.00M, Peak:0.00M | Scene, ViewLayer | Loading render kernels (may take a few minutes the first time)
Fra:14 Mem:35.34M (Peak 39.06M) | Time:00:00.01 | Mem:0.01M, Peak:0.01M | Scene, ViewLayer | Updating Procedurals
Fra:14 Mem:35.34M (Peak 39.06M) | Time:00:00.01 | Mem:0.01M, Peak:0.01M | Scene, ViewLayer | Updating Background
Fra:14 Mem:35.34M (Peak 39.06M) | Time:00:00.01 | Mem:0.01M, Peak:0.01M | Scene, ViewLayer | Updating Camera
Fra:14 Mem:35.34M (Peak 39.06M) | Time:00:00.01 | Mem:0.01M, Peak:0.01M | Scene, ViewLayer | Updating Meshes Flags
Fra:14 Mem:35.34M (Peak 39.06M) | Time:00:00.01 | Mem:0.01M, Peak:0.01M | Scene, ViewLayer | Updating Objects
Fra:14 Mem:35.34M (Peak 39.06M) | Time:00:00.01 | Mem:0.01M, Peak:0.01M | Scene, ViewLayer | Updating Objects | Copying Transformations to device
Fra:14 Mem:35.35M (Peak 39.06M) | Time:00:00.01 | Mem:0.02M, Peak:0.02M | Scene, ViewLayer | Updating Particle Systems
Fra:14 Mem:35.35M (Peak 39.06M) | Time:00:00.01 | Mem:0.02M, Peak:0.02M | Scene, ViewLayer | Updating Particle Systems | Copying Particles to device
Fra:14 Mem:35.35M (Peak 39.06M) | Time:00:00.01 | Mem:0.02M, Peak:0.02M | Scene, ViewLayer | Updating Meshes
Fra:14 Mem:35.35M (Peak 39.06M) | Time:00:00.01 | Mem:0.02M, Peak:0.02M | Scene, ViewLayer | Updating Objects | Applying Static Transformations
Fra:14 Mem:35.35M (Peak 39.06M) | Time:00:00.01 | Mem:0.02M, Peak:0.02M | Scene, ViewLayer | Updating Mesh | Computing attributes
Fra:14 Mem:36.29M (Peak 39.06M) | Time:00:00.01 | Mem:0.03M, Peak:0.03M | Scene, ViewLayer | Updating Mesh | Copying Attributes to device
Fra:14 Mem:36.29M (Peak 39.06M) | Time:00:00.01 | Mem:0.96M, Peak:0.96M | Scene, ViewLayer | Updating Scene BVH | Building
Fra:14 Mem:36.29M (Peak 39.06M) | Time:00:00.01 | Mem:0.96M, Peak:0.96M | Scene, ViewLayer | Updating Scene BVH | Building BVH
Fra:14 Mem:36.29M (Peak 39.06M) | Time:00:00.01 | Mem:2.80M, Peak:2.80M | Scene, ViewLayer | Updating Scene BVH | Building BVH 0%
Fra:14 Mem:36.29M (Peak 39.06M) | Time:00:00.01 | Mem:5.00M, Peak:6.85M | Scene, ViewLayer | Updating Scene BVH | Copying BVH to device
Fra:14 Mem:36.29M (Peak 39.06M) | Time:00:00.01 | Mem:5.00M, Peak:6.85M | Scene, ViewLayer | Updating Mesh | Computing normals
Fra:14 Mem:39.07M (Peak 39.07M) | Time:00:00.01 | Mem:5.00M, Peak:6.85M | Scene, ViewLayer | Updating Mesh | Copying Mesh to device
Fra:14 Mem:39.07M (Peak 39.07M) | Time:00:00.01 | Mem:7.79M, Peak:7.79M | Scene, ViewLayer | Updating Objects Flags
Fra:14 Mem:39.07M (Peak 39.07M) | Time:00:00.01 | Mem:7.79M, Peak:7.79M | Scene, ViewLayer | Updating Primitive Offsets
Fra:14 Mem:39.07M (Peak 39.07M) | Time:00:00.01 | Mem:7.79M, Peak:7.79M | Scene, ViewLayer | Updating Images
Fra:14 Mem:39.07M (Peak 39.07M) | Time:00:00.01 | Mem:7.79M, Peak:7.79M | Scene, ViewLayer | Updating Images | Loading Concrete031_1K-JPG_Color.jpg
Fra:14 Mem:39.07M (Peak 39.07M) | Time:00:00.01 | Mem:7.79M, Peak:7.79M | Scene, ViewLayer | Updating Images | Loading Metal032_1K-JPG_Color.jpg
Fra:14 Mem:47.08M (Peak 47.08M) | Time:00:00.03 | Mem:15.79M, Peak:15.79M | Scene, ViewLayer | Updating Camera Volume
Fra:14 Mem:47.08M (Peak 47.08M) | Time:00:00.03 | Mem:15.79M, Peak:15.79M | Scene, ViewLayer | Updating Lookup Tables
Fra:14 Mem:47.08M (Peak 47.08M) | Time:00:00.03 | Mem:15.87M, Peak:15.87M | Scene, ViewLayer | Updating Lights
Fra:14 Mem:47.08M (Peak 47.08M) | Time:00:00.03 | Mem:15.87M, Peak:15.87M | Scene, ViewLayer | Updating Lights | Computing tree
Fra:14 Mem:47.08M (Peak 47.08M) | Time:00:00.03 | Mem:15.87M, Peak:15.87M | Scene, ViewLayer | Updating Integrator
Fra:14 Mem:47.08M (Peak 47.08M) | Time:00:00.03 | Mem:15.87M, Peak:15.87M | Scene, ViewLayer | Updating Film
Fra:14 Mem:47.09M (Peak 47.09M) | Time:00:00.03 | Mem:15.79M, Peak:15.87M | Scene, ViewLayer | Updating Lookup Tables
Fra:14 Mem:47.09M (Peak 47.09M) | Time:00:00.03 | Mem:15.87M, Peak:15.87M | Scene, ViewLayer | Updating Baking
Fra:14 Mem:47.09M (Peak 47.09M) | Time:00:00.03 | Mem:15.87M, Peak:15.87M | Scene, ViewLayer | Updating Device | Writing constant memory
Fra:14 Mem:47.09M (Peak 47.09M) | Time:00:00.03 | Mem:15.87M, Peak:15.87M | Scene, ViewLayer | Loading denoising kernels (may take a few minutes the first time)
Fra:14 Mem:47.09M (Peak 47.09M) | Time:00:00.03 | Mem:15.87M, Peak:15.87M | Scene, ViewLayer | Sample 0/24
Fra:14 Mem:275.13M (Peak 275.13M) | Time:00:01.17 | Remaining:00:26.26 | Mem:243.88M, Peak:243.88M | Scene, ViewLayer | Sample 1/24
Fra:14 Mem:371.13M (Peak 515.14M) | Time:00:36.14 | Mem:243.88M, Peak:243.88M | Scene, ViewLayer | Sample 24/24
Fra:14 Mem:371.13M (Peak 515.14M) | Time:00:36.14 | Mem:243.88M, Peak:243.88M | Scene, ViewLayer | Finished
Saved: '/Users/um-yunsang/CHOOGuard/art/blender/response-set-contact.png'
Time: 00:36.45 (Saving: 00:00.30)

Fra:14 Mem:33.67M (Peak 33.67M) | Time:00:00.00 | Mem:0.00M, Peak:0.00M | Scene, ViewLayer | Synchronizing object | Area
Fra:14 Mem:33.68M (Peak 33.68M) | Time:00:00.00 | Mem:0.00M, Peak:0.00M | Scene, ViewLayer | Synchronizing object | Glazed bay
Fra:14 Mem:33.68M (Peak 33.68M) | Time:00:00.00 | Mem:0.00M, Peak:0.00M | Scene, ViewLayer | Synchronizing object | Horizontal mullion
Fra:14 Mem:33.68M (Peak 33.68M) | Time:00:00.00 | Mem:0.00M, Peak:0.00M | Scene, ViewLayer | Synchronizing object | Curved eave panel
Fra:14 Mem:34.97M (Peak 34.97M) | Time:00:00.00 | Mem:0.00M, Peak:0.00M | Scene, ViewLayer | Synchronizing object | Stone terrace
Fra:14 Mem:34.98M (Peak 34.98M) | Time:00:00.00 | Mem:0.00M, Peak:0.00M | Scene, ViewLayer | Synchronizing object | Entrance door
Fra:14 Mem:34.98M (Peak 34.98M) | Time:00:00.00 | Mem:0.00M, Peak:0.00M | Scene, ViewLayer | Synchronizing object | Aerodynamic shell
Fra:14 Mem:35.50M (Peak 35.50M) | Time:00:00.00 | Mem:0.00M, Peak:0.00M | Scene, ViewLayer | Synchronizing object | Studio ground
Fra:14 Mem:35.67M (Peak 35.67M) | Time:00:00.00 | Mem:0.00M, Peak:0.00M | Scene, ViewLayer | Synchronizing object | Medical vest cross
Fra:14 Mem:35.32M (Peak 35.67M) | Time:00:00.00 | Mem:0.00M, Peak:0.00M | Scene, ViewLayer | Synchronizing object | Medical shoulder panel
Fra:14 Mem:35.35M (Peak 35.67M) | Time:00:00.00 | Mem:0.00M, Peak:0.00M | Scene, ViewLayer | Synchronizing object | Underframe
Fra:14 Mem:35.93M (Peak 35.93M) | Time:00:00.00 | Mem:0.00M, Peak:0.00M | Scene, ViewLayer | Synchronizing object | Hair.001
Fra:14 Mem:35.94M (Peak 35.94M) | Time:00:00.00 | Mem:0.00M, Peak:0.00M | Scene, ViewLayer | Synchronizing object | Passenger window
Fra:14 Mem:36.00M (Peak 36.00M) | Time:00:00.00 | Mem:0.00M, Peak:0.00M | Scene, ViewLayer | Synchronizing object | Fitted glove.001
Fra:14 Mem:36.52M (Peak 36.52M) | Time:00:00.00 | Mem:0.00M, Peak:0.00M | Scene, ViewLayer | Synchronizing object | Fitted boot.002
Fra:14 Mem:36.55M (Peak 36.55M) | Time:00:00.00 | Mem:0.00M, Peak:0.00M | Scene, ViewLayer | Synchronizing object | Continuous tailored jacket.002
Fra:14 Mem:36.89M (Peak 36.89M) | Time:00:00.00 | Mem:0.00M, Peak:0.00M | Scene, ViewLayer | Synchronizing object | Breathing air cylinder
Fra:14 Mem:36.90M (Peak 36.90M) | Time:00:00.00 | Mem:0.00M, Peak:0.00M | Scene, ViewLayer | Synchronizing object | Face shield
Fra:14 Mem:36.36M (Peak 36.90M) | Time:00:00.00 | Mem:0.00M, Peak:0.00M | Scene, ViewLayer | Synchronizing object | Neck
Fra:14 Mem:36.40M (Peak 36.90M) | Time:00:00.00 | Mem:0.00M, Peak:0.00M | Scene, ViewLayer | Synchronizing object | Ankle reflective band
Fra:14 Mem:36.49M (Peak 36.90M) | Time:00:00.01 | Mem:0.00M, Peak:0.00M | Scene, ViewLayer | Synchronizing object | Passenger door
Fra:14 Mem:36.53M (Peak 36.90M) | Time:00:00.01 | Mem:0.00M, Peak:0.00M | Scene, ViewLayer | Synchronizing object | Bogie
Fra:14 Mem:36.53M (Peak 36.90M) | Time:00:00.01 | Mem:0.00M, Peak:0.00M | Scene, ViewLayer | Synchronizing object | Fitted boot.001
Fra:14 Mem:36.54M (Peak 36.90M) | Time:00:00.01 | Mem:0.00M, Peak:0.00M | Scene, ViewLayer | Synchronizing object | Continuous tailored jacket.001
Fra:14 Mem:36.56M (Peak 36.90M) | Time:00:00.01 | Mem:0.00M, Peak:0.00M | Scene, ViewLayer | Synchronizing object | Underframe.001
Fra:14 Mem:36.61M (Peak 36.90M) | Time:00:00.01 | Mem:0.00M, Peak:0.00M | Scene, ViewLayer | Synchronizing object | Operations vest
Fra:14 Mem:36.72M (Peak 36.90M) | Time:00:00.01 | Mem:0.00M, Peak:0.00M | Scene, ViewLayer | Synchronizing object | Passenger window.016
Fra:14 Mem:36.72M (Peak 36.90M) | Time:00:00.01 | Mem:0.00M, Peak:0.00M | Scene, ViewLayer | Synchronizing object | Hair
Fra:14 Mem:36.79M (Peak 36.90M) | Time:00:00.01 | Mem:0.00M, Peak:0.00M | Scene, ViewLayer | Synchronizing object | Fitted glove
Fra:14 Mem:37.11M (Peak 37.11M) | Time:00:00.01 | Mem:0.00M, Peak:0.00M | Scene, ViewLayer | Synchronizing object | Fitted boot
Fra:14 Mem:37.07M (Peak 37.11M) | Time:00:00.01 | Mem:0.00M, Peak:0.00M | Scene, ViewLayer | Synchronizing object | Continuous tailored jacket
Fra:14 Mem:37.15M (Peak 37.15M) | Time:00:00.01 | Mem:0.00M, Peak:0.00M | Scene, ViewLayer | Synchronizing object | Lightbar housing.001
Fra:14 Mem:37.18M (Peak 37.18M) | Time:00:00.01 | Mem:0.00M, Peak:0.00M | Scene, ViewLayer | Synchronizing object | Passenger door.004
Fra:14 Mem:37.13M (Peak 37.18M) | Time:00:00.01 | Mem:0.00M, Peak:0.00M | Scene, ViewLayer | Synchronizing object | Headlamp.002
Fra:14 Mem:37.24M (Peak 37.24M) | Time:00:00.01 | Mem:0.00M, Peak:0.00M | Scene, ViewLayer | Synchronizing object | Chassis
Fra:14 Mem:37.49M (Peak 37.49M) | Time:00:00.01 | Mem:0.00M, Peak:0.00M | Scene, ViewLayer | Synchronizing object | 119 side marking.002
Fra:14 Mem:37.37M (Peak 37.49M) | Time:00:00.01 | Mem:0.00M, Peak:0.00M | Scene, ViewLayer | Synchronizing object | Windscreen
Fra:14 Mem:37.46M (Peak 37.49M) | Time:00:00.01 | Mem:0.00M, Peak:0.00M | Scene, ViewLayer | Synchronizing object | Medical cross vertical
Fra:14 Mem:37.57M (Peak 37.57M) | Time:00:00.01 | Mem:0.00M, Peak:0.00M | Scene, ViewLayer | Synchronizing object | Cab handle
Fra:14 Mem:37.63M (Peak 37.63M) | Time:00:00.01 | Mem:0.00M, Peak:0.00M | Scene, ViewLayer | Synchronizing object | Safety stripe
Fra:14 Mem:37.59M (Peak 37.63M) | Time:00:00.01 | Mem:0.00M, Peak:0.00M | Scene, ViewLayer | Synchronizing object | Safety stripe.002
Fra:14 Mem:37.77M (Peak 37.77M) | Time:00:00.01 | Mem:0.00M, Peak:0.00M | Scene, ViewLayer | Synchronizing object | Shutter rib
Fra:14 Mem:37.77M (Peak 37.77M) | Time:00:00.01 | Mem:0.00M, Peak:0.00M | Scene, ViewLayer | Synchronizing object | Cab handle.002
Fra:14 Mem:37.92M (Peak 37.92M) | Time:00:00.01 | Mem:0.00M, Peak:0.00M | Scene, ViewLayer | Synchronizing object | 119 side marking
Fra:14 Mem:38.07M (Peak 38.07M) | Time:00:00.01 | Mem:0.00M, Peak:0.00M | Scene, ViewLayer | Synchronizing object | Headlamp
Fra:14 Mem:38.49M (Peak 38.49M) | Time:00:00.01 | Mem:0.00M, Peak:0.00M | Scene, ViewLayer | Synchronizing object | Windscreen.001
Fra:14 Mem:38.73M (Peak 38.73M) | Time:00:00.01 | Mem:0.00M, Peak:0.00M | Scene, ViewLayer | Synchronizing object | Chassis.001
Fra:14 Mem:38.50M (Peak 38.73M) | Time:00:00.01 | Mem:0.00M, Peak:0.00M | Scene, ViewLayer | Synchronizing object | Equipment body.001
Fra:14 Mem:38.56M (Peak 38.73M) | Time:00:00.01 | Mem:0.00M, Peak:0.00M | Scene, ViewLayer | Initializing
Fra:14 Mem:35.25M (Peak 38.73M) | Time:00:00.01 | Mem:0.00M, Peak:0.00M | Scene, ViewLayer | Waiting for render to start
Fra:14 Mem:35.25M (Peak 38.73M) | Time:00:00.01 | Mem:0.00M, Peak:0.00M | Scene, ViewLayer | Updating Scene
Fra:14 Mem:35.25M (Peak 38.73M) | Time:00:00.01 | Mem:0.00M, Peak:0.00M | Scene, ViewLayer | Updating Shaders
Fra:14 Mem:35.25M (Peak 38.73M) | Time:00:00.01 | Mem:0.00M, Peak:0.00M | Scene, ViewLayer | Loading render kernels (may take a few minutes the first time)
Fra:14 Mem:35.34M (Peak 38.73M) | Time:00:00.01 | Mem:0.01M, Peak:0.01M | Scene, ViewLayer | Updating Procedurals
Fra:14 Mem:35.34M (Peak 38.73M) | Time:00:00.01 | Mem:0.01M, Peak:0.01M | Scene, ViewLayer | Updating Background
Fra:14 Mem:35.34M (Peak 38.73M) | Time:00:00.01 | Mem:0.01M, Peak:0.01M | Scene, ViewLayer | Updating Camera
Fra:14 Mem:35.34M (Peak 38.73M) | Time:00:00.01 | Mem:0.01M, Peak:0.01M | Scene, ViewLayer | Updating Meshes Flags
Fra:14 Mem:35.34M (Peak 38.73M) | Time:00:00.01 | Mem:0.01M, Peak:0.01M | Scene, ViewLayer | Updating Objects
Fra:14 Mem:35.34M (Peak 38.73M) | Time:00:00.01 | Mem:0.01M, Peak:0.01M | Scene, ViewLayer | Updating Objects | Copying Transformations to device
Fra:14 Mem:35.35M (Peak 38.73M) | Time:00:00.01 | Mem:0.02M, Peak:0.02M | Scene, ViewLayer | Updating Particle Systems
Fra:14 Mem:35.35M (Peak 38.73M) | Time:00:00.01 | Mem:0.02M, Peak:0.02M | Scene, ViewLayer | Updating Particle Systems | Copying Particles to device
Fra:14 Mem:35.35M (Peak 38.73M) | Time:00:00.01 | Mem:0.02M, Peak:0.02M | Scene, ViewLayer | Updating Meshes
Fra:14 Mem:35.35M (Peak 38.73M) | Time:00:00.01 | Mem:0.02M, Peak:0.02M | Scene, ViewLayer | Updating Objects | Applying Static Transformations
Fra:14 Mem:35.35M (Peak 38.73M) | Time:00:00.01 | Mem:0.02M, Peak:0.02M | Scene, ViewLayer | Updating Mesh | Computing attributes
Fra:14 Mem:36.29M (Peak 38.73M) | Time:00:00.01 | Mem:0.03M, Peak:0.03M | Scene, ViewLayer | Updating Mesh | Copying Attributes to device
Fra:14 Mem:36.29M (Peak 38.73M) | Time:00:00.01 | Mem:0.96M, Peak:0.96M | Scene, ViewLayer | Updating Scene BVH | Building
Fra:14 Mem:36.29M (Peak 38.73M) | Time:00:00.01 | Mem:0.96M, Peak:0.96M | Scene, ViewLayer | Updating Scene BVH | Building BVH
Fra:14 Mem:36.29M (Peak 38.73M) | Time:00:00.01 | Mem:2.80M, Peak:2.80M | Scene, ViewLayer | Updating Scene BVH | Building BVH 0%
Fra:14 Mem:36.29M (Peak 38.73M) | Time:00:00.02 | Mem:5.00M, Peak:6.85M | Scene, ViewLayer | Updating Scene BVH | Copying BVH to device
Fra:14 Mem:36.29M (Peak 38.73M) | Time:00:00.02 | Mem:5.00M, Peak:6.85M | Scene, ViewLayer | Updating Mesh | Computing normals
Fra:14 Mem:39.07M (Peak 39.07M) | Time:00:00.02 | Mem:5.00M, Peak:6.85M | Scene, ViewLayer | Updating Mesh | Copying Mesh to device
Fra:14 Mem:39.07M (Peak 39.07M) | Time:00:00.02 | Mem:7.79M, Peak:7.79M | Scene, ViewLayer | Updating Objects Flags
Fra:14 Mem:39.07M (Peak 39.07M) | Time:00:00.02 | Mem:7.79M, Peak:7.79M | Scene, ViewLayer | Updating Primitive Offsets
Fra:14 Mem:39.07M (Peak 39.07M) | Time:00:00.02 | Mem:7.79M, Peak:7.79M | Scene, ViewLayer | Updating Images
Fra:14 Mem:39.07M (Peak 39.07M) | Time:00:00.02 | Mem:7.79M, Peak:7.79M | Scene, ViewLayer | Updating Images | Loading Concrete031_1K-JPG_Color.jpg
Fra:14 Mem:43.07M (Peak 43.07M) | Time:00:00.02 | Mem:7.79M, Peak:7.79M | Scene, ViewLayer | Updating Images | Loading Metal032_1K-JPG_Color.jpg
Fra:14 Mem:47.08M (Peak 47.08M) | Time:00:00.03 | Mem:15.79M, Peak:15.79M | Scene, ViewLayer | Updating Camera Volume
Fra:14 Mem:47.08M (Peak 47.08M) | Time:00:00.03 | Mem:15.79M, Peak:15.79M | Scene, ViewLayer | Updating Lookup Tables
Fra:14 Mem:47.08M (Peak 47.08M) | Time:00:00.03 | Mem:15.87M, Peak:15.87M | Scene, ViewLayer | Updating Lights
Fra:14 Mem:47.08M (Peak 47.08M) | Time:00:00.03 | Mem:15.87M, Peak:15.87M | Scene, ViewLayer | Updating Lights | Computing tree
Fra:14 Mem:47.08M (Peak 47.08M) | Time:00:00.03 | Mem:15.87M, Peak:15.87M | Scene, ViewLayer | Updating Integrator
Fra:14 Mem:47.08M (Peak 47.08M) | Time:00:00.03 | Mem:15.87M, Peak:15.87M | Scene, ViewLayer | Updating Film
Fra:14 Mem:47.09M (Peak 47.09M) | Time:00:00.03 | Mem:15.79M, Peak:15.87M | Scene, ViewLayer | Updating Lookup Tables
Fra:14 Mem:47.09M (Peak 47.09M) | Time:00:00.03 | Mem:15.87M, Peak:15.87M | Scene, ViewLayer | Updating Baking
Fra:14 Mem:47.09M (Peak 47.09M) | Time:00:00.03 | Mem:15.87M, Peak:15.87M | Scene, ViewLayer | Updating Device | Writing constant memory
Fra:14 Mem:47.09M (Peak 47.09M) | Time:00:00.03 | Mem:15.87M, Peak:15.87M | Scene, ViewLayer | Loading denoising kernels (may take a few minutes the first time)
Fra:14 Mem:47.09M (Peak 47.09M) | Time:00:00.03 | Mem:15.87M, Peak:15.87M | Scene, ViewLayer | Sample 0/24
Fra:14 Mem:275.13M (Peak 275.13M) | Time:00:00.90 | Remaining:00:19.82 | Mem:243.88M, Peak:243.88M | Scene, ViewLayer | Sample 1/24
Fra:14 Mem:371.13M (Peak 515.14M) | Time:00:33.15 | Mem:243.88M, Peak:243.88M | Scene, ViewLayer | Sample 24/24
Fra:14 Mem:371.13M (Peak 515.14M) | Time:00:33.15 | Mem:243.88M, Peak:243.88M | Scene, ViewLayer | Finished
Saved: '/Users/um-yunsang/CHOOGuard/art/blender/response-set-front.png'
Time: 00:33.39 (Saving: 00:00.23)

Fra:14 Mem:33.67M (Peak 33.67M) | Time:00:00.00 | Mem:0.00M, Peak:0.00M | Scene, ViewLayer | Synchronizing object | Area
Fra:14 Mem:33.68M (Peak 33.68M) | Time:00:00.00 | Mem:0.00M, Peak:0.00M | Scene, ViewLayer | Synchronizing object | Glazed bay
Fra:14 Mem:33.69M (Peak 33.69M) | Time:00:00.00 | Mem:0.00M, Peak:0.00M | Scene, ViewLayer | Synchronizing object | Horizontal mullion
Fra:14 Mem:33.69M (Peak 33.69M) | Time:00:00.00 | Mem:0.00M, Peak:0.00M | Scene, ViewLayer | Synchronizing object | Curved eave panel
Fra:14 Mem:35.43M (Peak 35.43M) | Time:00:00.00 | Mem:0.00M, Peak:0.00M | Scene, ViewLayer | Synchronizing object | Stone terrace
Fra:14 Mem:35.44M (Peak 35.44M) | Time:00:00.00 | Mem:0.00M, Peak:0.00M | Scene, ViewLayer | Synchronizing object | Entrance door
Fra:14 Mem:35.74M (Peak 35.74M) | Time:00:00.00 | Mem:0.00M, Peak:0.00M | Scene, ViewLayer | Synchronizing object | Aerodynamic shell
Fra:14 Mem:36.30M (Peak 36.30M) | Time:00:00.00 | Mem:0.00M, Peak:0.00M | Scene, ViewLayer | Synchronizing object | Studio ground
Fra:14 Mem:35.77M (Peak 36.30M) | Time:00:00.00 | Mem:0.00M, Peak:0.00M | Scene, ViewLayer | Synchronizing object | Underframe
Fra:14 Mem:35.85M (Peak 36.30M) | Time:00:00.00 | Mem:0.00M, Peak:0.00M | Scene, ViewLayer | Synchronizing object | Medical vest cross
Fra:14 Mem:35.90M (Peak 36.30M) | Time:00:00.00 | Mem:0.00M, Peak:0.00M | Scene, ViewLayer | Synchronizing object | Medical shoulder panel
Fra:14 Mem:35.92M (Peak 36.30M) | Time:00:00.00 | Mem:0.00M, Peak:0.00M | Scene, ViewLayer | Synchronizing object | Passenger window
Fra:14 Mem:36.16M (Peak 36.30M) | Time:00:00.00 | Mem:0.00M, Peak:0.00M | Scene, ViewLayer | Synchronizing object | Hair.001
Fra:14 Mem:36.20M (Peak 36.30M) | Time:00:00.00 | Mem:0.00M, Peak:0.00M | Scene, ViewLayer | Synchronizing object | Fitted glove.001
Fra:14 Mem:36.36M (Peak 36.36M) | Time:00:00.00 | Mem:0.00M, Peak:0.00M | Scene, ViewLayer | Synchronizing object | Fitted boot.002
Fra:14 Mem:36.19M (Peak 36.36M) | Time:00:00.00 | Mem:0.00M, Peak:0.00M | Scene, ViewLayer | Synchronizing object | Continuous tailored jacket.002
Fra:14 Mem:36.34M (Peak 36.36M) | Time:00:00.00 | Mem:0.00M, Peak:0.00M | Scene, ViewLayer | Synchronizing object | Breathing air cylinder
Fra:14 Mem:36.34M (Peak 36.36M) | Time:00:00.00 | Mem:0.00M, Peak:0.00M | Scene, ViewLayer | Synchronizing object | Face shield
Fra:14 Mem:37.00M (Peak 37.00M) | Time:00:00.00 | Mem:0.00M, Peak:0.00M | Scene, ViewLayer | Synchronizing object | Neck
Fra:14 Mem:36.37M (Peak 37.00M) | Time:00:00.00 | Mem:0.00M, Peak:0.00M | Scene, ViewLayer | Synchronizing object | Passenger door
Fra:14 Mem:36.38M (Peak 37.00M) | Time:00:00.00 | Mem:0.00M, Peak:0.00M | Scene, ViewLayer | Synchronizing object | Ankle reflective band
Fra:14 Mem:36.60M (Peak 37.00M) | Time:00:00.00 | Mem:0.00M, Peak:0.00M | Scene, ViewLayer | Synchronizing object | Bogie
Fra:14 Mem:36.56M (Peak 37.00M) | Time:00:00.00 | Mem:0.00M, Peak:0.00M | Scene, ViewLayer | Synchronizing object | Nose lamp
Fra:14 Mem:36.54M (Peak 37.00M) | Time:00:00.00 | Mem:0.00M, Peak:0.00M | Scene, ViewLayer | Synchronizing object | Fitted boot.001
Fra:14 Mem:36.59M (Peak 37.00M) | Time:00:00.00 | Mem:0.00M, Peak:0.00M | Scene, ViewLayer | Synchronizing object | Aerodynamic shell.001
Fra:14 Mem:36.59M (Peak 37.00M) | Time:00:00.00 | Mem:0.00M, Peak:0.00M | Scene, ViewLayer | Synchronizing object | Continuous tailored jacket.001
Fra:14 Mem:36.61M (Peak 37.00M) | Time:00:00.00 | Mem:0.00M, Peak:0.00M | Scene, ViewLayer | Synchronizing object | Underframe.001
Fra:14 Mem:36.73M (Peak 37.00M) | Time:00:00.00 | Mem:0.00M, Peak:0.00M | Scene, ViewLayer | Synchronizing object | Operations vest
Fra:14 Mem:36.73M (Peak 37.00M) | Time:00:00.00 | Mem:0.00M, Peak:0.00M | Scene, ViewLayer | Synchronizing object | Hair
Fra:14 Mem:36.74M (Peak 37.00M) | Time:00:00.00 | Mem:0.00M, Peak:0.00M | Scene, ViewLayer | Synchronizing object | Fitted glove
Fra:14 Mem:37.02M (Peak 37.02M) | Time:00:00.00 | Mem:0.00M, Peak:0.00M | Scene, ViewLayer | Synchronizing object | Passenger window.016
Fra:14 Mem:37.44M (Peak 37.44M) | Time:00:00.00 | Mem:0.00M, Peak:0.00M | Scene, ViewLayer | Synchronizing object | Passenger door.004
Fra:14 Mem:37.09M (Peak 37.44M) | Time:00:00.00 | Mem:0.00M, Peak:0.00M | Scene, ViewLayer | Synchronizing object | Bogie.002
Fra:14 Mem:37.14M (Peak 37.44M) | Time:00:00.00 | Mem:0.00M, Peak:0.00M | Scene, ViewLayer | Synchronizing object | Fitted boot
Fra:14 Mem:37.38M (Peak 37.44M) | Time:00:00.00 | Mem:0.00M, Peak:0.00M | Scene, ViewLayer | Synchronizing object | Chassis
Fra:14 Mem:37.29M (Peak 37.44M) | Time:00:00.00 | Mem:0.00M, Peak:0.00M | Scene, ViewLayer | Synchronizing object | Equipment body
Fra:14 Mem:37.34M (Peak 37.44M) | Time:00:00.00 | Mem:0.00M, Peak:0.00M | Scene, ViewLayer | Synchronizing object | Continuous tailored jacket
Fra:14 Mem:37.43M (Peak 37.44M) | Time:00:00.01 | Mem:0.00M, Peak:0.00M | Scene, ViewLayer | Synchronizing object | Lightbar housing.001
Fra:14 Mem:37.43M (Peak 37.44M) | Time:00:00.01 | Mem:0.00M, Peak:0.00M | Scene, ViewLayer | Synchronizing object | Headlamp.002
Fra:14 Mem:37.45M (Peak 37.45M) | Time:00:00.01 | Mem:0.00M, Peak:0.00M | Scene, ViewLayer | Synchronizing object | Windscreen
Fra:14 Mem:37.45M (Peak 37.45M) | Time:00:00.01 | Mem:0.00M, Peak:0.00M | Scene, ViewLayer | Synchronizing object | 119 side marking.002
Fra:14 Mem:37.54M (Peak 37.54M) | Time:00:00.01 | Mem:0.00M, Peak:0.00M | Scene, ViewLayer | Synchronizing object | Medical cross vertical
Fra:14 Mem:37.74M (Peak 37.74M) | Time:00:00.01 | Mem:0.00M, Peak:0.00M | Scene, ViewLayer | Synchronizing object | Cab handle
Fra:14 Mem:37.62M (Peak 37.74M) | Time:00:00.01 | Mem:0.00M, Peak:0.00M | Scene, ViewLayer | Synchronizing object | Safety stripe
Fra:14 Mem:37.64M (Peak 37.74M) | Time:00:00.01 | Mem:0.00M, Peak:0.00M | Scene, ViewLayer | Synchronizing object | Shutter rib
Fra:14 Mem:37.76M (Peak 37.76M) | Time:00:00.01 | Mem:0.00M, Peak:0.00M | Scene, ViewLayer | Synchronizing object | 119 side marking
Fra:14 Mem:37.94M (Peak 37.94M) | Time:00:00.01 | Mem:0.00M, Peak:0.00M | Scene, ViewLayer | Synchronizing object | Headlamp
Fra:14 Mem:37.97M (Peak 37.97M) | Time:00:00.01 | Mem:0.00M, Peak:0.00M | Scene, ViewLayer | Synchronizing object | Chassis.001
Fra:14 Mem:38.02M (Peak 38.02M) | Time:00:00.01 | Mem:0.00M, Peak:0.00M | Scene, ViewLayer | Synchronizing object | Safety stripe.002
Fra:14 Mem:38.51M (Peak 38.51M) | Time:00:00.01 | Mem:0.00M, Peak:0.00M | Scene, ViewLayer | Synchronizing object | Cab handle.002
Fra:14 Mem:38.70M (Peak 38.70M) | Time:00:00.01 | Mem:0.00M, Peak:0.00M | Scene, ViewLayer | Synchronizing object | Equipment body.001
Fra:14 Mem:38.82M (Peak 38.82M) | Time:00:00.01 | Mem:0.00M, Peak:0.00M | Scene, ViewLayer | Synchronizing object | Windscreen.001
Fra:14 Mem:38.56M (Peak 38.82M) | Time:00:00.01 | Mem:0.00M, Peak:0.00M | Scene, ViewLayer | Initializing
Fra:14 Mem:35.25M (Peak 38.82M) | Time:00:00.01 | Mem:0.00M, Peak:0.00M | Scene, ViewLayer | Waiting for render to start
Fra:14 Mem:35.25M (Peak 38.82M) | Time:00:00.01 | Mem:0.00M, Peak:0.00M | Scene, ViewLayer | Updating Scene
Fra:14 Mem:35.25M (Peak 38.82M) | Time:00:00.01 | Mem:0.00M, Peak:0.00M | Scene, ViewLayer | Updating Shaders
Fra:14 Mem:35.25M (Peak 38.82M) | Time:00:00.01 | Mem:0.00M, Peak:0.00M | Scene, ViewLayer | Loading render kernels (may take a few minutes the first time)
Fra:14 Mem:35.34M (Peak 38.82M) | Time:00:00.01 | Mem:0.01M, Peak:0.01M | Scene, ViewLayer | Updating Procedurals
Fra:14 Mem:35.34M (Peak 38.82M) | Time:00:00.01 | Mem:0.01M, Peak:0.01M | Scene, ViewLayer | Updating Background
Fra:14 Mem:35.34M (Peak 38.82M) | Time:00:00.01 | Mem:0.01M, Peak:0.01M | Scene, ViewLayer | Updating Camera
Fra:14 Mem:35.34M (Peak 38.82M) | Time:00:00.01 | Mem:0.01M, Peak:0.01M | Scene, ViewLayer | Updating Meshes Flags
Fra:14 Mem:35.34M (Peak 38.82M) | Time:00:00.01 | Mem:0.01M, Peak:0.01M | Scene, ViewLayer | Updating Objects
Fra:14 Mem:35.34M (Peak 38.82M) | Time:00:00.01 | Mem:0.01M, Peak:0.01M | Scene, ViewLayer | Updating Objects | Copying Transformations to device
Fra:14 Mem:35.35M (Peak 38.82M) | Time:00:00.01 | Mem:0.02M, Peak:0.02M | Scene, ViewLayer | Updating Particle Systems
Fra:14 Mem:35.35M (Peak 38.82M) | Time:00:00.01 | Mem:0.02M, Peak:0.02M | Scene, ViewLayer | Updating Particle Systems | Copying Particles to device
Fra:14 Mem:35.35M (Peak 38.82M) | Time:00:00.01 | Mem:0.02M, Peak:0.02M | Scene, ViewLayer | Updating Meshes
Fra:14 Mem:35.35M (Peak 38.82M) | Time:00:00.01 | Mem:0.02M, Peak:0.02M | Scene, ViewLayer | Updating Objects | Applying Static Transformations
Fra:14 Mem:35.35M (Peak 38.82M) | Time:00:00.01 | Mem:0.02M, Peak:0.02M | Scene, ViewLayer | Updating Mesh | Computing attributes
Fra:14 Mem:36.29M (Peak 38.82M) | Time:00:00.01 | Mem:0.03M, Peak:0.03M | Scene, ViewLayer | Updating Mesh | Copying Attributes to device
Fra:14 Mem:36.29M (Peak 38.82M) | Time:00:00.01 | Mem:0.96M, Peak:0.96M | Scene, ViewLayer | Updating Scene BVH | Building
Fra:14 Mem:36.29M (Peak 38.82M) | Time:00:00.01 | Mem:0.96M, Peak:0.96M | Scene, ViewLayer | Updating Scene BVH | Building BVH
Fra:14 Mem:36.29M (Peak 38.82M) | Time:00:00.01 | Mem:2.80M, Peak:2.80M | Scene, ViewLayer | Updating Scene BVH | Building BVH 0%
Fra:14 Mem:36.29M (Peak 38.82M) | Time:00:00.01 | Mem:5.00M, Peak:6.85M | Scene, ViewLayer | Updating Scene BVH | Copying BVH to device
Fra:14 Mem:36.29M (Peak 38.82M) | Time:00:00.01 | Mem:5.00M, Peak:6.85M | Scene, ViewLayer | Updating Mesh | Computing normals
Fra:14 Mem:39.07M (Peak 39.07M) | Time:00:00.01 | Mem:5.00M, Peak:6.85M | Scene, ViewLayer | Updating Mesh | Copying Mesh to device
Fra:14 Mem:39.07M (Peak 39.07M) | Time:00:00.01 | Mem:7.79M, Peak:7.79M | Scene, ViewLayer | Updating Objects Flags
Fra:14 Mem:39.07M (Peak 39.07M) | Time:00:00.01 | Mem:7.79M, Peak:7.79M | Scene, ViewLayer | Updating Primitive Offsets
Fra:14 Mem:39.07M (Peak 39.07M) | Time:00:00.01 | Mem:7.79M, Peak:7.79M | Scene, ViewLayer | Updating Images
Fra:14 Mem:39.07M (Peak 39.07M) | Time:00:00.01 | Mem:7.79M, Peak:7.79M | Scene, ViewLayer | Updating Images | Loading Concrete031_1K-JPG_Color.jpg
Fra:14 Mem:43.07M (Peak 43.07M) | Time:00:00.01 | Mem:7.79M, Peak:7.79M | Scene, ViewLayer | Updating Images | Loading Metal032_1K-JPG_Color.jpg
Fra:14 Mem:47.08M (Peak 47.08M) | Time:00:00.03 | Mem:15.79M, Peak:15.79M | Scene, ViewLayer | Updating Camera Volume
Fra:14 Mem:47.08M (Peak 47.08M) | Time:00:00.03 | Mem:15.79M, Peak:15.79M | Scene, ViewLayer | Updating Lookup Tables
Fra:14 Mem:47.08M (Peak 47.08M) | Time:00:00.03 | Mem:15.87M, Peak:15.87M | Scene, ViewLayer | Updating Lights
Fra:14 Mem:47.08M (Peak 47.08M) | Time:00:00.03 | Mem:15.87M, Peak:15.87M | Scene, ViewLayer | Updating Lights | Computing tree
Fra:14 Mem:47.08M (Peak 47.08M) | Time:00:00.03 | Mem:15.87M, Peak:15.87M | Scene, ViewLayer | Updating Integrator
Fra:14 Mem:47.08M (Peak 47.08M) | Time:00:00.03 | Mem:15.87M, Peak:15.87M | Scene, ViewLayer | Updating Film
Fra:14 Mem:47.09M (Peak 47.09M) | Time:00:00.03 | Mem:15.79M, Peak:15.87M | Scene, ViewLayer | Updating Lookup Tables
Fra:14 Mem:47.09M (Peak 47.09M) | Time:00:00.03 | Mem:15.87M, Peak:15.87M | Scene, ViewLayer | Updating Baking
Fra:14 Mem:47.09M (Peak 47.09M) | Time:00:00.03 | Mem:15.87M, Peak:15.87M | Scene, ViewLayer | Updating Device | Writing constant memory
Fra:14 Mem:47.09M (Peak 47.09M) | Time:00:00.03 | Mem:15.87M, Peak:15.87M | Scene, ViewLayer | Loading denoising kernels (may take a few minutes the first time)
Fra:14 Mem:47.09M (Peak 47.09M) | Time:00:00.03 | Mem:15.87M, Peak:15.87M | Scene, ViewLayer | Sample 0/24
Fra:14 Mem:161.13M (Peak 161.13M) | Time:00:00.73 | Remaining:00:16.01 | Mem:129.88M, Peak:129.88M | Scene, ViewLayer | Sample 1/24
Fra:14 Mem:209.13M (Peak 281.14M) | Time:00:22.85 | Mem:129.88M, Peak:129.88M | Scene, ViewLayer | Sample 24/24
Fra:14 Mem:209.13M (Peak 281.14M) | Time:00:22.85 | Mem:129.88M, Peak:129.88M | Scene, ViewLayer | Finished
Saved: '/Users/um-yunsang/CHOOGuard/art/blender/crew-walk-frame14.png'
Time: 00:22.96 (Saving: 00:00.11)


FBX export starting... '/Users/um-yunsang/CHOOGuard/Assets/ChooGuard/Art/ResponseSet/BusanFacade.fbx'
export finished in 0.0200 sec.

FBX export starting... '/Users/um-yunsang/CHOOGuard/Assets/ChooGuard/Art/ResponseSet/HighSpeedCab.fbx'
export finished in 0.0090 sec.

FBX export starting... '/Users/um-yunsang/CHOOGuard/Assets/ChooGuard/Art/ResponseSet/HighSpeedCoach.fbx'
export finished in 0.0074 sec.

FBX export starting... '/Users/um-yunsang/CHOOGuard/Assets/ChooGuard/Art/ResponseSet/FireEngine119.fbx'
export finished in 0.0138 sec.

FBX export starting... '/Users/um-yunsang/CHOOGuard/Assets/ChooGuard/Art/ResponseSet/Ambulance119.fbx'
export finished in 0.0108 sec.
FBX version: 7700

FBX export starting... '/Users/um-yunsang/CHOOGuard/Assets/ChooGuard/Art/ResponseSet/CrewOperations.fbx'
(bpy.data.armatures['root'], 'POSE')
(bpy.data.armatures['root'], 'POSE')
(bpy.data.armatures['root'], 'POSE')
(bpy.data.armatures['root'], 'POSE')
(bpy.data.armatures['root'], 'POSE')
export finished in 0.0435 sec.
FBX version: 7700

FBX export starting... '/Users/um-yunsang/CHOOGuard/Assets/ChooGuard/Art/ResponseSet/CrewFire.fbx'
(bpy.data.armatures['root.001'], 'POSE')
(bpy.data.armatures['root.001'], 'POSE')
(bpy.data.armatures['root.001'], 'POSE')
(bpy.data.armatures['root.001'], 'POSE')
(bpy.data.armatures['root.001'], 'POSE')
(bpy.data.armatures['root.001'], 'POSE')
export finished in 0.1132 sec.
FBX version: 7700

FBX export starting... '/Users/um-yunsang/CHOOGuard/Assets/ChooGuard/Art/ResponseSet/CrewMedical.fbx'
(bpy.data.armatures['root.002'], 'POSE')
(bpy.data.armatures['root.002'], 'POSE')
(bpy.data.armatures['root.002'], 'POSE')
(bpy.data.armatures['root.002'], 'POSE')
(bpy.data.armatures['root.002'], 'POSE')
(bpy.data.armatures['root.002'], 'POSE')
export finished in 0.1749 sec.
Info: Saved as "response_set.blend"

Blender quit
