Blender 4.5.9 LTS (hash 8bf95cbd38d1 built 2026-04-21 01:30:46)
Read blend: "/Users/um-yunsang/CHOOGuard/art/blender/response_set.blend"
Fra:1 Mem:20.98M (Peak 20.98M) | Time:00:00.01 | Mem:0.00M, Peak:0.00M | Scene, ViewLayer | Synchronizing object | Metre plaza
Fra:1 Mem:20.98M (Peak 20.98M) | Time:00:00.01 | Mem:0.00M, Peak:0.00M | Scene, ViewLayer | Synchronizing object | Area
Fra:1 Mem:20.98M (Peak 20.98M) | Time:00:00.01 | Mem:0.00M, Peak:0.00M | Scene, ViewLayer | Synchronizing object | Sun
Fra:1 Mem:20.98M (Peak 20.98M) | Time:00:00.01 | Mem:0.00M, Peak:0.00M | Scene, ViewLayer | Synchronizing object | Metre glazing bay
Fra:1 Mem:20.98M (Peak 20.98M) | Time:00:00.01 | Mem:0.00M, Peak:0.00M | Scene, ViewLayer | Synchronizing object | Metre vertical mullion
Fra:1 Mem:21.23M (Peak 21.23M) | Time:00:00.01 | Mem:0.00M, Peak:0.00M | Scene, ViewLayer | Synchronizing object | Medical vest cross
Fra:1 Mem:23.31M (Peak 23.31M) | Time:00:00.01 | Mem:0.00M, Peak:0.00M | Scene, ViewLayer | Synchronizing object | Door leaf 2.2m
Fra:1 Mem:24.94M (Peak 24.94M) | Time:00:00.01 | Mem:0.00M, Peak:0.00M | Scene, ViewLayer | Synchronizing object | Human scale entrance canopy
Fra:1 Mem:25.63M (Peak 25.63M) | Time:00:00.01 | Mem:0.00M, Peak:0.00M | Scene, ViewLayer | Synchronizing object | Entrance step
Fra:1 Mem:26.12M (Peak 26.12M) | Time:00:00.01 | Mem:0.00M, Peak:0.00M | Scene, ViewLayer | Synchronizing object | Medical shoulder panel
Fra:1 Mem:26.81M (Peak 26.81M) | Time:00:00.01 | Mem:0.00M, Peak:0.00M | Scene, ViewLayer | Synchronizing object | Hair.001
Fra:1 Mem:26.83M (Peak 26.83M) | Time:00:00.01 | Mem:0.00M, Peak:0.00M | Scene, ViewLayer | Synchronizing object | Fitted glove.001
Fra:1 Mem:26.67M (Peak 26.83M) | Time:00:00.01 | Mem:0.00M, Peak:0.00M | Scene, ViewLayer | Synchronizing object | Continuous tailored jacket
Fra:1 Mem:26.77M (Peak 26.83M) | Time:00:00.01 | Mem:0.00M, Peak:0.00M | Scene, ViewLayer | Synchronizing object | Fitted boot.002
Fra:1 Mem:26.94M (Peak 26.94M) | Time:00:00.01 | Mem:0.00M, Peak:0.00M | Scene, ViewLayer | Synchronizing object | Continuous tailored jacket.002
Fra:1 Mem:26.97M (Peak 26.97M) | Time:00:00.01 | Mem:0.00M, Peak:0.00M | Scene, ViewLayer | Synchronizing object | Fitted boot
Fra:1 Mem:27.21M (Peak 27.21M) | Time:00:00.01 | Mem:0.00M, Peak:0.00M | Scene, ViewLayer | Synchronizing object | Breathing air cylinder
Fra:1 Mem:27.00M (Peak 27.21M) | Time:00:00.01 | Mem:0.00M, Peak:0.00M | Scene, ViewLayer | Synchronizing object | Face shield
Fra:1 Mem:31.11M (Peak 31.12M) | Time:00:00.01 | Mem:0.00M, Peak:0.00M | Scene, ViewLayer | Synchronizing object | Neck
Fra:1 Mem:31.16M (Peak 31.16M) | Time:00:00.01 | Mem:0.00M, Peak:0.00M | Scene, ViewLayer | Synchronizing object | Ankle reflective band
Fra:1 Mem:31.14M (Peak 31.16M) | Time:00:00.01 | Mem:0.00M, Peak:0.00M | Scene, ViewLayer | Synchronizing object | Fitted glove
Fra:1 Mem:31.35M (Peak 31.35M) | Time:00:00.01 | Mem:0.00M, Peak:0.00M | Scene, ViewLayer | Synchronizing object | Hair
Fra:1 Mem:31.36M (Peak 31.36M) | Time:00:00.01 | Mem:0.00M, Peak:0.00M | Scene, ViewLayer | Synchronizing object | Operations vest
Fra:1 Mem:31.36M (Peak 31.36M) | Time:00:00.01 | Mem:0.00M, Peak:0.00M | Scene, ViewLayer | Synchronizing object | Continuous tailored jacket.001
Fra:1 Mem:31.37M (Peak 31.37M) | Time:00:00.01 | Mem:0.00M, Peak:0.00M | Scene, ViewLayer | Synchronizing object | Fitted boot.001
Fra:1 Mem:31.46M (Peak 35.81M) | Time:00:00.02 | Mem:0.00M, Peak:0.00M | Scene, ViewLayer | Initializing
Fra:1 Mem:29.18M (Peak 35.81M) | Time:00:00.02 | Mem:0.00M, Peak:0.00M | Scene, ViewLayer | Waiting for render to start
Fra:1 Mem:29.18M (Peak 35.81M) | Time:00:00.02 | Mem:0.00M, Peak:0.00M | Scene, ViewLayer | Updating Scene
Fra:1 Mem:29.18M (Peak 35.81M) | Time:00:00.02 | Mem:0.00M, Peak:0.00M | Scene, ViewLayer | Updating Shaders
Fra:1 Mem:29.18M (Peak 35.81M) | Time:00:00.02 | Mem:0.00M, Peak:0.00M | Scene, ViewLayer | Loading render kernels (may take a few minutes the first time)
Fra:1 Mem:29.27M (Peak 35.81M) | Time:00:00.03 | Mem:0.01M, Peak:0.01M | Scene, ViewLayer | Updating Procedurals
Fra:1 Mem:29.27M (Peak 35.81M) | Time:00:00.03 | Mem:0.01M, Peak:0.01M | Scene, ViewLayer | Updating Background
Fra:1 Mem:29.27M (Peak 35.81M) | Time:00:00.03 | Mem:0.01M, Peak:0.01M | Scene, ViewLayer | Updating Camera
Fra:1 Mem:29.27M (Peak 35.81M) | Time:00:00.03 | Mem:0.01M, Peak:0.01M | Scene, ViewLayer | Updating Meshes Flags
Fra:1 Mem:29.27M (Peak 35.81M) | Time:00:00.03 | Mem:0.01M, Peak:0.01M | Scene, ViewLayer | Updating Objects
Fra:1 Mem:29.27M (Peak 35.81M) | Time:00:00.03 | Mem:0.01M, Peak:0.01M | Scene, ViewLayer | Updating Objects | Copying Transformations to device
Fra:1 Mem:29.28M (Peak 35.81M) | Time:00:00.03 | Mem:0.02M, Peak:0.02M | Scene, ViewLayer | Updating Particle Systems
Fra:1 Mem:29.28M (Peak 35.81M) | Time:00:00.03 | Mem:0.02M, Peak:0.02M | Scene, ViewLayer | Updating Particle Systems | Copying Particles to device
Fra:1 Mem:29.28M (Peak 35.81M) | Time:00:00.03 | Mem:0.02M, Peak:0.02M | Scene, ViewLayer | Updating Meshes
Fra:1 Mem:29.28M (Peak 35.81M) | Time:00:00.03 | Mem:0.02M, Peak:0.02M | Scene, ViewLayer | Updating Objects | Applying Static Transformations
Fra:1 Mem:29.28M (Peak 35.81M) | Time:00:00.03 | Mem:0.02M, Peak:0.02M | Scene, ViewLayer | Updating Mesh | Computing attributes
Fra:1 Mem:30.58M (Peak 35.81M) | Time:00:00.03 | Mem:0.02M, Peak:0.02M | Scene, ViewLayer | Updating Mesh | Copying Attributes to device
Fra:1 Mem:30.57M (Peak 35.81M) | Time:00:00.03 | Mem:1.31M, Peak:1.31M | Scene, ViewLayer | Updating Scene BVH | Building
Fra:1 Mem:30.58M (Peak 35.81M) | Time:00:00.03 | Mem:1.31M, Peak:1.31M | Scene, ViewLayer | Updating Scene BVH | Building BVH
Fra:1 Mem:30.58M (Peak 35.81M) | Time:00:00.03 | Mem:3.70M, Peak:3.70M | Scene, ViewLayer | Updating Scene BVH | Building BVH 0%
Fra:1 Mem:30.58M (Peak 35.81M) | Time:00:00.04 | Mem:6.56M, Peak:8.95M | Scene, ViewLayer | Updating Scene BVH | Copying BVH to device
Fra:1 Mem:30.58M (Peak 35.81M) | Time:00:00.04 | Mem:6.56M, Peak:8.95M | Scene, ViewLayer | Updating Mesh | Computing normals
Fra:1 Mem:34.36M (Peak 35.81M) | Time:00:00.04 | Mem:6.56M, Peak:8.95M | Scene, ViewLayer | Updating Mesh | Copying Mesh to device
Fra:1 Mem:34.36M (Peak 35.81M) | Time:00:00.04 | Mem:10.34M, Peak:10.34M | Scene, ViewLayer | Updating Objects Flags
Fra:1 Mem:34.36M (Peak 35.81M) | Time:00:00.04 | Mem:10.34M, Peak:10.34M | Scene, ViewLayer | Updating Primitive Offsets
Fra:1 Mem:34.36M (Peak 35.81M) | Time:00:00.04 | Mem:10.34M, Peak:10.34M | Scene, ViewLayer | Updating Images
Fra:1 Mem:34.36M (Peak 35.81M) | Time:00:00.04 | Mem:10.34M, Peak:10.34M | Scene, ViewLayer | Updating Images | Loading Metal032_1K-JPG_Color.jpg
Fra:1 Mem:38.36M (Peak 38.36M) | Time:00:00.04 | Mem:10.34M, Peak:10.34M | Scene, ViewLayer | Updating Images | Loading Concrete031_1K-JPG_Color.jpg
Fra:1 Mem:42.37M (Peak 42.37M) | Time:00:00.05 | Mem:18.34M, Peak:18.34M | Scene, ViewLayer | Updating Camera Volume
Fra:1 Mem:42.37M (Peak 42.37M) | Time:00:00.05 | Mem:18.34M, Peak:18.34M | Scene, ViewLayer | Updating Lookup Tables
Fra:1 Mem:42.37M (Peak 42.37M) | Time:00:00.05 | Mem:18.42M, Peak:18.42M | Scene, ViewLayer | Updating Lights
Fra:1 Mem:42.37M (Peak 42.37M) | Time:00:00.05 | Mem:18.42M, Peak:18.42M | Scene, ViewLayer | Updating Lights | Computing tree
Fra:1 Mem:42.37M (Peak 42.37M) | Time:00:00.05 | Mem:18.42M, Peak:18.42M | Scene, ViewLayer | Updating Integrator
Fra:1 Mem:42.37M (Peak 42.37M) | Time:00:00.05 | Mem:18.42M, Peak:18.42M | Scene, ViewLayer | Updating Film
Fra:1 Mem:42.38M (Peak 42.38M) | Time:00:00.05 | Mem:18.34M, Peak:18.42M | Scene, ViewLayer | Updating Lookup Tables
Fra:1 Mem:42.38M (Peak 42.38M) | Time:00:00.05 | Mem:18.43M, Peak:18.43M | Scene, ViewLayer | Updating Baking
Fra:1 Mem:42.38M (Peak 42.38M) | Time:00:00.05 | Mem:18.43M, Peak:18.43M | Scene, ViewLayer | Updating Device | Writing constant memory
Fra:1 Mem:42.38M (Peak 42.38M) | Time:00:00.05 | Mem:18.43M, Peak:18.43M | Scene, ViewLayer | Loading denoising kernels (may take a few minutes the first time)
Fra:1 Mem:42.38M (Peak 42.38M) | Time:00:00.05 | Mem:18.43M, Peak:18.43M | Scene, ViewLayer | Sample 0/24
Fra:1 Mem:270.42M (Peak 270.42M) | Time:00:01.80 | Remaining:00:40.17 | Mem:246.44M, Peak:246.44M | Scene, ViewLayer | Sample 1/24
Fra:1 Mem:270.42M (Peak 270.42M) | Time:00:28.94 | Remaining:00:11.89 | Mem:246.44M, Peak:246.44M | Scene, ViewLayer | Sample 17/24
Fra:1 Mem:366.43M (Peak 510.43M) | Time:00:51.58 | Mem:246.44M, Peak:246.44M | Scene, ViewLayer | Sample 24/24
Fra:1 Mem:366.43M (Peak 510.43M) | Time:00:51.58 | Mem:246.44M, Peak:246.44M | Scene, ViewLayer | Finished
Saved: '/Users/um-yunsang/CHOOGuard/art/blender/response-set-metre-preview.png'
Time: 00:51.85 (Saving: 00:00.26)

