Blender 4.5.9 LTS (hash 8bf95cbd38d1 built 2026-04-21 01:30:46)
Fra:1 Mem:99.84M (Peak 99.84M) | Time:00:00.19 | Rendering 1 / 64 samples
Fra:1 Mem:99.93M (Peak 99.93M) | Time:00:00.67 | Rendering 25 / 64 samples
Fra:1 Mem:99.93M (Peak 99.93M) | Time:00:01.15 | Rendering 50 / 64 samples
Fra:1 Mem:99.93M (Peak 99.93M) | Time:00:01.43 | Rendering 64 / 64 samples
Saved: '/Users/um-yunsang/CHOOGuard/art/blender/Central119Restored-preview.png'
Time: 00:01.59 (Saving: 00:00.13)

Fra:1 Mem:102.77M (Peak 102.77M) | Time:00:00.07 | Rendering 1 / 64 samples
Fra:1 Mem:102.77M (Peak 102.77M) | Time:00:00.53 | Rendering 25 / 64 samples
Fra:1 Mem:102.84M (Peak 102.84M) | Time:00:00.99 | Rendering 50 / 64 samples
Fra:1 Mem:102.77M (Peak 102.84M) | Time:00:01.26 | Rendering 64 / 64 samples
Saved: '/Users/um-yunsang/CHOOGuard/art/blender/Choryang119Restored-preview.png'
Time: 00:01.37 (Saving: 00:00.09)

Fra:1 Mem:141.25M (Peak 141.25M) | Time:00:00.07 | Rendering 1 / 64 samples
Fra:1 Mem:141.26M (Peak 141.26M) | Time:00:00.37 | Rendering 25 / 64 samples
Fra:1 Mem:141.32M (Peak 141.32M) | Time:00:00.69 | Rendering 50 / 64 samples
Fra:1 Mem:141.26M (Peak 141.32M) | Time:00:00.87 | Rendering 64 / 64 samples
Saved: '/Users/um-yunsang/CHOOGuard/art/blender/BusanStationRestored-preview.png'
Time: 00:00.97 (Saving: 00:00.09)


FBX export starting... '/Users/um-yunsang/CHOOGuard/art/blender/restoration-exports/Central119Restored.fbx'
export finished in 0.0339 sec.

FBX export starting... '/Users/um-yunsang/CHOOGuard/art/blender/restoration-exports/Choryang119Restored.fbx'
export finished in 0.0369 sec.

FBX export starting... '/Users/um-yunsang/CHOOGuard/art/blender/restoration-exports/BusanStationRestored.fbx'
export finished in 0.1304 sec.
Info: Saved as "restored-facilities.blend"

Blender quit
