Blender 4.5.9 LTS (hash 8bf95cbd38d1 built 2026-04-21 01:30:46)
Fra:1 Mem:46.93M (Peak 46.93M) | Time:00:00.00 | Mem:0.00M, Peak:0.00M | Scene, ViewLayer | Synchronizing object | Tapered trunk
Fra:1 Mem:47.00M (Peak 47.00M) | Time:00:00.00 | Mem:0.00M, Peak:0.00M | Scene, ViewLayer | Synchronizing object | Varied leaf crown
Fra:1 Mem:47.04M (Peak 47.04M) | Time:00:00.00 | Mem:0.00M, Peak:0.00M | Scene, ViewLayer | Synchronizing object | Varied leaf crown.006
Fra:1 Mem:47.04M (Peak 47.04M) | Time:00:00.00 | Mem:0.00M, Peak:0.00M | Scene, ViewLayer | Synchronizing object | Bent pine trunk
Fra:1 Mem:47.14M (Peak 47.14M) | Time:00:00.00 | Mem:0.00M, Peak:0.00M | Scene, ViewLayer | Synchronizing object | Varied leaf crown.025
Fra:1 Mem:47.16M (Peak 47.16M) | Time:00:00.00 | Mem:0.00M, Peak:0.00M | Scene, ViewLayer | Synchronizing object | Varied leaf crown.028
Fra:1 Mem:47.19M (Peak 47.19M) | Time:00:00.00 | Mem:0.00M, Peak:0.00M | Scene, ViewLayer | Synchronizing object | Bolted foundation
Fra:1 Mem:47.21M (Peak 47.21M) | Time:00:00.00 | Mem:0.00M, Peak:0.00M | Scene, ViewLayer | Synchronizing object | Pole base
Fra:1 Mem:47.24M (Peak 47.24M) | Time:00:00.00 | Mem:0.00M, Peak:0.00M | Scene, ViewLayer | Synchronizing object | Area
Fra:1 Mem:47.25M (Peak 47.25M) | Time:00:00.00 | Mem:0.00M, Peak:0.00M | Scene, ViewLayer | Synchronizing object | Steel leg
Fra:1 Mem:47.30M (Peak 47.30M) | Time:00:00.00 | Mem:0.00M, Peak:0.00M | Scene, ViewLayer | Synchronizing object | Sun
Fra:1 Mem:47.30M (Peak 47.30M) | Time:00:00.00 | Mem:0.00M, Peak:0.00M | Scene, ViewLayer | Synchronizing object | Studio
Fra:1 Mem:47.36M (Peak 47.36M) | Time:00:00.00 | Mem:0.00M, Peak:0.00M | Scene, ViewLayer | Synchronizing object | Seat slat
Fra:1 Mem:47.48M (Peak 47.48M) | Time:00:00.00 | Mem:0.00M, Peak:0.00M | Scene, ViewLayer | Synchronizing object | Armrest
Fra:1 Mem:47.51M (Peak 47.51M) | Time:00:00.00 | Mem:0.00M, Peak:0.00M | Scene, ViewLayer | Synchronizing object | Shelter footing
Fra:1 Mem:47.57M (Peak 47.57M) | Time:00:00.00 | Mem:0.00M, Peak:0.00M | Scene, ViewLayer | Synchronizing object | Market awning.001
Fra:1 Mem:47.54M (Peak 47.57M) | Time:00:00.00 | Mem:0.00M, Peak:0.00M | Scene, ViewLayer | Synchronizing object | Shelter column
Fra:1 Mem:47.67M (Peak 47.67M) | Time:00:00.00 | Mem:0.00M, Peak:0.00M | Scene, ViewLayer | Synchronizing object | Back glazing
Fra:1 Mem:47.74M (Peak 47.74M) | Time:00:00.00 | Mem:0.00M, Peak:0.00M | Scene, ViewLayer | Synchronizing object | Market awning
Fra:1 Mem:47.88M (Peak 47.88M) | Time:00:00.00 | Mem:0.00M, Peak:0.00M | Scene, ViewLayer | Synchronizing object | Window lower rail
Fra:1 Mem:47.93M (Peak 47.93M) | Time:00:00.00 | Mem:0.00M, Peak:0.00M | Scene, ViewLayer | Synchronizing object | Blue station fascia
Fra:1 Mem:47.89M (Peak 47.93M) | Time:00:00.00 | Mem:0.00M, Peak:0.00M | Scene, ViewLayer | Synchronizing object | Korean sign
Fra:1 Mem:48.20M (Peak 48.20M) | Time:00:00.00 | Mem:0.00M, Peak:0.00M | Scene, ViewLayer | Synchronizing object | Twin rising seagull roof wings
Fra:1 Mem:48.28M (Peak 48.28M) | Time:00:00.00 | Mem:0.00M, Peak:0.00M | Scene, ViewLayer | Synchronizing object | Shelter bench
Fra:1 Mem:48.40M (Peak 48.40M) | Time:00:00.00 | Mem:0.00M, Peak:0.00M | Scene, ViewLayer | Synchronizing object | Market facade frame
Fra:1 Mem:48.52M (Peak 48.52M) | Time:00:00.00 | Mem:0.00M, Peak:0.00M | Scene, ViewLayer | Synchronizing object | Planter short wall
Fra:1 Mem:48.43M (Peak 48.52M) | Time:00:00.00 | Mem:0.00M, Peak:0.00M | Scene, ViewLayer | Synchronizing object | Inset soil
Fra:1 Mem:48.71M (Peak 48.71M) | Time:00:00.00 | Mem:0.00M, Peak:0.00M | Scene, ViewLayer | Synchronizing object | Varied leaf crown.086
Fra:1 Mem:48.72M (Peak 48.72M) | Time:00:00.00 | Mem:0.00M, Peak:0.00M | Scene, ViewLayer | Synchronizing object | Varied leaf crown.087
Fra:1 Mem:48.73M (Peak 48.73M) | Time:00:00.00 | Mem:0.00M, Peak:0.00M | Scene, ViewLayer | Synchronizing object | Varied leaf crown.088
Fra:1 Mem:48.75M (Peak 48.75M) | Time:00:00.00 | Mem:0.00M, Peak:0.00M | Scene, ViewLayer | Synchronizing object | Circular podium
Fra:1 Mem:48.80M (Peak 48.80M) | Time:00:00.00 | Mem:0.00M, Peak:0.00M | Scene, ViewLayer | Synchronizing object | Slender tapering shaft
Fra:1 Mem:48.84M (Peak 48.84M) | Time:00:00.00 | Mem:0.00M, Peak:0.00M | Scene, ViewLayer | Synchronizing object | Panoramic observation glazing
Fra:1 Mem:48.89M (Peak 48.89M) | Time:00:00.00 | Mem:0.00M, Peak:0.00M | Scene, ViewLayer | Synchronizing object | Observation mullion
Fra:1 Mem:48.93M (Peak 48.93M) | Time:00:00.00 | Mem:0.00M, Peak:0.00M | Scene, ViewLayer | Synchronizing object | Pagoda inspired crown
Fra:1 Mem:48.95M (Peak 48.95M) | Time:00:00.00 | Mem:0.00M, Peak:0.00M | Scene, ViewLayer | Synchronizing object | Horizontal floor plate
Fra:1 Mem:49.19M (Peak 49.19M) | Time:00:00.00 | Mem:0.00M, Peak:0.00M | Scene, ViewLayer | Synchronizing object | Curtain glazing
Fra:1 Mem:49.19M (Peak 49.19M) | Time:00:00.00 | Mem:0.00M, Peak:0.00M | Scene, ViewLayer | Synchronizing object | Facade mullion
Fra:1 Mem:53.51M (Peak 53.72M) | Time:00:00.00 | Mem:0.00M, Peak:0.00M | Scene, ViewLayer | Synchronizing object | Long curved terminal roof
Fra:1 Mem:53.52M (Peak 53.72M) | Time:00:00.00 | Mem:0.00M, Peak:0.00M | Scene, ViewLayer | Synchronizing object | Market floor band
Fra:1 Mem:54.16M (Peak 54.16M) | Time:00:00.00 | Mem:0.00M, Peak:0.00M | Scene, ViewLayer | Synchronizing object | Horizontal market glazing
Fra:1 Mem:54.13M (Peak 56.77M) | Time:00:00.01 | Mem:0.00M, Peak:0.00M | Scene, ViewLayer | Initializing
Fra:1 Mem:51.84M (Peak 56.77M) | Time:00:00.01 | Mem:0.00M, Peak:0.00M | Scene, ViewLayer | Waiting for render to start
Fra:1 Mem:51.84M (Peak 56.77M) | Time:00:00.01 | Mem:0.00M, Peak:0.00M | Scene, ViewLayer | Updating Scene
Fra:1 Mem:51.84M (Peak 56.77M) | Time:00:00.01 | Mem:0.00M, Peak:0.00M | Scene, ViewLayer | Updating Shaders
Fra:1 Mem:51.84M (Peak 56.77M) | Time:00:00.01 | Mem:0.00M, Peak:0.00M | Scene, ViewLayer | Loading render kernels (may take a few minutes the first time)
Fra:1 Mem:51.93M (Peak 56.77M) | Time:00:00.02 | Mem:0.01M, Peak:0.01M | Scene, ViewLayer | Updating Procedurals
Fra:1 Mem:51.93M (Peak 56.77M) | Time:00:00.02 | Mem:0.01M, Peak:0.01M | Scene, ViewLayer | Updating Background
Fra:1 Mem:51.93M (Peak 56.77M) | Time:00:00.02 | Mem:0.01M, Peak:0.01M | Scene, ViewLayer | Updating Camera
Fra:1 Mem:51.93M (Peak 56.77M) | Time:00:00.02 | Mem:0.01M, Peak:0.01M | Scene, ViewLayer | Updating Meshes Flags
Fra:1 Mem:51.93M (Peak 56.77M) | Time:00:00.02 | Mem:0.01M, Peak:0.01M | Scene, ViewLayer | Updating Objects
Fra:1 Mem:51.93M (Peak 56.77M) | Time:00:00.02 | Mem:0.01M, Peak:0.01M | Scene, ViewLayer | Updating Objects | Copying Transformations to device
Fra:1 Mem:51.94M (Peak 56.77M) | Time:00:00.02 | Mem:0.02M, Peak:0.02M | Scene, ViewLayer | Updating Particle Systems
Fra:1 Mem:51.94M (Peak 56.77M) | Time:00:00.02 | Mem:0.02M, Peak:0.02M | Scene, ViewLayer | Updating Particle Systems | Copying Particles to device
Fra:1 Mem:51.94M (Peak 56.77M) | Time:00:00.02 | Mem:0.02M, Peak:0.02M | Scene, ViewLayer | Updating Meshes
Fra:1 Mem:51.94M (Peak 56.77M) | Time:00:00.02 | Mem:0.02M, Peak:0.02M | Scene, ViewLayer | Updating Objects | Applying Static Transformations
Fra:1 Mem:51.94M (Peak 56.77M) | Time:00:00.02 | Mem:0.02M, Peak:0.02M | Scene, ViewLayer | Updating Mesh | Computing attributes
Fra:1 Mem:53.18M (Peak 56.77M) | Time:00:00.02 | Mem:0.02M, Peak:0.02M | Scene, ViewLayer | Updating Mesh | Copying Attributes to device
Fra:1 Mem:53.17M (Peak 56.77M) | Time:00:00.02 | Mem:1.26M, Peak:1.26M | Scene, ViewLayer | Updating Scene BVH | Building
Fra:1 Mem:53.17M (Peak 56.77M) | Time:00:00.02 | Mem:1.26M, Peak:1.26M | Scene, ViewLayer | Updating Scene BVH | Building BVH
Fra:1 Mem:53.17M (Peak 56.77M) | Time:00:00.02 | Mem:3.23M, Peak:3.23M | Scene, ViewLayer | Updating Scene BVH | Building BVH 0%
Fra:1 Mem:53.17M (Peak 56.77M) | Time:00:00.02 | Mem:5.38M, Peak:7.35M | Scene, ViewLayer | Updating Scene BVH | Copying BVH to device
Fra:1 Mem:53.17M (Peak 56.77M) | Time:00:00.02 | Mem:5.38M, Peak:7.35M | Scene, ViewLayer | Updating Mesh | Computing normals
Fra:1 Mem:56.63M (Peak 56.77M) | Time:00:00.02 | Mem:5.38M, Peak:7.35M | Scene, ViewLayer | Updating Mesh | Copying Mesh to device
Fra:1 Mem:56.63M (Peak 56.77M) | Time:00:00.02 | Mem:8.83M, Peak:8.83M | Scene, ViewLayer | Updating Objects Flags
Fra:1 Mem:56.63M (Peak 56.77M) | Time:00:00.02 | Mem:8.83M, Peak:8.83M | Scene, ViewLayer | Updating Primitive Offsets
Fra:1 Mem:56.63M (Peak 56.77M) | Time:00:00.02 | Mem:8.83M, Peak:8.83M | Scene, ViewLayer | Updating Images
Fra:1 Mem:56.63M (Peak 56.77M) | Time:00:00.02 | Mem:8.83M, Peak:8.83M | Scene, ViewLayer | Updating Images | Loading Metal032_1K-JPG_Color.jpg
Fra:1 Mem:56.63M (Peak 56.77M) | Time:00:00.02 | Mem:8.83M, Peak:8.83M | Scene, ViewLayer | Updating Images | Loading Concrete031_1K-JPG_Color.jpg
Fra:1 Mem:64.64M (Peak 64.64M) | Time:00:00.04 | Mem:16.83M, Peak:16.83M | Scene, ViewLayer | Updating Camera Volume
Fra:1 Mem:64.64M (Peak 64.64M) | Time:00:00.04 | Mem:16.83M, Peak:16.83M | Scene, ViewLayer | Updating Lookup Tables
Fra:1 Mem:64.64M (Peak 64.64M) | Time:00:00.04 | Mem:16.91M, Peak:16.91M | Scene, ViewLayer | Updating Lights
Fra:1 Mem:64.64M (Peak 64.64M) | Time:00:00.04 | Mem:16.91M, Peak:16.91M | Scene, ViewLayer | Updating Lights | Computing tree
Fra:1 Mem:64.64M (Peak 64.64M) | Time:00:00.04 | Mem:16.91M, Peak:16.91M | Scene, ViewLayer | Updating Integrator
Fra:1 Mem:64.64M (Peak 64.64M) | Time:00:00.04 | Mem:16.91M, Peak:16.91M | Scene, ViewLayer | Updating Film
Fra:1 Mem:64.64M (Peak 64.64M) | Time:00:00.04 | Mem:16.83M, Peak:16.91M | Scene, ViewLayer | Updating Lookup Tables
Fra:1 Mem:64.64M (Peak 64.64M) | Time:00:00.04 | Mem:16.92M, Peak:16.92M | Scene, ViewLayer | Updating Baking
Fra:1 Mem:64.64M (Peak 64.64M) | Time:00:00.04 | Mem:16.92M, Peak:16.92M | Scene, ViewLayer | Updating Device | Writing constant memory
Fra:1 Mem:64.65M (Peak 64.65M) | Time:00:00.04 | Mem:16.92M, Peak:16.92M | Scene, ViewLayer | Loading denoising kernels (may take a few minutes the first time)
Fra:1 Mem:64.65M (Peak 64.65M) | Time:00:00.04 | Mem:16.92M, Peak:16.92M | Scene, ViewLayer | Sample 0/24
Fra:1 Mem:292.69M (Peak 292.69M) | Time:00:01.09 | Remaining:00:24.23 | Mem:244.93M, Peak:244.93M | Scene, ViewLayer | Sample 1/24
Fra:1 Mem:388.69M (Peak 532.69M) | Time:00:38.92 | Mem:244.93M, Peak:244.93M | Scene, ViewLayer | Sample 24/24
Fra:1 Mem:388.69M (Peak 532.69M) | Time:00:38.92 | Mem:244.93M, Peak:244.93M | Scene, ViewLayer | Finished
Saved: '/Users/um-yunsang/CHOOGuard/art/blender/world-set-contact.png'
Time: 00:39.24 (Saving: 00:00.31)

Fra:1 Mem:48.14M (Peak 48.14M) | Time:00:00.00 | Mem:0.00M, Peak:0.00M | Scene, ViewLayer | Synchronizing object | Tapered trunk
Fra:1 Mem:48.14M (Peak 48.14M) | Time:00:00.00 | Mem:0.00M, Peak:0.00M | Scene, ViewLayer | Synchronizing object | Varied leaf crown.003
Fra:1 Mem:48.25M (Peak 48.25M) | Time:00:00.00 | Mem:0.00M, Peak:0.00M | Scene, ViewLayer | Synchronizing object | Varied leaf crown.006
Fra:1 Mem:48.27M (Peak 48.27M) | Time:00:00.00 | Mem:0.00M, Peak:0.00M | Scene, ViewLayer | Synchronizing object | Varied leaf crown.025
Fra:1 Mem:48.29M (Peak 48.29M) | Time:00:00.00 | Mem:0.00M, Peak:0.00M | Scene, ViewLayer | Synchronizing object | Varied leaf crown.028
Fra:1 Mem:48.32M (Peak 48.32M) | Time:00:00.00 | Mem:0.00M, Peak:0.00M | Scene, ViewLayer | Synchronizing object | Bolted foundation
Fra:1 Mem:48.36M (Peak 48.36M) | Time:00:00.00 | Mem:0.00M, Peak:0.00M | Scene, ViewLayer | Synchronizing object | Pole base
Fra:1 Mem:48.36M (Peak 48.36M) | Time:00:00.00 | Mem:0.00M, Peak:0.00M | Scene, ViewLayer | Synchronizing object | Anchor bolt
Fra:1 Mem:48.37M (Peak 48.37M) | Time:00:00.00 | Mem:0.00M, Peak:0.00M | Scene, ViewLayer | Synchronizing object | Steel leg
Fra:1 Mem:48.45M (Peak 48.45M) | Time:00:00.00 | Mem:0.00M, Peak:0.00M | Scene, ViewLayer | Synchronizing object | Seat slat
Fra:1 Mem:48.58M (Peak 48.58M) | Time:00:00.00 | Mem:0.00M, Peak:0.00M | Scene, ViewLayer | Synchronizing object | Armrest
Fra:1 Mem:48.57M (Peak 48.58M) | Time:00:00.00 | Mem:0.00M, Peak:0.00M | Scene, ViewLayer | Synchronizing object | Area
Fra:1 Mem:48.60M (Peak 48.60M) | Time:00:00.00 | Mem:0.00M, Peak:0.00M | Scene, ViewLayer | Synchronizing object | Shelter footing
Fra:1 Mem:48.56M (Peak 48.60M) | Time:00:00.00 | Mem:0.00M, Peak:0.00M | Scene, ViewLayer | Synchronizing object | Sun
Fra:1 Mem:48.57M (Peak 48.60M) | Time:00:00.00 | Mem:0.00M, Peak:0.00M | Scene, ViewLayer | Synchronizing object | Studio
Fra:1 Mem:48.59M (Peak 48.60M) | Time:00:00.00 | Mem:0.00M, Peak:0.00M | Scene, ViewLayer | Synchronizing object | Shelter column
Fra:1 Mem:48.67M (Peak 48.67M) | Time:00:00.00 | Mem:0.00M, Peak:0.00M | Scene, ViewLayer | Synchronizing object | Market awning.001
Fra:1 Mem:48.71M (Peak 48.71M) | Time:00:00.00 | Mem:0.00M, Peak:0.00M | Scene, ViewLayer | Synchronizing object | Back glazing
Fra:1 Mem:48.80M (Peak 48.80M) | Time:00:00.00 | Mem:0.00M, Peak:0.00M | Scene, ViewLayer | Synchronizing object | Window lower rail
Fra:1 Mem:48.87M (Peak 48.87M) | Time:00:00.00 | Mem:0.00M, Peak:0.00M | Scene, ViewLayer | Synchronizing object | Market awning
Fra:1 Mem:48.96M (Peak 48.96M) | Time:00:00.00 | Mem:0.00M, Peak:0.00M | Scene, ViewLayer | Synchronizing object | Blue station fascia
Fra:1 Mem:48.98M (Peak 48.98M) | Time:00:00.00 | Mem:0.00M, Peak:0.00M | Scene, ViewLayer | Synchronizing object | Korean sign
Fra:1 Mem:49.04M (Peak 49.04M) | Time:00:00.00 | Mem:0.00M, Peak:0.00M | Scene, ViewLayer | Synchronizing object | Shelter bench
Fra:1 Mem:48.99M (Peak 49.04M) | Time:00:00.00 | Mem:0.00M, Peak:0.00M | Scene, ViewLayer | Synchronizing object | Twin rising seagull roof wings
Fra:1 Mem:49.29M (Peak 49.29M) | Time:00:00.00 | Mem:0.00M, Peak:0.00M | Scene, ViewLayer | Synchronizing object | Market facade frame
Fra:1 Mem:49.32M (Peak 49.32M) | Time:00:00.00 | Mem:0.00M, Peak:0.00M | Scene, ViewLayer | Synchronizing object | Planter short wall
Fra:1 Mem:49.47M (Peak 49.47M) | Time:00:00.00 | Mem:0.00M, Peak:0.00M | Scene, ViewLayer | Synchronizing object | Inset soil
Fra:1 Mem:49.60M (Peak 49.60M) | Time:00:00.00 | Mem:0.00M, Peak:0.00M | Scene, ViewLayer | Synchronizing object | Varied leaf crown.086
Fra:1 Mem:49.50M (Peak 49.60M) | Time:00:00.00 | Mem:0.00M, Peak:0.00M | Scene, ViewLayer | Synchronizing object | Varied leaf crown.087
Fra:1 Mem:49.51M (Peak 49.60M) | Time:00:00.00 | Mem:0.00M, Peak:0.00M | Scene, ViewLayer | Synchronizing object | Varied leaf crown.088
Fra:1 Mem:49.52M (Peak 49.60M) | Time:00:00.00 | Mem:0.00M, Peak:0.00M | Scene, ViewLayer | Synchronizing object | Circular podium
Fra:1 Mem:49.56M (Peak 49.60M) | Time:00:00.00 | Mem:0.00M, Peak:0.00M | Scene, ViewLayer | Synchronizing object | Slender tapering shaft
Fra:1 Mem:49.58M (Peak 49.60M) | Time:00:00.00 | Mem:0.00M, Peak:0.00M | Scene, ViewLayer | Synchronizing object | Observation mullion
Fra:1 Mem:49.93M (Peak 49.93M) | Time:00:00.00 | Mem:0.00M, Peak:0.00M | Scene, ViewLayer | Synchronizing object | Pagoda inspired crown
Fra:1 Mem:49.96M (Peak 49.96M) | Time:00:00.00 | Mem:0.00M, Peak:0.00M | Scene, ViewLayer | Synchronizing object | Horizontal floor plate
Fra:1 Mem:50.16M (Peak 50.16M) | Time:00:00.00 | Mem:0.00M, Peak:0.00M | Scene, ViewLayer | Synchronizing object | Curtain glazing
Fra:1 Mem:50.20M (Peak 50.20M) | Time:00:00.00 | Mem:0.00M, Peak:0.00M | Scene, ViewLayer | Synchronizing object | Facade mullion
Fra:1 Mem:53.74M (Peak 53.74M) | Time:00:00.01 | Mem:0.00M, Peak:0.00M | Scene, ViewLayer | Synchronizing object | Long curved terminal roof
Fra:1 Mem:54.24M (Peak 54.24M) | Time:00:00.01 | Mem:0.00M, Peak:0.00M | Scene, ViewLayer | Synchronizing object | Market floor band
Fra:1 Mem:54.25M (Peak 54.25M) | Time:00:00.01 | Mem:0.00M, Peak:0.00M | Scene, ViewLayer | Synchronizing object | Horizontal market glazing
Fra:1 Mem:54.13M (Peak 56.87M) | Time:00:00.01 | Mem:0.00M, Peak:0.00M | Scene, ViewLayer | Initializing
Fra:1 Mem:51.84M (Peak 56.87M) | Time:00:00.01 | Mem:0.00M, Peak:0.00M | Scene, ViewLayer | Waiting for render to start
Fra:1 Mem:51.84M (Peak 56.87M) | Time:00:00.01 | Mem:0.00M, Peak:0.00M | Scene, ViewLayer | Updating Scene
Fra:1 Mem:51.84M (Peak 56.87M) | Time:00:00.01 | Mem:0.00M, Peak:0.00M | Scene, ViewLayer | Updating Shaders
Fra:1 Mem:51.84M (Peak 56.87M) | Time:00:00.01 | Mem:0.00M, Peak:0.00M | Scene, ViewLayer | Loading render kernels (may take a few minutes the first time)
Fra:1 Mem:51.93M (Peak 56.87M) | Time:00:00.01 | Mem:0.01M, Peak:0.01M | Scene, ViewLayer | Updating Procedurals
Fra:1 Mem:51.93M (Peak 56.87M) | Time:00:00.01 | Mem:0.01M, Peak:0.01M | Scene, ViewLayer | Updating Background
Fra:1 Mem:51.93M (Peak 56.87M) | Time:00:00.01 | Mem:0.01M, Peak:0.01M | Scene, ViewLayer | Updating Camera
Fra:1 Mem:51.93M (Peak 56.87M) | Time:00:00.01 | Mem:0.01M, Peak:0.01M | Scene, ViewLayer | Updating Meshes Flags
Fra:1 Mem:51.93M (Peak 56.87M) | Time:00:00.01 | Mem:0.01M, Peak:0.01M | Scene, ViewLayer | Updating Objects
Fra:1 Mem:51.93M (Peak 56.87M) | Time:00:00.01 | Mem:0.01M, Peak:0.01M | Scene, ViewLayer | Updating Objects | Copying Transformations to device
Fra:1 Mem:51.94M (Peak 56.87M) | Time:00:00.01 | Mem:0.02M, Peak:0.02M | Scene, ViewLayer | Updating Particle Systems
Fra:1 Mem:51.94M (Peak 56.87M) | Time:00:00.01 | Mem:0.02M, Peak:0.02M | Scene, ViewLayer | Updating Particle Systems | Copying Particles to device
Fra:1 Mem:51.94M (Peak 56.87M) | Time:00:00.01 | Mem:0.02M, Peak:0.02M | Scene, ViewLayer | Updating Meshes
Fra:1 Mem:51.94M (Peak 56.87M) | Time:00:00.01 | Mem:0.02M, Peak:0.02M | Scene, ViewLayer | Updating Objects | Applying Static Transformations
Fra:1 Mem:51.94M (Peak 56.87M) | Time:00:00.01 | Mem:0.02M, Peak:0.02M | Scene, ViewLayer | Updating Mesh | Computing attributes
Fra:1 Mem:53.18M (Peak 56.87M) | Time:00:00.01 | Mem:0.02M, Peak:0.02M | Scene, ViewLayer | Updating Mesh | Copying Attributes to device
Fra:1 Mem:53.17M (Peak 56.87M) | Time:00:00.01 | Mem:1.26M, Peak:1.26M | Scene, ViewLayer | Updating Scene BVH | Building
Fra:1 Mem:53.17M (Peak 56.87M) | Time:00:00.01 | Mem:1.26M, Peak:1.26M | Scene, ViewLayer | Updating Scene BVH | Building BVH
Fra:1 Mem:53.17M (Peak 56.87M) | Time:00:00.01 | Mem:3.23M, Peak:3.23M | Scene, ViewLayer | Updating Scene BVH | Building BVH 0%
Fra:1 Mem:53.17M (Peak 56.87M) | Time:00:00.02 | Mem:5.38M, Peak:7.35M | Scene, ViewLayer | Updating Scene BVH | Copying BVH to device
Fra:1 Mem:53.17M (Peak 56.87M) | Time:00:00.02 | Mem:5.38M, Peak:7.35M | Scene, ViewLayer | Updating Mesh | Computing normals
Fra:1 Mem:56.63M (Peak 56.87M) | Time:00:00.02 | Mem:5.38M, Peak:7.35M | Scene, ViewLayer | Updating Mesh | Copying Mesh to device
Fra:1 Mem:56.63M (Peak 56.87M) | Time:00:00.02 | Mem:8.83M, Peak:8.83M | Scene, ViewLayer | Updating Objects Flags
Fra:1 Mem:56.63M (Peak 56.87M) | Time:00:00.02 | Mem:8.83M, Peak:8.83M | Scene, ViewLayer | Updating Primitive Offsets
Fra:1 Mem:56.63M (Peak 56.87M) | Time:00:00.02 | Mem:8.83M, Peak:8.83M | Scene, ViewLayer | Updating Images
Fra:1 Mem:56.63M (Peak 56.87M) | Time:00:00.02 | Mem:8.83M, Peak:8.83M | Scene, ViewLayer | Updating Images | Loading Metal032_1K-JPG_Color.jpg
Fra:1 Mem:60.63M (Peak 60.63M) | Time:00:00.02 | Mem:8.83M, Peak:8.83M | Scene, ViewLayer | Updating Images | Loading Concrete031_1K-JPG_Color.jpg
Fra:1 Mem:64.64M (Peak 64.64M) | Time:00:00.04 | Mem:16.83M, Peak:16.83M | Scene, ViewLayer | Updating Camera Volume
Fra:1 Mem:64.64M (Peak 64.64M) | Time:00:00.04 | Mem:16.83M, Peak:16.83M | Scene, ViewLayer | Updating Lookup Tables
Fra:1 Mem:64.64M (Peak 64.64M) | Time:00:00.04 | Mem:16.91M, Peak:16.91M | Scene, ViewLayer | Updating Lights
Fra:1 Mem:64.64M (Peak 64.64M) | Time:00:00.04 | Mem:16.91M, Peak:16.91M | Scene, ViewLayer | Updating Lights | Computing tree
Fra:1 Mem:64.64M (Peak 64.64M) | Time:00:00.04 | Mem:16.91M, Peak:16.91M | Scene, ViewLayer | Updating Integrator
Fra:1 Mem:64.64M (Peak 64.64M) | Time:00:00.04 | Mem:16.91M, Peak:16.91M | Scene, ViewLayer | Updating Film
Fra:1 Mem:64.64M (Peak 64.64M) | Time:00:00.04 | Mem:16.83M, Peak:16.91M | Scene, ViewLayer | Updating Lookup Tables
Fra:1 Mem:64.64M (Peak 64.64M) | Time:00:00.04 | Mem:16.92M, Peak:16.92M | Scene, ViewLayer | Updating Baking
Fra:1 Mem:64.64M (Peak 64.64M) | Time:00:00.04 | Mem:16.92M, Peak:16.92M | Scene, ViewLayer | Updating Device | Writing constant memory
Fra:1 Mem:64.65M (Peak 64.65M) | Time:00:00.04 | Mem:16.92M, Peak:16.92M | Scene, ViewLayer | Loading denoising kernels (may take a few minutes the first time)
Fra:1 Mem:64.65M (Peak 64.65M) | Time:00:00.04 | Mem:16.92M, Peak:16.92M | Scene, ViewLayer | Sample 0/24
Fra:1 Mem:292.69M (Peak 292.69M) | Time:00:01.74 | Remaining:00:39.14 | Mem:244.93M, Peak:244.93M | Scene, ViewLayer | Sample 1/24
Fra:1 Mem:292.69M (Peak 292.69M) | Time:00:29.90 | Remaining:00:12.29 | Mem:244.93M, Peak:244.93M | Scene, ViewLayer | Sample 17/24
Fra:1 Mem:388.69M (Peak 532.69M) | Time:00:54.25 | Mem:244.93M, Peak:244.93M | Scene, ViewLayer | Sample 24/24
Fra:1 Mem:388.69M (Peak 532.69M) | Time:00:54.25 | Mem:244.93M, Peak:244.93M | Scene, ViewLayer | Finished
Saved: '/Users/um-yunsang/CHOOGuard/art/blender/world-set-landmark-hero.png'
Time: 00:54.56 (Saving: 00:00.30)


FBX export starting... '/Users/um-yunsang/CHOOGuard/art/blender/world-set-TreeBroadleaf.fbx'
export finished in 0.0068 sec.

FBX export starting... '/Users/um-yunsang/CHOOGuard/art/blender/world-set-TreePine.fbx'
export finished in 0.0051 sec.

FBX export starting... '/Users/um-yunsang/CHOOGuard/art/blender/world-set-StreetLamp.fbx'
export finished in 0.0047 sec.

FBX export starting... '/Users/um-yunsang/CHOOGuard/art/blender/world-set-Bench.fbx'
export finished in 0.0052 sec.

FBX export starting... '/Users/um-yunsang/CHOOGuard/art/blender/world-set-BusStop.fbx'
export finished in 0.0114 sec.

FBX export starting... '/Users/um-yunsang/CHOOGuard/art/blender/world-set-Planter.fbx'
export finished in 0.0057 sec.

FBX export starting... '/Users/um-yunsang/CHOOGuard/art/blender/world-set-BusanTower.fbx'
export finished in 0.0061 sec.

FBX export starting... '/Users/um-yunsang/CHOOGuard/art/blender/world-set-PortTerminal.fbx'
export finished in 0.0173 sec.

FBX export starting... '/Users/um-yunsang/CHOOGuard/art/blender/world-set-JagalchiMarket.fbx'
export finished in 0.0359 sec.
Info: Saved as "world_set.blend"

Blender quit
