SU | Importing: /Users/um-yunsang/CHOOGuard/asset-library/research-public/2026-09-21/quality-a/station-model-source/ktx-extracted/KTX.skp
SU | 
SU | === Importing Sketchup scenes and views as Blender Cameras ===
SU | Importing all SketchUp scenes as Blender cameras
SU | Cameras imported in 0.0005 sec.
SU | 
SU | === Importing Sketchup materials into Blender ===
     ktx-1+uploadtopL
     ktx-1+uploadtopF
     ktx-1+uploadtop
     회색조 80%
     회색조 100%
     회색조 70%
     회색조 60%
     스트라이프_비균등#006
     유리#002
     스트라이프#010
     청#015
     녹#002
     스트라이프_비균등#011
     회색조 20%
     스트라이프_비균등#012
     적#004
     유리#004
     베이스#004
     금속#002
     회색조 30%
     회색조 40%
     옥상방수#004
     베이스#016
     스트라이프_비균등#017
     스트라이프_비균등#018
     G_스트라이프#001
     청#006
     청#008
     그라데이션#003
     녹#001
     스트라이프#013
     로고_글#001
     황#010
     스트라이프_비균등#009
     로고_KTX#001
     적#001
SU | Materials imported in 0.4209 sec.
SU | 
SU | === Importing Sketchup components into Blender ===
SU | Contains 10 components: 
     철도_기차(바퀴)#001, 철도_기차(창)#001, 철도_기차(바퀴)A#002, 철도_기차(연결부)#002, 철도_기차(바퀴)A#001, 철도_기차(연결부), 철도_기관차#001, 철도_동력차#001, 철도_객차#001, 한국고속철도
SU | Component depths analyzed in 0.0013 sec.
SU | Component 철도_기차(바퀴)A#001 written as group
SU | Component 철도_기차(바퀴)A#002 written as group
SU | Component 철도_기관차#001 written as group
SU | Component 철도_동력차#001 written as group
SU | Component 철도_객차#001 written as group
SU | 
SU | === Importing Sketchup mesh objects into Blender ===
SU | Entities imported in 0.4481 sec.
SU | Finished entire importing process in 0.9783 sec.

Info: Saved as "ktx-imported.blend"
AUDIT_SUCCESS {"result": ["FINISHED"], "meshObjects": 478, "vertices": 57391, "polygons": 105390, "boundsRawBlender": {"min": [-11.030272483825684, -9.888443946838379, -2.3035948276519775], "max": [56.85906219482422, 3.3234004974365234, 4.2399516105651855], "size": [67.8893346786499, 13.211844444274902, 6.543546438217163]}, "objects": ["\ucca0\ub3c4_\uae30\ucc28(\ubc14\ud034)A#001", "G-", "G-.001", "G-.002", "G-.003", "G-D=4.00 cm", "G-.004", "G-.005", "G-D=4.00 cm.001", "G-.006", "G-.007", "G-.008", "G-D=4.0
Blender 4.5.9 LTS (hash 8bf95cbd38d1 built 2026-04-21 01:30:46)

Blender quit
