Blender 4.5.9 LTS (hash 8bf95cbd38d1 built 2026-04-21 01:30:46)
Read blend: "/Users/um-yunsang/CHOOGuard/asset-library/research-public/2026-09-21/quality-a/station-model-source/ktx-conversion-draft.blend"
Fra:1 Mem:160.77M (Peak 165.89M) | Time:00:00.62 | Rendering 1 / 64 samples
Fra:1 Mem:160.85M (Peak 165.89M) | Time:00:01.13 | Rendering 25 / 64 samples
Fra:1 Mem:160.85M (Peak 165.89M) | Time:00:01.63 | Rendering 50 / 64 samples
Fra:1 Mem:160.85M (Peak 165.89M) | Time:00:01.89 | Rendering 64 / 64 samples
Saved: '/Users/um-yunsang/CHOOGuard/asset-library/research-public/2026-09-21/quality-a/station-model-source/ktx-clean-source-material-preview.png'
Time: 00:02.05 (Saving: 00:00.14)

Info: Saved as "ktx-clean-conversion-draft.blend"

FBX export starting... '/Users/um-yunsang/CHOOGuard/asset-library/research-public/2026-09-21/quality-a/station-model-source/OfficialKtxCleanDraft.fbx'
WARNING: Cannot register a valid material index for 'G_스트라이프#001' from 'C-철도_기차(연결부)#002' mesh, 'C-철도_기차(연결부)#002.001' object. Most likely, different objects using the same mesh, but different material slots layouts.
WARNING: Cannot register a valid material index for 'G_스트라이프#001' from 'C-철도_기차(연결부)#002' mesh, 'C-철도_기차(연결부)#002.002' object. Most likely, different objects using the same mesh, but different material slots layouts.
WARNING: Cannot register a valid material index for 'G_스트라이프#001' from 'C-철도_기차(연결부)#002' mesh, 'C-철도_기차(연결부)#002.003' object. Most likely, different objects using the same mesh, but different material slots layouts.
WARNING: Cannot register a valid material index for 'G_스트라이프#001' from 'C-철도_기차(연결부)#002' mesh, 'C-철도_기차(연결부)#002.004' object. Most likely, different objects using the same mesh, but different material slots layouts.
WARNING: Cannot register a valid material index for 'G_스트라이프#001' from 'C-철도_기차(연결부)#002' mesh, 'C-철도_기차(연결부)#002.005' object. Most likely, different objects using the same mesh, but different material slots layouts.
WARNING: Cannot register a valid material index for 'G_스트라이프#001' from 'C-철도_기차(연결부)' mesh, 'C-철도_기차(연결부).001' object. Most likely, different objects using the same mesh, but different material slots layouts.
WARNING: Cannot register a valid material index for 'G_스트라이프#001' from 'C-철도_기차(연결부)' mesh, 'C-철도_기차(연결부).002' object. Most likely, different objects using the same mesh, but different material slots layouts.
WARNING: Cannot register a valid material index for 'G_스트라이프#001' from 'C-철도_기차(연결부)' mesh, 'C-철도_기차(연결부).003' object. Most likely, different objects using the same mesh, but different material slots layouts.
WARNING: Cannot register a valid material index for '청#008' from 'C-철도_기차(창)#001' mesh, 'C-철도_기차(창)#001.001' object. Most likely, different objects using the same mesh, but different material slots layouts.
WARNING: Cannot register a valid material index for '유리#002' from 'C-철도_기차(창)#001' mesh, 'C-철도_기차(창)#001.001' object. Most likely, different objects using the same mesh, but different material slots layouts.
WARNING: Cannot register a valid material index for '회색조 60%' from 'C-철도_기차(창)#001' mesh, 'C-철도_기차(창)#001.001' object. Most likely, different objects using the same mesh, but different material slots layouts.
WARNING: Cannot register a valid material index for '청#008' from 'C-철도_기차(창)#001' mesh, 'C-철도_기차(창)#001.002' object. Most likely, different objects using the same mesh, but different material slots layouts.
WARNING: Cannot register a valid material index for '유리#002' from 'C-철도_기차(창)#001' mesh, 'C-철도_기차(창)#001.002' object. Most likely, different objects using the same mesh, but different material slots layouts.
WARNING: Cannot register a valid material index for '회색조 60%' from 'C-철도_기차(창)#001' mesh, 'C-철도_기차(창)#001.002' object. Most likely, different objects using the same mesh, but different material slots layouts.
WARNING: Cannot register a valid material index for '청#008' from 'C-철도_기차(창)#001' mesh, 'C-철도_기차(창)#001.003' object. Most likely, different objects using the same mesh, but different material slots layouts.
WARNING: Cannot register a valid material index for '유리#002' from 'C-철도_기차(창)#001' mesh, 'C-철도_기차(창)#001.003' object. Most likely, different objects using the same mesh, but different material slots layouts.
WARNING: Cannot register a valid material index for '회색조 60%' from 'C-철도_기차(창)#001' mesh, 'C-철도_기차(창)#001.003' object. Most likely, different objects using the same mesh, but different material slots layouts.
WARNING: Cannot register a valid material index for '청#008' from 'C-철도_기차(창)#001' mesh, 'C-철도_기차(창)#001.004' object. Most likely, different objects using the same mesh, but different material slots layouts.
WARNING: Cannot register a valid material index for '유리#002' from 'C-철도_기차(창)#001' mesh, 'C-철도_기차(창)#001.004' object. Most likely, different objects using the same mesh, but different material slots layouts.
WARNING: Cannot register a valid material index for '회색조 60%' from 'C-철도_기차(창)#001' mesh, 'C-철도_기차(창)#001.004' object. Most likely, different objects using the same mesh, but different material slots layouts.
WARNING: Cannot register a valid material index for '청#008' from 'C-철도_기차(창)#001' mesh, 'C-철도_기차(창)#001.005' object. Most likely, different objects using the same mesh, but different material slots layouts.
WARNING: Cannot register a valid material index for '유리#002' from 'C-철도_기차(창)#001' mesh, 'C-철도_기차(창)#001.005' object. Most likely, different objects using the same mesh, but different material slots layouts.
WARNING: Cannot register a valid material index for '회색조 60%' from 'C-철도_기차(창)#001' mesh, 'C-철도_기차(창)#001.005' object. Most likely, different objects using the same mesh, but different material slots layouts.
WARNING: Cannot register a valid material index for '청#008' from 'C-철도_기차(창)#001' mesh, 'C-철도_기차(창)#001.006' object. Most likely, different objects using the same mesh, but different material slots layouts.
WARNING: Cannot register a valid material index for '유리#002' from 'C-철도_기차(창)#001' mesh, 'C-철도_기차(창)#001.006' object. Most likely, different objects using the same mesh, but different material slots layouts.
WARNING: Cannot register a valid material index for '회색조 60%' from 'C-철도_기차(창)#001' mesh, 'C-철도_기차(창)#001.006' object. Most likely, different objects using the same mesh, but different material slots layouts.
WARNING: Cannot register a valid material index for '청#008' from 'C-철도_기차(창)#001' mesh, 'C-철도_기차(창)#001.007' object. Most likely, different objects using the same mesh, but different material slots layouts.
WARNING: Cannot register a valid material index for '유리#002' from 'C-철도_기차(창)#001' mesh, 'C-철도_기차(창)#001.007' object. Most likely, different objects using the same mesh, but different material slots layouts.
WARNING: Cannot register a valid material index for '회색조 60%' from 'C-철도_기차(창)#001' mesh, 'C-철도_기차(창)#001.007' object. Most likely, different objects using the same mesh, but different material slots layouts.
WARNING: Cannot register a valid material index for '청#008' from 'C-철도_기차(창)#001' mesh, 'C-철도_기차(창)#001.008' object. Most likely, different objects using the same mesh, but different material slots layouts.
WARNING: Cannot register a valid material index for '유리#002' from 'C-철도_기차(창)#001' mesh, 'C-철도_기차(창)#001.008' object. Most likely, different objects using the same mesh, but different material slots layouts.
WARNING: Cannot register a valid material index for '회색조 60%' from 'C-철도_기차(창)#001' mesh, 'C-철도_기차(창)#001.008' object. Most likely, different objects using the same mesh, but different material slots layouts.
WARNING: Cannot register a valid material index for '청#008' from 'C-철도_기차(창)#001' mesh, 'C-철도_기차(창)#001.009' object. Most likely, different objects using the same mesh, but different material slots layouts.
WARNING: Cannot register a valid material index for '유리#002' from 'C-철도_기차(창)#001' mesh, 'C-철도_기차(창)#001.009' object. Most likely, different objects using the same mesh, but different material slots layouts.
WARNING: Cannot register a valid material index for '회색조 60%' from 'C-철도_기차(창)#001' mesh, 'C-철도_기차(창)#001.009' object. Most likely, different objects using the same mesh, but different material slots layouts.
WARNING: Cannot register a valid material index for '청#008' from 'C-철도_기차(창)#001' mesh, 'C-철도_기차(창)#001.010' object. Most likely, different objects using the same mesh, but different material slots layouts.
WARNING: Cannot register a valid material index for '유리#002' from 'C-철도_기차(창)#001' mesh, 'C-철도_기차(창)#001.010' object. Most likely, different objects using the same mesh, but different material slots layouts.
WARNING: Cannot register a valid material index for '회색조 60%' from 'C-철도_기차(창)#001' mesh, 'C-철도_기차(창)#001.010' object. Most likely, different objects using the same mesh, but different material slots layouts.
WARNING: Cannot register a valid material index for '청#008' from 'C-철도_기차(창)#001' mesh, 'C-철도_기차(창)#001.011' object. Most likely, different objects using the same mesh, but different material slots layouts.
WARNING: Cannot register a valid material index for '유리#002' from 'C-철도_기차(창)#001' mesh, 'C-철도_기차(창)#001.011' object. Most likely, different objects using the same mesh, but different material slots layouts.
WARNING: Cannot register a valid material index for '회색조 60%' from 'C-철도_기차(창)#001' mesh, 'C-철도_기차(창)#001.011' object. Most likely, different objects using the same mesh, but different material slots layouts.
WARNING: Cannot register a valid material index for '청#008' from 'C-철도_기차(창)#001' mesh, 'C-철도_기차(창)#001.012' object. Most likely, different objects using the same mesh, but different material slots layouts.
WARNING: Cannot register a valid material index for '유리#002' from 'C-철도_기차(창)#001' mesh, 'C-철도_기차(창)#001.012' object. Most likely, different objects using the same mesh, but different material slots layouts.
WARNING: Cannot register a valid material index for '회색조 60%' from 'C-철도_기차(창)#001' mesh, 'C-철도_기차(창)#001.012' object. Most likely, different objects using the same mesh, but different material slots layouts.
WARNING: Cannot register a valid material index for '청#008' from 'C-철도_기차(창)#001' mesh, 'C-철도_기차(창)#001.013' object. Most likely, different objects using the same mesh, but different material slots layouts.
WARNING: Cannot register a valid material index for '유리#002' from 'C-철도_기차(창)#001' mesh, 'C-철도_기차(창)#001.013' object. Most likely, different objects using the same mesh, but different material slots layouts.
WARNING: Cannot register a valid material index for '회색조 60%' from 'C-철도_기차(창)#001' mesh, 'C-철도_기차(창)#001.013' object. Most likely, different objects using the same mesh, but different material slots layouts.
WARNING: Cannot register a valid material index for '청#008' from 'C-철도_기차(창)#001' mesh, 'C-철도_기차(창)#001.014' object. Most likely, different objects using the same mesh, but different material slots layouts.
WARNING: Cannot register a valid material index for '유리#002' from 'C-철도_기차(창)#001' mesh, 'C-철도_기차(창)#001.014' object. Most likely, different objects using the same mesh, but different material slots layouts.
WARNING: Cannot register a valid material index for '회색조 60%' from 'C-철도_기차(창)#001' mesh, 'C-철도_기차(창)#001.014' object. Most likely, different objects using the same mesh, but different material slots layouts.
WARNING: Cannot register a valid material index for '청#008' from 'C-철도_기차(창)#001' mesh, 'C-철도_기차(창)#001.015' object. Most likely, different objects using the same mesh, but different material slots layouts.
WARNING: Cannot register a valid material index for '유리#002' from 'C-철도_기차(창)#001' mesh, 'C-철도_기차(창)#001.015' object. Most likely, different objects using the same mesh, but different material slots layouts.
WARNING: Cannot register a valid material index for '회색조 60%' from 'C-철도_기차(창)#001' mesh, 'C-철도_기차(창)#001.015' object. Most likely, different objects using the same mesh, but different material slots layouts.
WARNING: Cannot register a valid material index for '청#008' from 'C-철도_기차(창)#001' mesh, 'C-철도_기차(창)#001.016' object. Most likely, different objects using the same mesh, but different material slots layouts.
WARNING: Cannot register a valid material index for '유리#002' from 'C-철도_기차(창)#001' mesh, 'C-철도_기차(창)#001.016' object. Most likely, different objects using the same mesh, but different material slots layouts.
WARNING: Cannot register a valid material index for '회색조 60%' from 'C-철도_기차(창)#001' mesh, 'C-철도_기차(창)#001.016' object. Most likely, different objects using the same mesh, but different material slots layouts.
WARNING: Cannot register a valid material index for '청#008' from 'C-철도_기차(창)#001' mesh, 'C-철도_기차(창)#001.017' object. Most likely, different objects using the same mesh, but different material slots layouts.
WARNING: Cannot register a valid material index for '유리#002' from 'C-철도_기차(창)#001' mesh, 'C-철도_기차(창)#001.017' object. Most likely, different objects using the same mesh, but different material slots layouts.
WARNING: Cannot register a valid material index for '회색조 60%' from 'C-철도_기차(창)#001' mesh, 'C-철도_기차(창)#001.017' object. Most likely, different objects using the same mesh, but different material slots layouts.
WARNING: Cannot register a valid material index for '청#008' from 'C-철도_기차(창)#001' mesh, 'C-철도_기차(창)#001.018' object. Most likely, different objects using the same mesh, but different material slots layouts.
WARNING: Cannot register a valid material index for '유리#002' from 'C-철도_기차(창)#001' mesh, 'C-철도_기차(창)#001.018' object. Most likely, different objects using the same mesh, but different material slots layouts.
WARNING: Cannot register a valid material index for '회색조 60%' from 'C-철도_기차(창)#001' mesh, 'C-철도_기차(창)#001.018' object. Most likely, different objects using the same mesh, but different material slots layouts.
WARNING: Cannot register a valid material index for '청#008' from 'C-철도_기차(창)#001' mesh, 'C-철도_기차(창)#001.019' object. Most likely, different objects using the same mesh, but different material slots layouts.
WARNING: Cannot register a valid material index for '유리#002' from 'C-철도_기차(창)#001' mesh, 'C-철도_기차(창)#001.019' object. Most likely, different objects using the same mesh, but different material slots layouts.
WARNING: Cannot register a valid material index for '회색조 60%' from 'C-철도_기차(창)#001' mesh, 'C-철도_기차(창)#001.019' object. Most likely, different objects using the same mesh, but different material slots layouts.
WARNING: Cannot register a valid material index for '청#008' from 'C-철도_기차(창)#001' mesh, 'C-철도_기차(창)#001.020' object. Most likely, different objects using the same mesh, but different material slots layouts.
WARNING: Cannot register a valid material index for '유리#002' from 'C-철도_기차(창)#001' mesh, 'C-철도_기차(창)#001.020' object. Most likely, different objects using the same mesh, but different material slots layouts.
WARNING: Cannot register a valid material index for '회색조 60%' from 'C-철도_기차(창)#001' mesh, 'C-철도_기차(창)#001.020' object. Most likely, different objects using the same mesh, but different material slots layouts.
WARNING: Cannot register a valid material index for '청#008' from 'C-철도_기차(창)#001' mesh, 'C-철도_기차(창)#001.021' object. Most likely, different objects using the same mesh, but different material slots layouts.
WARNING: Cannot register a valid material index for '유리#002' from 'C-철도_기차(창)#001' mesh, 'C-철도_기차(창)#001.021' object. Most likely, different objects using the same mesh, but different material slots layouts.
WARNING: Cannot register a valid material index for '회색조 60%' from 'C-철도_기차(창)#001' mesh, 'C-철도_기차(창)#001.021' object. Most likely, different objects using the same mesh, but different material slots layouts.
WARNING: Cannot register a valid material index for '청#008' from 'C-철도_기차(창)#001' mesh, 'C-철도_기차(창)#001.022' object. Most likely, different objects using the same mesh, but different material slots layouts.
WARNING: Cannot register a valid material index for '유리#002' from 'C-철도_기차(창)#001' mesh, 'C-철도_기차(창)#001.022' object. Most likely, different objects using the same mesh, but different material slots layouts.
WARNING: Cannot register a valid material index for '회색조 60%' from 'C-철도_기차(창)#001' mesh, 'C-철도_기차(창)#001.022' object. Most likely, different objects using the same mesh, but different material slots layouts.
WARNING: Cannot register a valid material index for '청#008' from 'C-철도_기차(창)#001' mesh, 'C-철도_기차(창)#001.023' object. Most likely, different objects using the same mesh, but different material slots layouts.
WARNING: Cannot register a valid material index for '유리#002' from 'C-철도_기차(창)#001' mesh, 'C-철도_기차(창)#001.023' object. Most likely, different objects using the same mesh, but different material slots layouts.
WARNING: Cannot register a valid material index for '회색조 60%' from 'C-철도_기차(창)#001' mesh, 'C-철도_기차(창)#001.023' object. Most likely, different objects using the same mesh, but different material slots layouts.
WARNING: Cannot register a valid material index for '회색조 100%' from 'C-철도_기관차#001' mesh, '_C-철도_기관차#001 (Loose Mesh).001' object. Most likely, different objects using the same mesh, but different material slots layouts.
WARNING: Cannot register a valid material index for '회색조 60%' from 'C-철도_기관차#001' mesh, '_C-철도_기관차#001 (Loose Mesh).001' object. Most likely, different objects using the same mesh, but different material slots layouts.
WARNING: Cannot register a valid material index for '청#015' from 'C-철도_기관차#001' mesh, '_C-철도_기관차#001 (Loose Mesh).001' object. Most likely, different objects using the same mesh, but different material slots layouts.
WARNING: Cannot register a valid material index for '회색조 30%' from 'C-철도_기관차#001' mesh, '_C-철도_기관차#001 (Loose Mesh).001' object. Most likely, different objects using the same mesh, but different material slots layouts.
WARNING: Cannot register a valid material index for 'Material' from 'C-철도_기관차#001' mesh, '_C-철도_기관차#001 (Loose Mesh).001' object. Most likely, different objects using the same mesh, but different material slots layouts.
WARNING: Cannot register a valid material index for '금속#002' from 'C-철도_기관차#001' mesh, '_C-철도_기관차#001 (Loose Mesh).001' object. Most likely, different objects using the same mesh, but different material slots layouts.
WARNING: Cannot register a valid material index for '스트라이프_비균등#006' from 'C-철도_기관차#001' mesh, '_C-철도_기관차#001 (Loose Mesh).001' object. Most likely, different objects using the same mesh, but different material slots layouts.
WARNING: Cannot register a valid material index for '베이스#004' from 'C-철도_기관차#001' mesh, '_C-철도_기관차#001 (Loose Mesh).001' object. Most likely, different objects using the same mesh, but different material slots layouts.
WARNING: Cannot register a valid material index for '회색조 70%' from 'C-철도_기관차#001' mesh, '_C-철도_기관차#001 (Loose Mesh).001' object. Most likely, different objects using the same mesh, but different material slots layouts.
WARNING: Cannot register a valid material index for '녹#002' from 'C-철도_기관차#001' mesh, '_C-철도_기관차#001 (Loose Mesh).001' object. Most likely, different objects using the same mesh, but different material slots layouts.
WARNING: Cannot register a valid material index for '회색조 40%' from 'C-철도_기관차#001' mesh, '_C-철도_기관차#001 (Loose Mesh).001' object. Most likely, different objects using the same mesh, but different material slots layouts.
WARNING: Cannot register a valid material index for '회색조 20%' from 'C-철도_기관차#001' mesh, '_C-철도_기관차#001 (Loose Mesh).001' object. Most likely, different objects using the same mesh, but different material slots layouts.
WARNING: Cannot register a valid material index for '회색조 80%' from 'C-철도_기관차#001' mesh, '_C-철도_기관차#001 (Loose Mesh).001' object. Most likely, different objects using the same mesh, but different material slots layouts.
WARNING: Cannot register a valid material index for 'G_스트라이프#001' from 'C-철도_기관차#001' mesh, '_C-철도_기관차#001 (Loose Mesh).001' object. Most likely, different objects using the same mesh, but different material slots layouts.
WARNING: Cannot register a valid material index for '청#006' from 'C-철도_기관차#001' mesh, '_C-철도_기관차#001 (Loose Mesh).001' object. Most likely, different objects using the same mesh, but different material slots layouts.
WARNING: Cannot register a valid material index for '옥상방수#004' from 'C-철도_기관차#001' mesh, '_C-철도_기관차#001 (Loose Mesh).001' object. Most likely, different objects using the same mesh, but different material slots layouts.
WARNING: Cannot register a valid material index for '스트라이프_비균등#017' from 'C-철도_기관차#001' mesh, '_C-철도_기관차#001 (Loose Mesh).001' object. Most likely, different objects using the same mesh, but different material slots layouts.
WARNING: Cannot register a valid material index for '스트라이프_비균등#018' from 'C-철도_기관차#001' mesh, '_C-철도_기관차#001 (Loose Mesh).001' object. Most likely, different objects using the same mesh, but different material slots layouts.
WARNING: Cannot register a valid material index for '청#008' from 'C-철도_기관차#001' mesh, '_C-철도_기관차#001 (Loose Mesh).001' object. Most likely, different objects using the same mesh, but different material slots layouts.
WARNING: Cannot register a valid material index for '회색조 80%' from 'C-철도_기차(바퀴)A#001' mesh, '_C-철도_기차(바퀴)A#001 (Loose Mesh).001' object. Most likely, different objects using the same mesh, but different material slots layouts.
WARNING: Cannot register a valid material index for '회색조 100%' from 'C-철도_기차(바퀴)A#001' mesh, '_C-철도_기차(바퀴)A#001 (Loose Mesh).001' object. Most likely, different objects using the same mesh, but different material slots layouts.
WARNING: Cannot register a valid material index for '회색조 80%' from 'C-철도_기차(바퀴)A#001' mesh, '_C-철도_기차(바퀴)A#001 (Loose Mesh).002' object. Most likely, different objects using the same mesh, but different material slots layouts.
WARNING: Cannot register a valid material index for '회색조 100%' from 'C-철도_기차(바퀴)A#001' mesh, '_C-철도_기차(바퀴)A#001 (Loose Mesh).002' object. Most likely, different objects using the same mesh, but different material slots layouts.
WARNING: Cannot register a valid material index for '회색조 80%' from 'C-철도_기차(바퀴)A#001' mesh, '_C-철도_기차(바퀴)A#001 (Loose Mesh).003' object. Most likely, different objects using the same mesh, but different material slots layouts.
WARNING: Cannot register a valid material index for '회색조 100%' from 'C-철도_기차(바퀴)A#001' mesh, '_C-철도_기차(바퀴)A#001 (Loose Mesh).003' object. Most likely, different objects using the same mesh, but different material slots layouts.
WARNING: Cannot register a valid material index for '회색조 80%' from 'C-철도_기차(바퀴)A#001' mesh, '_C-철도_기차(바퀴)A#001 (Loose Mesh).004' object. Most likely, different objects using the same mesh, but different material slots layouts.
WARNING: Cannot register a valid material index for '회색조 100%' from 'C-철도_기차(바퀴)A#001' mesh, '_C-철도_기차(바퀴)A#001 (Loose Mesh).004' object. Most likely, different objects using the same mesh, but different material slots layouts.
WARNING: Cannot register a valid material index for '회색조 80%' from 'C-철도_기차(바퀴)A#001' mesh, '_C-철도_기차(바퀴)A#001 (Loose Mesh).005' object. Most likely, different objects using the same mesh, but different material slots layouts.
WARNING: Cannot register a valid material index for '회색조 100%' from 'C-철도_기차(바퀴)A#001' mesh, '_C-철도_기차(바퀴)A#001 (Loose Mesh).005' object. Most likely, different objects using the same mesh, but different material slots layouts.
WARNING: Cannot register a valid material index for '회색조 80%' from 'C-철도_기차(바퀴)A#002' mesh, '_C-철도_기차(바퀴)A#002 (Loose Mesh).001' object. Most likely, different objects using the same mesh, but different material slots layouts.
WARNING: Cannot register a valid material index for '회색조 100%' from 'C-철도_기차(바퀴)A#002' mesh, '_C-철도_기차(바퀴)A#002 (Loose Mesh).001' object. Most likely, different objects using the same mesh, but different material slots layouts.
WARNING: Cannot register a valid material index for '회색조 80%' from 'C-철도_기차(바퀴)A#002' mesh, '_C-철도_기차(바퀴)A#002 (Loose Mesh).002' object. Most likely, different objects using the same mesh, but different material slots layouts.
WARNING: Cannot register a valid material index for '회색조 100%' from 'C-철도_기차(바퀴)A#002' mesh, '_C-철도_기차(바퀴)A#002 (Loose Mesh).002' object. Most likely, different objects using the same mesh, but different material slots layouts.
WARNING: Cannot register a valid material index for '회색조 80%' from 'C-철도_기차(바퀴)A#002' mesh, '_C-철도_기차(바퀴)A#002 (Loose Mesh).003' object. Most likely, different objects using the same mesh, but different material slots layouts.
WARNING: Cannot register a valid material index for '회색조 100%' from 'C-철도_기차(바퀴)A#002' mesh, '_C-철도_기차(바퀴)A#002 (Loose Mesh).003' object. Most likely, different objects using the same mesh, but different material slots layouts.
WARNING: Cannot register a valid material index for '회색조 70%' from 'C-철도_동력차#001' mesh, '_C-철도_동력차#001 (Loose Mesh).001' object. Most likely, different objects using the same mesh, but different material slots layouts.
WARNING: Cannot register a valid material index for 'Material' from 'C-철도_동력차#001' mesh, '_C-철도_동력차#001 (Loose Mesh).001' object. Most likely, different objects using the same mesh, but different material slots layouts.
WARNING: Cannot register a valid material index for '스트라이프_비균등#018' from 'C-철도_동력차#001' mesh, '_C-철도_동력차#001 (Loose Mesh).001' object. Most likely, different objects using the same mesh, but different material slots layouts.
WARNING: Cannot register a valid material index for '회색조 60%' from 'C-철도_동력차#001' mesh, '_C-철도_동력차#001 (Loose Mesh).001' object. Most likely, different objects using the same mesh, but different material slots layouts.
WARNING: Cannot register a valid material index for '스트라이프_비균등#017' from 'C-철도_동력차#001' mesh, '_C-철도_동력차#001 (Loose Mesh).001' object. Most likely, different objects using the same mesh, but different material slots layouts.
WARNING: Cannot register a valid material index for '녹#001' from 'C-철도_동력차#001' mesh, '_C-철도_동력차#001 (Loose Mesh).001' object. Most likely, different objects using the same mesh, but different material slots layouts.
WARNING: Cannot register a valid material index for '청#015' from 'C-철도_동력차#001' mesh, '_C-철도_동력차#001 (Loose Mesh).001' object. Most likely, different objects using the same mesh, but different material slots layouts.
WARNING: Cannot register a valid material index for '스트라이프#010' from 'C-철도_동력차#001' mesh, '_C-철도_동력차#001 (Loose Mesh).001' object. Most likely, different objects using the same mesh, but different material slots layouts.
WARNING: Cannot register a valid material index for '회색조 100%' from 'C-철도_동력차#001' mesh, '_C-철도_동력차#001 (Loose Mesh).001' object. Most likely, different objects using the same mesh, but different material slots layouts.
WARNING: Cannot register a valid material index for '그라데이션#003' from 'C-철도_동력차#001' mesh, '_C-철도_동력차#001 (Loose Mesh).001' object. Most likely, different objects using the same mesh, but different material slots layouts.
WARNING: Cannot register a valid material index for '회색조 80%' from 'C-철도_동력차#001' mesh, '_C-철도_동력차#001 (Loose Mesh).001' object. Most likely, different objects using the same mesh, but different material slots layouts.
WARNING: Cannot register a valid material index for 'G_스트라이프#001' from 'C-철도_동력차#001' mesh, '_C-철도_동력차#001 (Loose Mesh).001' object. Most likely, different objects using the same mesh, but different material slots layouts.
WARNING: Cannot register a valid material index for '베이스#004' from 'C-철도_동력차#001' mesh, '_C-철도_동력차#001 (Loose Mesh).001' object. Most likely, different objects using the same mesh, but different material slots layouts.
WARNING: Cannot register a valid material index for '금속#002' from 'C-철도_동력차#001' mesh, '_C-철도_동력차#001 (Loose Mesh).001' object. Most likely, different objects using the same mesh, but different material slots layouts.
WARNING: Cannot register a valid material index for '옥상방수#004' from 'C-철도_동력차#001' mesh, '_C-철도_동력차#001 (Loose Mesh).001' object. Most likely, different objects using the same mesh, but different material slots layouts.
WARNING: Cannot register a valid material index for '녹#002' from 'C-철도_동력차#001' mesh, '_C-철도_동력차#001 (Loose Mesh).001' object. Most likely, different objects using the same mesh, but different material slots layouts.
WARNING: Cannot register a valid material index for '청#008' from 'C-철도_동력차#001' mesh, '_C-철도_동력차#001 (Loose Mesh).001' object. Most likely, different objects using the same mesh, but different material slots layouts.
WARNING: Cannot register a valid material index for '스트라이프_비균등#006' from 'C-철도_동력차#001' mesh, '_C-철도_동력차#001 (Loose Mesh).001' object. Most likely, different objects using the same mesh, but different material slots layouts.
WARNING: Cannot register a valid material index for '청#006' from 'C-철도_동력차#001' mesh, '_C-철도_동력차#001 (Loose Mesh).001' object. Most likely, different objects using the same mesh, but different material slots layouts.
WARNING: Cannot register a valid material index for '스트라이프#013' from 'C-철도_동력차#001' mesh, '_C-철도_동력차#001 (Loose Mesh).001' object. Most likely, different objects using the same mesh, but different material slots layouts.
WARNING: Cannot register a valid material index for '유리#002' from 'C-철도_동력차#001' mesh, '_C-철도_동력차#001 (Loose Mesh).001' object. Most likely, different objects using the same mesh, but different material slots layouts.
WARNING: Cannot register a valid material index for '스트라이프_비균등#009' from 'C-철도_동력차#001' mesh, '_C-철도_동력차#001 (Loose Mesh).001' object. Most likely, different objects using the same mesh, but different material slots layouts.
export finished in 0.2181 sec.
{'status': 'DRAFT_NOT_UNITY_APPLIED', 'identity': 'KTX rolling stock, not station', 'sourceVersion': '22.0.354', 'sourceUnits': 'SDK importer outputs metre-scale geometry; metric dimensions not surveyed', 'visibleEvaluatedMeshes': 373, 'bounds': {'min': [-11.030272483825684, -8.98542594909668, -2.3035948276519775], 'max': [56.85906219482422, 1.86080002784729, 3.7000036239624023], 'size': [67.88933563232422, 10.84622573852539, 6.003598213195801]}, 'fbxSha256': 'bdc437d38c9341c78e8a3ae5a8c81474ddc6359dd7fdf7a4a40ea4c28af9ff98', 'fbxBytes': 3131436, 'sourceMaterialsPreserved': True, 'nativeValidation': False, 'worldTextNotice': 'Original train has branding and texture text; review/removal needed to meet project no-world-text requirement before publication.'}

Blender quit
