PROTOTYPES 61996 seconds 18.847810745239258
BATCH 0 61996
BATCH 1000 61996
BATCH 2000 61996
BATCH 3000 61996
BATCH 4000 61996
BATCH 5000 61996
BATCH 6000 61996
BATCH 7000 61996
BATCH 8000 61996
BATCH 9000 61996
BATCH 10000 61996
BATCH 11000 61996
BATCH 12000 61996
BATCH 13000 61996
BATCH 14000 61996
BATCH 15000 61996
BATCH 16000 61996
BATCH 17000 61996
BATCH 18000 61996
BATCH 19000 61996
BATCH 20000 61996
BATCH 21000 61996
BATCH 22000 61996
BATCH 23000 61996
BATCH 24000 61996
BATCH 25000 61996
BATCH 26000 61996
BATCH 27000 61996
BATCH 28000 61996
BATCH 29000 61996
BATCH 30000 61996
BATCH 31000 61996
BATCH 32000 61996
BATCH 33000 61996
BATCH 34000 61996
BATCH 35000 61996
BATCH 36000 61996
BATCH 37000 61996
BATCH 38000 61996
BATCH 39000 61996
BATCH 40000 61996
BATCH 41000 61996
BATCH 42000 61996
BATCH 43000 61996
BATCH 44000 61996
BATCH 45000 61996
BATCH 46000 61996
BATCH 47000 61996
BATCH 48000 61996
BATCH 49000 61996
BATCH 50000 61996
BATCH 51000 61996
BATCH 52000 61996
BATCH 53000 61996
BATCH 54000 61996
BATCH 55000 61996
BATCH 56000 61996
BATCH 57000 61996
BATCH 58000 61996
BATCH 59000 61996
BATCH 60000 61996
BATCH 61000 61996
Info: Saved as "station-batched.blend"
DONE {'min': [-246.69895935058594, -199.59353637695312, -6.199999809265137], 'max': [200.36236572265625, 250.8835906982422, 93.87149810791016], 'size': [447.0613250732422, 450.4771270751953, 100.0714979171753]}
Blender 4.5.9 LTS (hash 8bf95cbd38d1 built 2026-04-21 01:30:46)

Blender quit
