SU | Importing: /Users/um-yunsang/CHOOGuard/asset-library/research-public/2026-09-21/quality-a/station-model-source/station-extracted/부산역(수정).skp
SU | 
SU | === Importing Sketchup scenes and views as Blender Cameras ===
SU | Importing all SketchUp scenes as Blender cameras
SU | Writing camera: 장면 1
SU | Cam: '장면 1' uses dynamic/screen aspect ratio.
SU | Writing camera: 장면 2
SU | Cam: '장면 2' uses dynamic/screen aspect ratio.
SU | Writing camera: 장면 3
SU | Cam: '장면 3' uses dynamic/screen aspect ratio.
SU | Writing camera: 장면 4
SU | Cam: '장면 4' uses dynamic/screen aspect ratio.
SU | Writing camera: 장면 5
SU | Cam: '장면 5' uses dynamic/screen aspect ratio.
SU | Writing camera: 장면 6
SU | Cam: '장면 6' uses dynamic/screen aspect ratio.
SU | Writing camera: 장면 7
SU | Cam: '장면 7' uses dynamic/screen aspect ratio.
SU | Writing camera: 장면 8
SU | Cam: '장면 8' uses dynamic/screen aspect ratio.
SU | Writing camera: 장면 9
SU | Cam: '장면 9' uses dynamic/screen aspect ratio.
SU | Writing camera: 장면 10
SU | Cam: '장면 10' uses dynamic/screen aspect ratio.
SU | Writing camera: 장면 11
SU | Cam: '장면 11' uses dynamic/screen aspect ratio.
SU | Writing camera: 장면 12
SU | Cam: '장면 12' uses dynamic/screen aspect ratio.
SU | Writing camera: 장면 13
SU | Cam: '장면 13' uses dynamic/screen aspect ratio.
SU | Writing camera: 장면 14
SU | Cam: '장면 14' uses dynamic/screen aspect ratio.
SU | Writing camera: 장면 15
SU | Cam: '장면 15' uses dynamic/screen aspect ratio.
SU | Writing camera: 장면 16
SU | Cam: '장면 16' uses dynamic/screen aspect ratio.
SU | Writing camera: 장면 17
SU | Cam: '장면 17' uses dynamic/screen aspect ratio.
SU | Writing camera: 장면 18
SU | Cam: '장면 18' uses dynamic/screen aspect ratio.
SU | Writing camera: 장면 19
SU | Cam: '장면 19' uses dynamic/screen aspect ratio.
SU | Writing camera: 장면 20
SU | Cam: '장면 20' uses dynamic/screen aspect ratio.
SU | Writing camera: 장면 21
SU | Cam: '장면 21' uses dynamic/screen aspect ratio.
SU | Writing camera: 장면 22
SU | Cam: '장면 22' uses dynamic/screen aspect ratio.
SU | Writing camera: 장면 23
SU | Cam: '장면 23' uses dynamic/screen aspect ratio.
SU | Writing camera: 장면 24
SU | Cam: '장면 24' uses dynamic/screen aspect ratio.
SU | Writing camera: 장면 25
SU | Cam: '장면 25' uses dynamic/screen aspect ratio.
SU | Writing camera: 장면 26
SU | Cam: '장면 26' uses dynamic/screen aspect ratio.
SU | Writing camera: 장면 27
SU | Cam: '장면 27' uses dynamic/screen aspect ratio.
SU | Writing camera: 장면 28
SU | Cam: '장면 28' uses dynamic/screen aspect ratio.
SU | Writing camera: 장면 29
SU | Cam: '장면 29' uses dynamic/screen aspect ratio.
SU | Writing camera: 장면 30
SU | Cam: '장면 30' uses dynamic/screen aspect ratio.
SU | Writing camera: 장면 31
SU | Cam: '장면 31' uses dynamic/screen aspect ratio.
SU | Writing camera: 장면 32
SU | Cam: '장면 32' uses dynamic/screen aspect ratio.
SU | Writing camera: 장면 33
SU | Cam: '장면 33' uses dynamic/screen aspect ratio.
SU | Writing camera: 장면 34
SU | Cam: '장면 34' uses dynamic/screen aspect ratio.
SU | Writing camera: 장면 35
SU | Cam: '장면 35' uses dynamic/screen aspect ratio.
SU | Writing camera: 장면 36
SU | Cam: '장면 36' uses dynamic/screen aspect ratio.
SU | Writing camera: 장면 37
SU | Cam: '장면 37' uses dynamic/screen aspect ratio.
SU | Writing camera: 장면 38
SU | Cam: '장면 38' uses dynamic/screen aspect ratio.
SU | Writing camera: 장면 39
SU | Cam: '장면 39' uses dynamic/screen aspect ratio.
SU | Writing camera: 장면 40
SU | Cam: '장면 40' uses dynamic/screen aspect ratio.
SU | Writing camera: 장면 41
SU | Cam: '장면 41' uses dynamic/screen aspect ratio.
SU | Writing camera: 장면 42
SU | Cam: '장면 42' uses dynamic/screen aspect ratio.
SU | Writing camera: 장면 43
SU | Cam: '장면 43' uses dynamic/screen aspect ratio.
SU | Writing camera: 장면 44
SU | Cam: '장면 44' uses dynamic/screen aspect ratio.
SU | Writing camera: 장면 45
SU | Cam: '장면 45' uses dynamic/screen aspect ratio.
SU | Writing camera: 장면 46
SU | Cam: '장면 46' uses dynamic/screen aspect ratio.
SU | Writing camera: 장면 47
SU | Cam: '장면 47' uses dynamic/screen aspect ratio.
SU | Writing camera: 장면 48
SU | Cam: '장면 48' uses dynamic/screen aspect ratio.
SU | Writing camera: 장면 49
SU | Cam: '장면 49' uses dynamic/screen aspect ratio.
SU | Writing camera: 장면 50
SU | Cam: '장면 50' uses dynamic/screen aspect ratio.
SU | Writing camera: 장면 51
SU | Cam: '장면 51' uses dynamic/screen aspect ratio.
SU | Writing camera: 장면 52
SU | Cam: '장면 52' uses dynamic/screen aspect ratio.
SU | Writing camera: 장면 53
SU | Cam: '장면 53' uses dynamic/screen aspect ratio.
SU | Writing camera: 장면 54
SU | Cam: '장면 54' uses dynamic/screen aspect ratio.
SU | Writing camera: 장면 55
SU | Cam: '장면 55' uses dynamic/screen aspect ratio.
SU | Writing camera: 장면 56
SU | Cam: '장면 56' uses dynamic/screen aspect ratio.
SU | Writing camera: 장면 57
SU | Cam: '장면 57' uses dynamic/screen aspect ratio.
SU | Writing camera: 장면 58
SU | Cam: '장면 58' uses dynamic/screen aspect ratio.
SU | Writing camera: 장면 59
SU | Cam: '장면 59' uses dynamic/screen aspect ratio.
SU | Writing camera: 장면 60
SU | Cam: '장면 60' uses dynamic/screen aspect ratio.
SU | Writing camera: 장면 61
SU | Cam: '장면 61' uses dynamic/screen aspect ratio.
SU | Writing camera: 장면 62
SU | Cam: '장면 62' uses dynamic/screen aspect ratio.
SU | Writing camera: 장면 63
SU | Cam: '장면 63' uses dynamic/screen aspect ratio.
SU | Writing camera: 장면 64
SU | Cam: '장면 64' uses dynamic/screen aspect ratio.
SU | Writing camera: 장면 65
SU | Cam: '장면 65' uses dynamic/screen aspect ratio.
SU | Writing camera: 장면 66
SU | Cam: '장면 66' uses dynamic/screen aspect ratio.
SU | Writing camera: 장면 67
SU | Cam: '장면 67' uses dynamic/screen aspect ratio.
SU | Writing camera: 장면 68
SU | Cam: '장면 68' uses dynamic/screen aspect ratio.
SU | Writing camera: 장면 69
SU | Cam: '장면 69' uses dynamic/screen aspect ratio.
SU | Writing camera: 장면 70
SU | Cam: '장면 70' uses dynamic/screen aspect ratio.
SU | Writing camera: 장면 71
SU | Cam: '장면 71' uses dynamic/screen aspect ratio.
SU | Writing camera: 장면 72
SU | Cam: '장면 72' uses dynamic/screen aspect ratio.
SU | Writing camera: 장면 73
SU | Cam: '장면 73' uses dynamic/screen aspect ratio.
SU | Writing camera: 장면 74
SU | Cam: '장면 74' uses dynamic/screen aspect ratio.
SU | Writing camera: 장면 75
SU | Cam: '장면 75' uses dynamic/screen aspect ratio.
SU | Writing camera: 장면 76
SU | Cam: '장면 76' uses dynamic/screen aspect ratio.
SU | Writing camera: 장면 77
SU | Cam: '장면 77' uses dynamic/screen aspect ratio.
SU | Writing camera: 장면 78
SU | Cam: '장면 78' uses dynamic/screen aspect ratio.
SU | Writing camera: 장면 79
SU | Cam: '장면 79' uses dynamic/screen aspect ratio.
SU | Writing camera: 장면 80
SU | Cam: '장면 80' uses dynamic/screen aspect ratio.
SU | Cameras imported in 0.0404 sec.
SU | 
SU | === Importing Sketchup materials into Blender ===
     회색조_알파
     녹#010
     회색조 80%
     자#001
     회색조 60%
     자#003
     회색조 40%
     회색조 0%
     청#012
     회색조 100%
     회색조 30%
     스트라이프#013
     유리#007
     청#014
     유리#001
     금속#002
     스트라이프#016
     스트라이프_비균등#006
     스트라이프#010
     청#015
     스트라이프#009
     자#006
     청#009
     그물#001
     로고_글#001
     타일#024
     타일P#010
     회색조 70%
     녹#007
     유리#002
     G_스트라이프#002
     황#003
     황#007
     황#006
     황#012
     청#006
     청#010
     타일#021
     천장재#007
     천장재#008
     타일#014
     타일S#009
     시멘트#012
     회색조 20%
     유리#008
     청#005
     G_스트라이프#001
     교통_줄무늬#001
     황#001
     황#011
     창살#008
     교통_경계석#001
     금속_패턴#001
     타일#015
     금속_원형#001
     스트라이프#023
     로고_안전수칙#001
     유리#010
     유리#004
     타일#025(계단)
     타일P#006
     보도블럭_맹인#001
     나무#009
     타일P#005
     교통_사각맨홀#004
     교통_중앙선#001
     베이스#003
     잔디#001
     잔디#002
     금속_녹슨#001
     자갈#002
     로고_종합안내도#001
     유리#011
     나무#010
     흙#002
     타일P#022
     베이스#005
     스트라이프#024
     청#004
     녹#004
     로고_KTX#001
     로고_안전수칙#002
     적#001
     청#008
     나무#020
     베이스#001
     교통_사각맨홀#005a
     교통_사각맨홀#005b
     로고_안전수칙#003
     로고_장애인마크#003
     스트라이프#015
     타일#009
     로고_안전수칙#004
     녹#002
     프랍_홀로그램#001
     베이스#016
     타공판#006
     로고_글#004
     황#014
     로고_종합안내도#002
     황#009
     옥상방수#001
     옥상방수#004
     로고_경찰#001
     녹#003
     로고_글#003
     로고_경찰#002
     금속#001
     청#007
     베이스#015
     황#005
     베이스#004
     타일P#002
     회색조 85%
     로고_장애인마크#004
     로고_글#002
     베이스#007
     스트라이프#029
     흙#001
     로고_KTX#002
     황#010
     타공판#007
     보도블럭_맹인#002
     베이스#024
     적#003
     로고_종합안내도#003
     창살#009
     타일#017
     타일P#012
     타일P#020
     로고_비상구#001
     스트라이프#001
     그라데이션#003
     베이스#018
     교통_사각맨홀#006
     녹#005
     창살#001
     녹#012
     타일#018
     스트라이프#030
     스트라이프#020
     청#017
     스트라이프#031
     스트라이프#003
     타일P#013
     천장재#001
     천장재#002
     옥상방수#003
     베이스#019
     스트라이프#018
     적#010
     유리#006
     유리#003
     스트라이프#004
     청#003
     벽돌#004
     적#008
     벽돌_균등#006
     베이스#008
     적#006
     타일P#023
     스트라이프_비균등#014
     적#009
     녹#011
     황#015
     로고_KTX#003
     청#016
     콘타
     로고_KTX#004
     프랍_전기선#001
     타일#026
     스트라이프#014
     스트라이프#022
     스트라이프_비균등#009
     타일S#008
     벽돌#008
     스트라이프_비균등#011
     잔디#003
     로고_KTX#005
     청#001
     타일S#011
     스트라이프#006
     G_스트라이프#004
     타일#027
     타일P#014
     스트라이프_비균등#015
     스트라이프#032
     시멘트#003
     스트라이프#012
     스트라이프#033
     벽돌#020
     베이스#009
     스트라이프#008
     나무#016
     시멘트#008
     시멘트#006
     타일S#004(시멘트)
     타일S#004(시멘트)b
     타일S#004(시멘트)c
     스트라이프_비균등#002
     타일P#011
     청#018
     유리#012
     타공판#004
     재질#3
     재질#2
     재질#6
     재질
     재질#4
     재질#5
     베이스#006
     나무#018
     타일#016
     타일P#008
     벽돌#021
     벽돌_균등#001
     벽돌#009
     타일P#003
     스트라이프_비균등#016
     타일Ps#005
     재질#7
     시멘트#011
     타일Ps#002
     벽돌#024
     벽돌_균등#007
     벽돌#022
     자#004
     벽돌_균등#008
     스트라이프_비균등#017
     자#002
     실외기#001
     재질#1
     녹#009
     타일#006
     베이스#022
     나무#005
     타일P#017
     베이스#010
     재질#8
     베이스#014
     금속#004
     재질#9
     타일#023
     시멘트#010
     타일#001
     녹#014
     냉각기#001
     적#002
     적#007
     나무#007
     재질#10
     타일S#010
     재질#11
     타일#005
     타일#002
     벽돌#003
     아스팔트S2
     아스팔트B2
     아스팔트S1
     교통_실선#001
     교통_중앙선001b
     교통_실선#002
     교통_중앙선#002a
     베이스#011
     교통_줄무늬#002
     교통_횡단보도#001
     교통_사각맨홀#001
     베이스#002
     재질#13
     창살#005
     아스팔트B4
     타일Ps#001
     보도블럭#042
     적#004
     보도블럭#043
     타일P#009
     아스팔트B1
     보도블럭#007
     상수도계량기#001
     타일Ps#006
     타일#013
     재질#14
     타일P#019
     타일_L#001
     재질#12
     보도블럭#005
     재질#15
     보도블럭#011
     재질#16
     재질#17
     대리석#001
     천장재#005
     재질#20
     재질#19
     재질#22
     재질#23
     재질#24
     유리#05
     타일P#021
     보도블럭#012
     금속_패턴#003
     재질#18
     재질#21
     재질#27
     재질#28
     재질#29
     재질#30
     재질#26
     스트라이프#005
     재질#25
     재질#31
     재질#32
     벽돌#005
     베이스#012
     베이스#020
     스트라이프#034
     스트라이프_비균등#007
     시멘트#013
     보도블럭#018
     보도블럭#027
     청#002
     교통_중앙선002b
     재질#34
     보도블럭#021
     금속#006
     보도블럭#044
     보도블럭L#006
     보도블럭#045
     보도블럭#003
     적#005
     보도블럭#006
     시멘트#004
     시멘트#002
     황#02
     재질#33
     교통_횡단보도#004
     로고_글#2
     하수맨홀#003
     하수맨홀#001
     하수맨홀#002
     수피#002
     재질#35
     타일P#024(계단)
     교통_횡단보도#003
     철도_침목#001
     철도_선로#001
     프랍_버티컬#001
     프랍_버티컬#002
     자갈#005
     자갈#005a
     자갈#005b
     자갈#006
     보도블럭#017
     보도블럭#014
     줄무늬#01
     보도블럭#041
     스트라이프_비균등#018
     녹#015
     스트라이프_비균등#012
     ST_활엽수#002
     ST_활엽수#001
     ST_활엽수#003
     ST_활엽수L#001
     ST_은행나무#001
     ST_동백#002
     ST_동백#001
     ST_관목#002
     ST_관목#003
     ST_관목#004
     ST_관목#005
SU | Materials imported in 1.8756 sec.
SU | 
SU | === Importing Sketchup components into Blender ===
SU | Contains 761 components: 
     부속_열쇠#001, 부속_열쇠#002, 문Part#001, 문Part#002, 창문_역#001, 창Part_역#004, 문_자동문버튼#01, 로고_카드#001, 가이드_역#001, 문_부속.손잡이#003, 부속_어닝50#001a, 부속_어닝#001f, 부속_어닝#001e, 부속_어닝#001d, 창_가이드#001a, 난간_지하철#001a, 난간_지하철#002a, 난간_지하철#001b, 문_부속.손잡이#002, 기둥_부속.조인트#001a, 기둥_유라#002a, 기둥_유라#002b, 부속_철문바퀴, 유리_유라.난간#001, 창Part_역#003, 보H_역#001-a, 보_역#002, 난간_유라기둥#001, 빔_유라.차광#005a, 문_역#001, 창문P_역#004, 유리_역#001, 벤치_부속#002, 부속_보일러배기관#002, 부속_가드조형#001, 부속_가드조형#002, 빔_유라.차광#005, 가이드_역#001a, 부속_자물쇠#001b, 부속_자물쇠#001a, 부속_자물쇠#001c, 난간_역#001, 빔_기둥#001, 빔_기둥#001a, 덕트_부속#001, 문_역#003, 송수구#001, 어닝_부속#5, 어닝_부속#6, 로고_안전수칙#002, 로고_안전수칙#003, 보J_역.P#001a, 창_가이드A#001a, 계단_유라#001-c, 계단_부속#001, 문Part#004, 가드레일_유라.End#001, 계단_유라#001-d, 계단_블록#005, 계단_블록#006, 계단_부속#003, 난간_지하철#001, 난간_지하철#002, 난간_지하철#003, 빔_유라.차광#004, 부속_태양열#001, 부속_태양열#002, 부속_태양열#003, 계단_블록#001, 창문_유라#001-a, 창문_유라#001-b, 문_유라#002, 문Part#003, 부속_+볼트#001, 가드레일_헤드#001, 로고_안전수칙#001b, 기둥_부속.조인트#001, 빔_유라.차광#001, 기둥_유라#002, 기둥_유라#002c, 로고_안전수칙#001a, 계단_역.P#001, 엘베_버튼#002, 창_역.M#001a, 창_역.M#001b, 부속_실외기.받침#001, 문(회전)_삼성생명#001, 조명#001, 가로등_조명#001, 보_역#001, 계단_블록#007, 손잡이#001   , 간판_역#001, 창Part.교차_역#003, 창Part_역#001, 창Part_역#002, 창Part_역#006, 창Part_역#007, 창Part.교차_역#001, 부속_원판, 기둥_역#002, 기둥_역#003, 유리_역#004, 부속_가드조형A#001, 기둥_역.차광#001, 조명#004, 배관_유라#003, 부속_바퀴#001, 창Part.교차_역#002, 문_역#002, 유리_역#003, 문(철)x90#001, 창_유라#001, 창_역.지붕#003, 덕트_역.P#001, 부속_반사경#003, 신호기_교통#001, 전기관련#001, 받침_지붕#001, 창_역.지붕#002, 어닝50#01, 철도_기차(바퀴)#001, 보_역.P#001, 보J_역.P#001b, 창_가이드A#001b, 엘베_버튼#001b, 부속_유라.조인트#001, 벤치_부속#001-b, 벤치_유라#001-a, 벤치_유라#001-b, 조명#002, 로고_표말#001, 조명#003, 계단_유라#002-a, 계단_유라#002-b, 계단_바닥#003, 계단_유라#002-d, 어닝_유라#001b, 로고_KTX#001, 유리_유라#005, 문_부속.힌지#001, 난간_유라.계단#001a, 난간_유라#003b-1, 난간_유라#005b, 배관_유라#001, 배관_유라#002, 배관_배수구#001, 빔_유라.차광#002, 계단_블록#005a, 계단_블록#005b, 계단_블록#006b, 계단_블록#006a, 계단_유라#003-a, 계단_유라#003-b, 난간_유라#003a, 기둥_유라.차광#001, 기둥_부속.조인트#003, 빔_유라.차광#003, 차광_부속.조인트#001, 빔_차광#001, 빔_유라.차광#004a, 빔_유라.차광#002a, 손잡이#012, 계단_블록#002, 계단_블록#001a, 조명_유라#001, 엘베_부속#001, 엘베_버튼#001a, 문_유라#001, 표지판_유라#001, 유리_유라#003, 덕트_유라#003, 덕트_유라#004, 유리_유라#001, 유리_유라#002, 덕트_유라#001, 덕트_유라#002, 계단_유라#001-a, 계단_유라#001-b, 계단_바닥#001, 계단_바닥#002, 전기_분전반#001, 부속_유라.조인트#002a, 부속_유라.조인트#002b, 부속_유라.조인트#002c, 어닝_유라#002b, 계단_유라#002-c, 덕트_유라#005, 문_부속.손잡이#001, 부속_열쇠#003, 부속_초인종#001, 엘베_버튼#001, 타일#001, 에스컬_입구#001a, 에스컬_입구#001b, 표지판_승강기#001, 기둥_부속.조인트A#004a, 기둥_유라#003, 기둥_부속.조인트A#005a, 엘베_역.P#001c, 엘베_역.P#002aa, 보_역.M지붕#003, 창_역.M#001c, 창_역.좌#001, 창_역.좌#002, 문_역.M#001, 문_자동문센서#001, 창_틀#001, 간판_역#002, 창_역.MA#001a, 창_역.M#002, 창_역.M#002a, 창_역.M지붕#003, 창_역.M지붕#004, 보J_역.P#002, 덕트_지붕#001a, 창_1187#001, 창_1187#002, 문_1187#001, 문_웰스#001, 계단_웰스#001, 문_자바라C#001, 부속_실외기#001, 문_부속.편의점자물쇠#001, 부속_어닝#001b, 부속_어닝#001c, 덕트_소형환풍기#001, 문_369#001, 부속_어닝#001a, 창_토요코인#002, 에스컬_지붕#001, 문_CU#001, 신호기_전기#002, 교통_도로난간#001b, 신호등_부속#002, 신호등_부속#001a, 신호등_조인트#001, 신호등_부속#001b, 신호등_부속#001c(Bus), 신호등_조인트#002, 계단_역.선로#001, 빔_역.P#002, 창_역.M#002b, 에스컬_난간#001b, 빔_조인트#001, 빔_조인트#002, 덕트_역#001, 덕트_역#002, 덕트_역#003, 계단_유라#004-a, 빔_역.P#001, 계단_블록#007a, 계단_블록#007b, 난간_역.P.El#001a, 난간_역.P.El#001b, 난간_역.P.El #001c, 난간_역.P.El#001d, 난간_역.P.El#001c, 문(철)x90#002, 문(철)x90#003, 창_역.선로#001, 창_역.선로#002, 부속_역.조인트#001, 창문A_역#007, 전기_콘센트#001, 스피커_역#001, 부속_역.조인트#002, 보H.A_역#001, 보H.A_역#004, 유리_역#002, 지붕_역#001, 문Part#005, 문Part#006, 천장_역#001, 지붕_창문#001, 지붕_창문#002, 보H.A_역#003, 보H.A_역#002, 휅_역.정문#1, 지붕_역#003, 창Part_역#012, 지붕_역#002, 보A_역#001, 기둥A_역#001d, 공조기_대형#003, 손잡이#006, 교통_횡단보도#001, 난간_역.P.El#002a, 빔_선로#002, 철도_기차(창)#001, 철도_기차(바퀴)A#002, 철도_기차(연결부)#002, 엘베_역.P#003a, 엘베_역.P#003b, 지붕_역.P.에스컬#001a, 기둥_부속.조인트#006, 빔_역.P#002Ja, 빔_역.P#002Jb, 배관_가스#001b, 정류장_지붕#001, 부속_철망#001a, 부속_철망#001-b, 부속_철망#002a, 부속_철망#002b, 벤치_부속#001-a, 어닝_유라#001a, 로고_안전수칙#004, 난간_유라#001a, 로고_종합안내도#001, 유리_경찰, 계단_블록#003, 계단_블록#004, 계단_블록#004a, 난간_유라.코너#002a, 난간_유라.코너#004a, 난간_유라.계단#001b, 차양_빔#001, 기둥_부속.조인트A#001, 기둥_부속.조인트A#002, 차광_부속.조인트A#003a, 차광_부속.조인트A#003b, 문_교직원공제회#001, 기둥_유라#001, 교통_코너보호대#001, 계단_블록#002a, 엘베_유라.문#001a, 엘베_유라.문#001b, 조명_유라#002, 계단_부속#002, 부속_표지판#001, 어닝_유라#002a, 덕트_유라#007, 덕트_유라#006, 문_유라.창고#001, 덕트_유라#008, 엘베_버튼스탠드,  가드레일_유라.지지대#001, 조명_유라#003, 에스컬_입구A#001a, 에스컬_입구A#002, 에스컬_입구A#003, 에스컬_입구A#001b, 배관.교차_유라#001, 배관.커브_유라#001, 부속_물막이#001, 난간_유라#003b-2, 난간_코너.유라#001a, 난간_코너.유라#001b, 난간_유라.계단C#001, 난간_유라.계단.봉, 기둥_부속.조인트A#003, 기둥_부속.조인트A#004b, 기둥_부속.조인트A#005b, 교통_진입금지#001, 기둥_부속.조인트#004, 기둥_부속.조인트#005, 난간_역.P#001b, 엘베_역.P#001aa, 엘베_역.P#002a, 난간_역.P.El#002b, 난간_역.P.El#002c, 유리_유라.난간#002, 지붕_역.P버.조#001, 가이드_역#002, 로고_금연구역, 로고_주차금지, 난간_역.P#001a#1, 창_역.MA#001b, 기둥_역.P#005, 천장_역.M.지지대#001, 창_역.M#003, 창_역.M#004a, 창_역.M#005a, 창_역.M#004b, 덕트_역.M#002, 덕트_역.M#1, 받침_난간#001, 보_역.M지붕#001, 창_역.M지붕#002a, 창_역.M지붕#002b, 창_역.M지붕#005, 덕트_지붕#001, 계단_아스티#001a, 계단_아스티#001b, 창_아스티#004a, 창_아스티#003, 창_삼진어묵#001, 창_삼진어묵#002, 창_삼진어묵#003, 창_CU#001, 기둥_웰스#001, 창_웰스#001, 창_웰스#002, 창_웰스#003, 창_웰스#004, 창_웰스#005, 창_웰스#006, 창_웰스#007, 창_신창국밥#001, 간판_거리#001a, 간판_거리#001b, 간판_받침#001a, 간판_받침#001b, 부속_+나사#001, 부속_실외기#003, 창_부산모텔#001, 창_부산모텔#02, 덕트_배출구#001, 덕트_ㄱ#001b, 덕트_ㄱ#001a, 부속_어닝50A#001a, 부속_어닝50A#001b, 조명#007, 문_삼성생명#001, 주차장_차량차단기#003, 휅_앙코르호텔#001, 조명#008, 휅_토요코인#002a, 창_게스트하우스#003, 부속_엘베#01, 교통_도로난간#001a, 교통_도로난간#001c, 교통_도로난간#001d, 가로등_CCTV#001, 빔_정류장#001, 빔_정류장#002, 펜스_봉#001, 창_철도경찰대#001, 교통_도로난간#003a, 정류장_지붕#002, 에스컬_입구#004, 에스컬_역.P입구#001, 창_역.M#005b, 창_역.선로#003, 창_역.M#006b, 표지판_엘베#001, 에스컬_난간#001a, 난간_역.P#002a, 난간_역.P#002c, 난간_역.P#002b, 창_역.P#001, 에스컬_역.P입구#003, 창문A_역#006, 문A_역#001, 기둥A_역#001a, 창문A_역#1, 창문A_역#2, 창문A_역#4, 기둥A_역#001b, 문A_역#1, 창문A_역#3, 기둥A_역#001c, 창문A_역#005, 창_선경#002, 기둥_역.탑승#001, 기둥_역.탑승#004a, 기둥_역.탑승#004_Ja, 표지판_고속열차#001, 난간_역.P#001c, 주차장_무인정산기, 교통_장애인마크#001, 철도_철주#001a, 철도_철주#001b, 철도_철주#001, 철도_철주#002b, 철도_기차(연결부), 철도_기차(바퀴)A#001, 나무_가로수#002, 나무_가로수#001, 나무_가로수#003, 나무_가로수(틀), 지붕_역.P.에스컬A#001, 표지판_호차판#002, 빔_역.P#001a, 보_역.P#002, 빔_역.P#002Jc, 빔_역.P#002Jd, 빔_역.M#002, 빔_역.P_A#006, 덕트_역.M#001, 부속_철망#001-e, 난간_유라#003c, 유리_유라#004, 난간_유라#002, 전기_분전반#003, 교통차단봉#003, 난간_유라.End#002, 난간_유라.코너#002c, 로고_안전수칙#005, 로고_안전수칙#006, 난간_유라.코너#004b, 난간_유라.코너#005a, 가드레일_유라.지지대#002, 훩_유라.차광막#002, 표지판_승강장#001, 가드_유라#001, 전기_콘센트#002, 부속_철망#003a, 부속_철망#003b, 가드_유라#002, 훩_역.에스컬#001, 훩_유라.차광막#001, 창_교직원공제#001, 벤치_유라#002-a, 벤치_유라#002-b, 전기_분전반#002, 엘베A_장애인용#001, 난간_유라.코너#004c, 난간_유라.계단#002a, 난간_유라.코너#005b, 난간_유라.계단#001c, 난간_유라.계단#002b, 로고_안전수칙#007, 난간_유라.End#001, 난간_유라.코너#002b, 난간_유라#004a, 난간_코너.유라#002, 난간_유라#004, 난간_코너.유라#003, 난간_유라#005, 계단_유라.철#001a, 난간_유라.계단C#002, 기둥_역.P#004a, 창_역.P#003, 기둥_부속.조인트A#006, 기둥_부속.조인트A#007, 난간_역.P#001a, 기둥_역.P#002, 엘베_역.P#001a, 엘베_역.P#001b, 엘베_역.P#001d, 엘베_역.P#002, 에스컬_역.P입구#002, 에스컬_입구#005a, 에스컬_입구#005b, 로고_역.m기둥#001, 보_역.M지붕#002b, 기둥_역.P#004b, 보_역.M지붕#002a, 휅_11187#001, 덕트_보일러배기관#002, 창_아스티#001I, 창_아스티#002b, 창_아스티#002a, 창_아스티#001II, 기둥_아스티#001a, 창_아스티#001b, 창_아스티#001c, 창_아스티#001d, 창_아스티#002c, 창_아스티#002aa, 창_아스티#004b, 창_아스티A#003, 계단_아스티#002, 지붕_아스티#001, 휅_아스티#001, 휅_아스티#002, 휅_아스티#003, 창_삼진어묵#004, 창_삼진어묵#005, 창_CU#002, 창_CU#003, 창_부속.삼진어묵#001, 휅_웰스#001, 휅_웰스#002, 교통_출차주의#001, 창_참가자미#001, 창_참가자미#002, 부속_여과기#001, 간판_거리#001c, 창_참가자미#003, 창_참가자미#004, 간판_받침#002a, 간판_받침#002b, 문_부산모텔#001, 휅_부산모텔#001, 계단_문출래난간#001, 부속_실외기#002, 창_옛날된장#001, 창_우동집#001, 창_우동집#002, 창_우동집#003, 기둥_아스티#001b, 교통_방지턱#001a, 교통_방지턱#001b, 교통_방지턱#001c, 교통_횡단보도#002, 국기계양기#001, 전기_분전반#005, 신호기_전기#003, 덕트_아스티#001a, 덕트_아스티#001b, 전기_분전반#006, 부속_수도계량기#001, 부속_실외기바람막이, 휅_삼성생명#001, 주차장_차량차단기#002b, 휅_앙코르호텔#002, 창_게스트하우스#001, 창_게스트하우스#002, 난간_본죽#001, 창_선경#001, 조명_토요코인#001, 창_토요코인#001, 휅_토요코인#002b, 창_장애인협회#001, 창_장애인협회#002, 창_장애인협회#003, 창_오페라웨딩#001, 창_오페라웨딩#002, 부속_엘베#02, 문_엘리베이터#01, 교통차단봉#001, 전기관련#002, 정류장_기둥#01, 정류장_도로A#001, 교통차단봉#005, 훩_역.에스컬#002, 표지판_기둥#001, 표지판_기둥#002, 가로등_CCTV.A#001, 가로등_유라시아#001, 가로등_분전반#001, 도로_벤치#001, 빔_정류장#003, 적사함#01, 휅_철도경찰대#001, 교통_도로난간A#003, 교통_하수맨홀#001, 받침_흡현실#001, 가로등_도로#001, 교통_도로난간#004a, 교통_도로난간#004b, 덕트_도로#001, 부속_실외기#005, 에어컨_실외기#01, 창_역.M#006a, 빔_선로#001, 에스컬_난간A#001, 기둥_역.탑승#005a, 기둥_역.탑승#003b, 기둥_역.탑승#004_Jb, 기둥_역.탑승#002, 기둥_역.탑승#003a, 계단A_역.P#001a, 표지판_타는곳#001a, 표지판_타는곳#001b, 표지판_호차판#001, 소화전#002, 기둥_역.탑승#004b, 소화전#001, 표지판_나가는곳#001, 교통차단봉#004, 교통차단봉#009, 철도_철주#001c, 철도_철주#002a, 철도_철주#001d, 주차장_차량번호인식기, 구성 요소#5, 구성 요소#6, 기둥_역.P#001a#1, 철도_기관차#001, 철도_객차#001, 철도_동력차#001, 나무_가로수_ASSEM#002, 나무_가로수_ASSEM#001, 나무_가로수_ASSEM#003, 나무_가로수#004, 나무_가로수#005, 나무_동백#002, 나무_동백#001, 나무_관목#002, 나무_관목#003, 나무_관목#004, 나무_관목#005, 엘베_역.P#003, 표지판_타는곳#002b, 표지판_타는곳#002a, 빔_역.P_A#001, 빔_역.P_A#002, 빔_역.P_A#003, 빔_역.P_A#004, 빔_역.P_A#005, 빔_역.M#001, 지붕_지지대#001, 교통_하수맨홀#003, 교통_하수맨홀#002, 휅_유라하단기둥#001, 로고_종합안내도#002, 로고_종합안내도#003, 조명_비상구#001, 휅_교직원공제회#001, 벤치_호텔코코#001, 교통차단봉#002, 기둥_역.P#001, 엘베_역.P#001, 기둥_역.P#003, 난간_역.PA#001, 창_역.PA#003, 창_아스티#001e, 창_아스티A#001a, 창_아스티A#002a, 창_아스티A#001b, 창_아스티A#001c, 창_아스티A#002b, 창_아스티A#001d, 창_아스티A#002c, 창_아스티#001III, 휅_아스티#004, 휅_삼진어묵#001, 휅_CU#001, 휅_신창국밥#001, 조명#005, 조명#006, 부속_주소표지판#001, 휅_참가자미#001, 휅_옛날된장#001, 부속_냉동고#001, 부속_냉동고#002, 부속_냉동고#003, 휅_원조국밥#001, 휅_밀면#001, 휅_우동집#001, 덕트_아스티#002, 교통차단봉#007, 부속_실외기#004, 부속_표지판#002, 기둥_앙코르호텔#001, 휅_게스트하우스#001, 창_선경#004, 휅_선경#001, 휅_호텔코코#001, 휅_토요코인#001a, 휅_토요코인#001b, 기둥_장애인협회#001, 휅_장애인협회#001, 휅_아몬드모텔#001, 휅_아몬드모텔#002, 배관_가스#001_C, 배관_가스#001a, 교통_기호(화살표)#001, 교통_지하철.엘베#001, 정류장_신.백#01, 난간_역.P#002d, 교통차단봉#008, 교통_도로난간#002a, 교통_도로난간#002b, 기둥_역.탑승#005, 기둥_역.탑승#005b, 기둥_역.탑승#005c, 계단A_역.P#002, 계단A_역.P#001b, 표지판_타는곳#003, 표지판_타는곳#004a, 표지판_타는곳#004b, 소화전A#001, 지붕_역.선로#001, 기둥_역.P#001a, 나무_가로수_ASSEM#005, 나무_가로수_ASSEM#004, 철도_선로#001
SU | Component depths analyzed in 0.0223 sec.
SU | Component 문_1187#001 written as group
SU | Component 휅_11187#001 written as group
SU | Component 기둥_부속.조인트A#006 written as group
SU | Component 기둥_유라#002_회색조 80% written as group
SU | Component 기둥_부속.조인트A#007 written as group
SU | Component 어닝50#01_청#010 written as group
SU | Component 부속_어닝50A#001b_청#009 written as group
SU | Component 부속_어닝50A#001a_청#009 written as group
SU | Component 에스컬_입구#001a written as group
SU | Component 에스컬_입구#001b written as group
SU | Component 창_가이드A#001b written as group
SU | Component 휅_아스티#001 written as group
SU | Component 휅_아스티#002 written as group
SU | Component 창_아스티A#001a written as group
SU | Component 창_아스티A#002a written as group
SU | Component 창_아스티A#001c written as group
SU | Component 창_아스티A#002b written as group
SU | Component 창_아스티A#001d written as group
SU | Component 창_아스티A#002c written as group
SU | Component 창_아스티A#001b written as group
SU | Component 휅_아스티#004 written as group
SU | Component 문_부속.편의점자물쇠#001 written as group
SU | Component 문_CU#001 written as group
SU | Component 문(철)x90#001_청#012 written as group
SU | Component 부속_실외기#001 written as group
SU | Component 휅_CU#001 written as group
SU | Component 휅_삼진어묵#001 written as group
SU | Component 나무_가로수_ASSEM#005 written as group
SU | Component 벤치_부속#001-a written as group
SU | Component 어닝_유라#001a written as group
SU | Component 엘베_유라.문#001a written as group
SU | Component 엘베_유라.문#001b written as group
SU | Component 난간_유라.계단C#001 written as group
SU | Component 난간_유라.End#002 written as group
SU | Component 난간_유라.코너#002a written as group
SU | Component 기둥_부속.조인트#001 written as group
SU | Component 기둥_유라#003_회색조 80% written as group
SU | Component 난간_유라.코너#002c written as group
SU | Component 휅_웰스#001 written as group
SU | Component 휅_웰스#002 written as group
SU | Component 문_자바라C#001_회색조 20% written as group
SU | Component 부속_여과기#001 written as group
SU | Component 부속_어닝50A#001a_청#006 written as group
SU | Component 휅_참가자미#001 written as group
SU | Component 문_부산모텔#001 written as group
SU | Component 부속_어닝50A#001b_청#006 written as group
SU | Component 문_369#001 written as group
SU | Component 휅_원조국밥#001 written as group
SU | Component 휅_밀면#001 written as group
SU | Component 휅_우동집#001 written as group
SU | Component 교통_도로난간A#003 written as group
SU | Component 에스컬_입구#004 written as group
SU | Component 나무_가로수_ASSEM#003 written as group
SU | Component 나무_가로수_ASSEM#001_잔디#001 written as group
SU | Component 나무_가로수_ASSEM#002 written as group
SU | Component 정류장_신.백#01 written as group
SU | Component 문_교직원공제회#001 written as group
SU | Component 부속_어닝50A#001b_황#010 written as group
SU | Component 부속_어닝50A#001a_황#010 written as group
SU | Component 부속_어닝50A#001b_녹#003 written as group
SU | Component 부속_어닝50A#001a_녹#003 written as group
SU | Component 휅_토요코인#002a written as group
SU | Component 휅_토요코인#002b written as group
SU | Component 휅_토요코인#001a written as group
SU | Component 휅_장애인협회#001 written as group
SU | Component 휅_아몬드모텔#001 written as group
SU | Component 휅_아몬드모텔#002 written as group
SU | Component 휅_게스트하우스#001 written as group
SU | Component 난간_본죽#001 written as group
SU | Component 휅_선경#001 written as group
SU | Component 휅_호텔코코#001 written as group
SU | Component 창_가이드A#001a written as group
SU | Component 문_유라#001_회색조 80% written as group
SU | Component 어닝_유라#002a written as group
SU | Component 난간_유라#002 written as group
SU | Component 계단_블록#001a written as group
SU | Component 계단_블록#002a written as group
SU | Component 문_유라#002 written as group
SU | Component 문_유라.창고#001 written as group
SU | Component 부속_철망#002b written as group
SU | Component 부속_철망#002a written as group
SU | Component 부속_철망#001-b written as group
SU | Component 엘베_버튼스탠드 written as group
SU | Component 난간_유라.코너#002b written as group
SU | Component 난간_유라.코너#004c written as group
SU | Component 난간_유라.코너#004a written as group
SU | Component 난간_유라.코너#004b written as group
SU | Component 난간_유라.End#001 written as group
SU | Component 난간_유라.코너#005b written as group
SU | Component 가로등_CCTV.A#001 written as group
SU | Component 난간_유라.코너#005a written as group
SU | Component 로고_종합안내도#003 written as group
SU | Component 가로등_도로#001 written as group
SU | Component 정류장_지붕#002 written as group
SU | Component 계단_블록#004a written as group
SU | Component 훩_유라.차광막#002 written as group
SU | Component 부속_철망#001-e written as group
SU | Component 부속_철망#003a written as group
SU | Component 부속_철망#003b written as group
SU | Component 난간_지하철#001 written as group
SU | Component 난간_지하철#003 written as group
SU | Component 난간_지하철#002 written as group
SU | Component 계단_블록#005b written as group
SU | Component 계단_블록#005a written as group
SU | Component 계단_블록#006b written as group
SU | Component 계단_블록#006a written as group
SU | Component 빔_유라.차광#004a written as group
SU | Component 차광_부속.조인트A#003b written as group
SU | Component 차광_부속.조인트A#003a written as group
SU | Component 휅_유라하단기둥#001 written as group
SU | Component 에스컬_지붕#001 written as group
SU | Component 나무_가로수_ASSEM#004 written as group
SU | Component 휅_철도경찰대#001 written as group
SU | Component 표지판_엘베#001 written as group
SU | Component 창_역.P#001 written as group
SU | Component 엘베_역.P#003 written as group
SU | Component 문_역#001 written as group
SU | Component 문_역#002 written as group
SU | Component 부속_가드조형A#001 written as group
SU | Component 공조기_대형#003 written as group
SU | Component 문_역#003 written as group
SU | Component 지붕_창문#001 written as group
SU | Component 보H.A_역#004 written as group
SU | Component 보H.A_역#003 written as group
SU | Component 보H.A_역#002 written as group
SU | Component 천장_역#001 written as group
SU | Component 기둥A_역#001b written as group
SU | Component 기둥A_역#001a written as group
SU | Component 보H.A_역#001 written as group
SU | Component 창문A_역#007 written as group
SU | Component 지붕_창문#002 written as group
SU | Component 보A_역#001 written as group
SU | Component 창문A_역#005 written as group
SU | Component 기둥A_역#001c written as group
SU | Component 문(철)x90#001_자#001 written as group
SU | Component 기둥A_역#001d written as group
SU | Component 빔_역.P_A#001 written as group
SU | Component 빔_역.P_A#002 written as group
SU | Component 빔_역.P_A#004 written as group
SU | Component 빔_역.P_A#005 written as group
SU | Component 빔_역.P_A#003 written as group
SU | Component 계단_유라#004-a written as group
SU | Component 계단_블록#007a written as group
SU | Component 계단_블록#007b written as group
SU | Component 에스컬_입구#005a written as group
SU | Component 에스컬_난간A#001 written as group
SU | Component 기둥_역.탑승#004_Ja written as group
SU | Component 문(철)x90#002_황#009 written as group
SU | Component 기둥_역.탑승#004_Jb written as group
SU | Component 기둥_역.탑승#005 written as group
SU | Component 지붕_역.선로#001 written as group
SU | Component 난간_역.P#001a written as group
SU | Component 창_역.P#003_청#017 written as group
SU | Component 계단_역.선로#001 written as group
SU | Component 기둥_역.P#004b written as group
SU | Component 엘베_역.P#001 written as group
SU | Component 난간_역.PA#001 written as group
SU | Component 문(철)x90#002_청#017 written as group
SU | Component 문(철)x90#003_청#017 written as group
SU | Component 엘베_역.P#002a written as group
SU | Component 보J_역.P#001b written as group
SU | Component 소화전A#001 written as group
SU | Component 덕트_지붕#001 written as group
SU | Component 보_역.M지붕#002a written as group
SU | Component 보_역.M지붕#002b written as group
SU | Component 창_역.MA#001a written as group
SU | Component 창_역.MA#001b written as group
SU | Component 문_역.M#001 written as group
SU | Component 창_역.M#002 written as group
SU | Component 철도_기차(바퀴)A#002 written as group
SU | Component 철도_기차(바퀴)A#001 written as group
SU | Component 에스컬_입구A#001a written as group
SU | Component 에스컬_입구A#002 written as group
SU | Component 에스컬_입구A#001b written as group
SU | Component 부속_실외기#002 written as group
SU | Component 기둥_부속.조인트A#004b written as group
SU | Component 기둥_부속.조인트A#003 written as group
SU | Component 기둥_부속.조인트A#004a written as group
SU | Component 기둥_부속.조인트A#005a written as group
SU | Component 기둥_부속.조인트A#005b written as group
SU | Component 부속_실외기#003 written as group
SU | Component 부속_실외기#004 written as group
SU | Component 교통_지하철.엘베#001 written as group
SU | Component 에스컬_입구A#003 written as group
SU | Component 엘베A_장애인용#001 written as group
SU | Component 정류장_도로A#001 written as group
SU | Component 훩_역.에스컬#001 written as group
SU | Component 기둥_부속.조인트A#002 written as group
SU | Component 기둥_부속.조인트A#001 written as group
SU | Component 훩_역.에스컬#002 written as group
SU | Component 부속_실외기#005 written as group
SU | Component 휅_역.정문#1 written as group