Blender 4.5.9 LTS (hash 8bf95cbd38d1 built 2026-04-21 01:30:46)
Read blend: "/Users/um-yunsang/CHOOGuard/asset-library/research-public/2026-09-21/quality-a/station-model-source/station-batched.blend"
Fra:1 Mem:1198.81M (Peak 1571.20M) | Time:00:05.36 | Rendering 1 / 64 samples
Fra:1 Mem:1198.89M (Peak 1571.20M) | Time:00:42.97 | Rendering 25 / 64 samples
Fra:1 Mem:1198.86M (Peak 1571.20M) | Time:01:21.98 | Rendering 50 / 64 samples
Fra:1 Mem:1198.86M (Peak 1571.20M) | Time:01:39.96 | Rendering 64 / 64 samples
Saved: '/Users/um-yunsang/CHOOGuard/asset-library/research-public/2026-09-21/quality-a/station-model-source/station-source-camera-preview.png'
Time: 01:40.27 (Saving: 00:00.28)

Fra:1 Mem:1107.99M (Peak 1183.83M) | Time:00:00.64 | Rendering 1 / 64 samples
Fra:1 Mem:1108.00M (Peak 1183.83M) | Time:00:01.90 | Rendering 25 / 64 samples
Fra:1 Mem:1108.00M (Peak 1183.83M) | Time:00:03.18 | Rendering 50 / 64 samples
Fra:1 Mem:1108.00M (Peak 1183.83M) | Time:00:03.90 | Rendering 64 / 64 samples
Saved: '/Users/um-yunsang/CHOOGuard/asset-library/research-public/2026-09-21/quality-a/station-model-source/station-isolated-overview.png'
Time: 00:04.09 (Saving: 00:00.16)


FBX export starting... '/Users/um-yunsang/CHOOGuard/asset-library/research-public/2026-09-21/quality-a/station-model-source/OfficialBusanStation_MainShell.fbx'
export finished in 1.0414 sec.

FBX export starting... '/Users/um-yunsang/CHOOGuard/asset-library/research-public/2026-09-21/quality-a/station-model-source/OfficialBusanStation_ExitRoofs.fbx'
export finished in 0.2706 sec.

FBX export starting... '/Users/um-yunsang/CHOOGuard/asset-library/research-public/2026-09-21/quality-a/station-model-source/OfficialBusanStation_PlatformsParking.fbx'
export finished in 0.2503 sec.

FBX export starting... '/Users/um-yunsang/CHOOGuard/asset-library/research-public/2026-09-21/quality-a/station-model-source/OfficialBusanStation_ContextPlaza.fbx'
export finished in 0.4817 sec.

FBX export starting... '/Users/um-yunsang/CHOOGuard/asset-library/research-public/2026-09-21/quality-a/station-model-source/OfficialBusanStation_ContextNeighbours.fbx'
export finished in 1.6580 sec.
{'min': [-23.101524353027344, -73.17031860351562, -0.8999998569488525], 'max': [190.47293090820312, 184.14630126953125, 31.92717742919922], 'size': [213.574462890625, 257.3166198730469, 32.827178955078125]}

Blender quit
