test_asset_reference_ids_are_nonempty_strings (test_reference_assets.ReferenceAssetTests.test_asset_reference_ids_are_nonempty_strings) ...
  test_asset_reference_ids_are_nonempty_strings (test_reference_assets.ReferenceAssetTests.test_asset_reference_ids_are_nonempty_strings) (identifier=None) ... ERROR
  test_asset_reference_ids_are_nonempty_strings (test_reference_assets.ReferenceAssetTests.test_asset_reference_ids_are_nonempty_strings) (identifier={}) ... ERROR
  test_asset_reference_ids_are_nonempty_strings (test_reference_assets.ReferenceAssetTests.test_asset_reference_ids_are_nonempty_strings) (identifier=[]) ... ERROR
  test_asset_reference_ids_are_nonempty_strings (test_reference_assets.ReferenceAssetTests.test_asset_reference_ids_are_nonempty_strings) (identifier=42) ... ERROR
test_catalog_objects_cannot_be_counted_as_used_scene_assets (test_reference_assets.ReferenceAssetTests.test_catalog_objects_cannot_be_counted_as_used_scene_assets) ... ok
test_category_proxy_cannot_be_marked_confirmed_station_installation (test_reference_assets.ReferenceAssetTests.test_category_proxy_cannot_be_marked_confirmed_station_installation) ... ok
test_changed_generator_dependency_requires_regeneration (test_reference_assets.ReferenceAssetTests.test_changed_generator_dependency_requires_regeneration) ... ok
test_malformed_asset_reference_rows_return_errors (test_reference_assets.ReferenceAssetTests.test_malformed_asset_reference_rows_return_errors) ...
  test_malformed_asset_reference_rows_return_errors (test_reference_assets.ReferenceAssetTests.test_malformed_asset_reference_rows_return_errors) (rows=None) ... ERROR
  test_malformed_asset_reference_rows_return_errors (test_reference_assets.ReferenceAssetTests.test_malformed_asset_reference_rows_return_errors) (rows='asset') ... ERROR
  test_malformed_asset_reference_rows_return_errors (test_reference_assets.ReferenceAssetTests.test_malformed_asset_reference_rows_return_errors) (rows=[None]) ... ERROR
  test_malformed_asset_reference_rows_return_errors (test_reference_assets.ReferenceAssetTests.test_malformed_asset_reference_rows_return_errors) (rows=[[]]) ... ERROR
  test_malformed_asset_reference_rows_return_errors (test_reference_assets.ReferenceAssetTests.test_malformed_asset_reference_rows_return_errors) (rows=['asset']) ... ERROR
test_malformed_reference_entries_return_errors (test_reference_assets.ReferenceAssetTests.test_malformed_reference_entries_return_errors) ... ok
test_missing_or_duplicate_asset_reference_fails (test_reference_assets.ReferenceAssetTests.test_missing_or_duplicate_asset_reference_fails) ... ok
test_named_detail_must_exist_in_generated_geometry_inventory (test_reference_assets.ReferenceAssetTests.test_named_detail_must_exist_in_generated_geometry_inventory) ... ok
test_path_escape_and_missing_authored_module_fail (test_reference_assets.ReferenceAssetTests.test_path_escape_and_missing_authored_module_fail) ... ok
test_reference_fields_require_typed_complete_image_evidence (test_reference_assets.ReferenceAssetTests.test_reference_fields_require_typed_complete_image_evidence) ... ok
test_references_do_not_imply_visual_or_facility_acceptance (test_reference_assets.ReferenceAssetTests.test_references_do_not_imply_visual_or_facility_acceptance) ... ok
test_review_requires_matching_asset_and_two_local_capture_digests (test_reference_assets.ReferenceAssetTests.test_review_requires_matching_asset_and_two_local_capture_digests) ... ok
test_scene_asset_must_have_actual_usage_and_inventory_cannot_hide_unknown_family (test_reference_assets.ReferenceAssetTests.test_scene_asset_must_have_actual_usage_and_inventory_cannot_hide_unknown_family) ... ok
test_uninspected_or_image_free_reference_fails (test_reference_assets.ReferenceAssetTests.test_uninspected_or_image_free_reference_fails) ... ok
test_virtual_guidance_is_never_counted_as_physical_station_object (test_reference_assets.ReferenceAssetTests.test_virtual_guidance_is_never_counted_as_physical_station_object) ... ok

======================================================================
ERROR: test_asset_reference_ids_are_nonempty_strings (test_reference_assets.ReferenceAssetTests.test_asset_reference_ids_are_nonempty_strings) (identifier=None)
----------------------------------------------------------------------
Traceback (most recent call last):
  File "<repo>/scripts/art/test_reference_assets.py", line 50, in test_asset_reference_ids_are_nonempty_strings
    self.assertTrue(self.check()['errors'])
                    ^^^^^^^^^^^^
  File "<repo>/scripts/art/test_reference_assets.py", line 28, in check
    def check(self,strict=False):return art.validate(self.registry,self.manifest,self.root,self.inventory,strict)
                                        ^^^^^^^^^^^^^^^^^^^^^^^^^^^^^^^^^^^^^^^^^^^^^^^^^^^^^^^^^^^^^^^^^^^^^^^^^
  File "<repo>/scripts/art/validate_reference_assets.py", line 34, in validate
    if set(ids)!=set(models):errors.append('Reference/model coverage differs: '+str(sorted(set(ids)^set(models))))
                                                                                    ^^^^^^^^^^^^^^^^^^^^^^^^^^^^
TypeError: '<' not supported between instances of 'str' and 'NoneType'

======================================================================
ERROR: test_asset_reference_ids_are_nonempty_strings (test_reference_assets.ReferenceAssetTests.test_asset_reference_ids_are_nonempty_strings) (identifier={})
----------------------------------------------------------------------
Traceback (most recent call last):
  File "<repo>/scripts/art/test_reference_assets.py", line 50, in test_asset_reference_ids_are_nonempty_strings
    self.assertTrue(self.check()['errors'])
                    ^^^^^^^^^^^^
  File "<repo>/scripts/art/test_reference_assets.py", line 28, in check
    def check(self,strict=False):return art.validate(self.registry,self.manifest,self.root,self.inventory,strict)
                                        ^^^^^^^^^^^^^^^^^^^^^^^^^^^^^^^^^^^^^^^^^^^^^^^^^^^^^^^^^^^^^^^^^^^^^^^^^
  File "<repo>/scripts/art/validate_reference_assets.py", line 33, in validate
    if len(set(ids))!=len(ids):errors.append('Duplicate asset reference IDs')
           ^^^^^^^^
TypeError: unhashable type: 'dict'

======================================================================
ERROR: test_asset_reference_ids_are_nonempty_strings (test_reference_assets.ReferenceAssetTests.test_asset_reference_ids_are_nonempty_strings) (identifier=[])
----------------------------------------------------------------------
Traceback (most recent call last):
  File "<repo>/scripts/art/test_reference_assets.py", line 50, in test_asset_reference_ids_are_nonempty_strings
    self.assertTrue(self.check()['errors'])
                    ^^^^^^^^^^^^
  File "<repo>/scripts/art/test_reference_assets.py", line 28, in check
    def check(self,strict=False):return art.validate(self.registry,self.manifest,self.root,self.inventory,strict)
                                        ^^^^^^^^^^^^^^^^^^^^^^^^^^^^^^^^^^^^^^^^^^^^^^^^^^^^^^^^^^^^^^^^^^^^^^^^^
  File "<repo>/scripts/art/validate_reference_assets.py", line 33, in validate
    if len(set(ids))!=len(ids):errors.append('Duplicate asset reference IDs')
           ^^^^^^^^
TypeError: unhashable type: 'list'

======================================================================
ERROR: test_asset_reference_ids_are_nonempty_strings (test_reference_assets.ReferenceAssetTests.test_asset_reference_ids_are_nonempty_strings) (identifier=42)
----------------------------------------------------------------------
Traceback (most recent call last):
  File "<repo>/scripts/art/test_reference_assets.py", line 50, in test_asset_reference_ids_are_nonempty_strings
    self.assertTrue(self.check()['errors'])
                    ^^^^^^^^^^^^
  File "<repo>/scripts/art/test_reference_assets.py", line 28, in check
    def check(self,strict=False):return art.validate(self.registry,self.manifest,self.root,self.inventory,strict)
                                        ^^^^^^^^^^^^^^^^^^^^^^^^^^^^^^^^^^^^^^^^^^^^^^^^^^^^^^^^^^^^^^^^^^^^^^^^^
  File "<repo>/scripts/art/validate_reference_assets.py", line 34, in validate
    if set(ids)!=set(models):errors.append('Reference/model coverage differs: '+str(sorted(set(ids)^set(models))))
                                                                                    ^^^^^^^^^^^^^^^^^^^^^^^^^^^^
TypeError: '<' not supported between instances of 'int' and 'str'

======================================================================
ERROR: test_malformed_asset_reference_rows_return_errors (test_reference_assets.ReferenceAssetTests.test_malformed_asset_reference_rows_return_errors) (rows=None)
----------------------------------------------------------------------
Traceback (most recent call last):
  File "<repo>/scripts/art/test_reference_assets.py", line 56, in test_malformed_asset_reference_rows_return_errors
    self.assertTrue(self.check()['errors'])
                    ^^^^^^^^^^^^
  File "<repo>/scripts/art/test_reference_assets.py", line 28, in check
    def check(self,strict=False):return art.validate(self.registry,self.manifest,self.root,self.inventory,strict)
                                        ^^^^^^^^^^^^^^^^^^^^^^^^^^^^^^^^^^^^^^^^^^^^^^^^^^^^^^^^^^^^^^^^^^^^^^^^^
  File "<repo>/scripts/art/validate_reference_assets.py", line 32, in validate
    ids=[a.get('id') for a in rows]; models={a.get('id'):a for a in generated}
                              ^^^^
TypeError: 'NoneType' object is not iterable

======================================================================
ERROR: test_malformed_asset_reference_rows_return_errors (test_reference_assets.ReferenceAssetTests.test_malformed_asset_reference_rows_return_errors) (rows='asset')
----------------------------------------------------------------------
Traceback (most recent call last):
  File "<repo>/scripts/art/test_reference_assets.py", line 56, in test_malformed_asset_reference_rows_return_errors
    self.assertTrue(self.check()['errors'])
                    ^^^^^^^^^^^^
  File "<repo>/scripts/art/test_reference_assets.py", line 28, in check
    def check(self,strict=False):return art.validate(self.registry,self.manifest,self.root,self.inventory,strict)
                                        ^^^^^^^^^^^^^^^^^^^^^^^^^^^^^^^^^^^^^^^^^^^^^^^^^^^^^^^^^^^^^^^^^^^^^^^^^
  File "<repo>/scripts/art/validate_reference_assets.py", line 32, in validate
    ids=[a.get('id') for a in rows]; models={a.get('id'):a for a in generated}
         ^^^^^
AttributeError: 'str' object has no attribute 'get'

======================================================================
ERROR: test_malformed_asset_reference_rows_return_errors (test_reference_assets.ReferenceAssetTests.test_malformed_asset_reference_rows_return_errors) (rows=[None])
----------------------------------------------------------------------
Traceback (most recent call last):
  File "<repo>/scripts/art/test_reference_assets.py", line 56, in test_malformed_asset_reference_rows_return_errors
    self.assertTrue(self.check()['errors'])
                    ^^^^^^^^^^^^
  File "<repo>/scripts/art/test_reference_assets.py", line 28, in check
    def check(self,strict=False):return art.validate(self.registry,self.manifest,self.root,self.inventory,strict)
                                        ^^^^^^^^^^^^^^^^^^^^^^^^^^^^^^^^^^^^^^^^^^^^^^^^^^^^^^^^^^^^^^^^^^^^^^^^^
  File "<repo>/scripts/art/validate_reference_assets.py", line 32, in validate
    ids=[a.get('id') for a in rows]; models={a.get('id'):a for a in generated}
         ^^^^^
AttributeError: 'NoneType' object has no attribute 'get'

======================================================================
ERROR: test_malformed_asset_reference_rows_return_errors (test_reference_assets.ReferenceAssetTests.test_malformed_asset_reference_rows_return_errors) (rows=[[]])
----------------------------------------------------------------------
Traceback (most recent call last):
  File "<repo>/scripts/art/test_reference_assets.py", line 56, in test_malformed_asset_reference_rows_return_errors
    self.assertTrue(self.check()['errors'])
                    ^^^^^^^^^^^^
  File "<repo>/scripts/art/test_reference_assets.py", line 28, in check
    def check(self,strict=False):return art.validate(self.registry,self.manifest,self.root,self.inventory,strict)
                                        ^^^^^^^^^^^^^^^^^^^^^^^^^^^^^^^^^^^^^^^^^^^^^^^^^^^^^^^^^^^^^^^^^^^^^^^^^
  File "<repo>/scripts/art/validate_reference_assets.py", line 32, in validate
    ids=[a.get('id') for a in rows]; models={a.get('id'):a for a in generated}
         ^^^^^
AttributeError: 'list' object has no attribute 'get'

======================================================================
ERROR: test_malformed_asset_reference_rows_return_errors (test_reference_assets.ReferenceAssetTests.test_malformed_asset_reference_rows_return_errors) (rows=['asset'])
----------------------------------------------------------------------
Traceback (most recent call last):
  File "<repo>/scripts/art/test_reference_assets.py", line 56, in test_malformed_asset_reference_rows_return_errors
    self.assertTrue(self.check()['errors'])
                    ^^^^^^^^^^^^
  File "<repo>/scripts/art/test_reference_assets.py", line 28, in check
    def check(self,strict=False):return art.validate(self.registry,self.manifest,self.root,self.inventory,strict)
                                        ^^^^^^^^^^^^^^^^^^^^^^^^^^^^^^^^^^^^^^^^^^^^^^^^^^^^^^^^^^^^^^^^^^^^^^^^^
  File "<repo>/scripts/art/validate_reference_assets.py", line 32, in validate
    ids=[a.get('id') for a in rows]; models={a.get('id'):a for a in generated}
         ^^^^^
AttributeError: 'str' object has no attribute 'get'

----------------------------------------------------------------------
Ran 15 tests in 0.013s

FAILED (errors=9)
