
 Starting FDS ...

 MPI Process      0 started on eom-yunsang-ui-MacBookAir.local

 Reading FDS input file ...


 Fire Dynamics Simulator

 Current Date     : September 21, 2026  18:22:34
 Revision         : FDS-6.11.1-0-gff928db-release
 Revision Date    : Thu Jul 9 17:24:07 2026 -0400
 Compiler         : Intel(R) Fortran Intel(R) 64 Compiler Classic for applications running on Intel(R) 64, Version 2021.10.0 Build 20230609_000000
 Compilation Date : Jul 10, 2026  12:51:24

 Number of MPI Processes:  1
 Number of OpenMP Threads: 2

 MPI version: 3.1
 MPI library version: Open MPI v5.0.10, package: Open MPI mnv@wildfire.campus.nist.gov Distribution, ident: 5.0.10, repo rev: v5.0.10, Feb 23, 2026
 Hypre library version: v3.0.0
 Sundials library version: v7.5.0

 Job TITLE        : CHOOGuard 1800 s reference hall, not Busan calibration
 Job ID string    : hall

 Time Step:       1, Simulation Time:   0.39916 s
 Time Step:       2, Simulation Time:   0.79832 s
 Time Step:       3, Simulation Time:   1.19749 s
 Time Step:       4, Simulation Time:   1.59665 s
 Time Step:       5, Simulation Time:   1.99581 s
 Time Step:       6, Simulation Time:   2.39497 s
 Time Step:       7, Simulation Time:   2.40946 s
 Time Step:       8, Simulation Time:   2.42540 s
 Time Step:       9, Simulation Time:   2.44292 s
 Time Step:      10, Simulation Time:   2.46220 s
 Time Step:      20, Simulation Time:   2.80022 s
 Time Step:      30, Simulation Time:   3.67696 s
 Time Step:      40, Simulation Time:   4.65611 s
 Time Step:      50, Simulation Time:   5.52958 s
 Time Step:      60, Simulation Time:   6.62466 s
 Time Step:      70, Simulation Time:   7.69581 s
 Time Step:      80, Simulation Time:   8.68770 s
 Time Step:      90, Simulation Time:   9.67959 s
 Time Step:     100, Simulation Time:  10.67148 s
 Time Step:     200, Simulation Time:  20.40453 s
 Time Step:     300, Simulation Time:  29.83796 s
 Time Step:     400, Simulation Time:  38.84384 s
 Time Step:     500, Simulation Time:  47.62510 s
 Time Step:     600, Simulation Time:  56.35497 s
 Time Step:     700, Simulation Time:  65.81601 s
 Time Step:     800, Simulation Time:  74.70540 s
 Time Step:     900, Simulation Time:  83.53101 s
 Time Step:    1000, Simulation Time:  92.83285 s
 Time Step:    1100, Simulation Time: 101.76689 s
 Time Step:    1200, Simulation Time: 110.64964 s
 Time Step:    1300, Simulation Time: 119.34714 s
 Time Step:    1400, Simulation Time: 128.16802 s
 Time Step:    1500, Simulation Time: 137.27183 s
 Time Step:    1600, Simulation Time: 146.43931 s
 Time Step:    1700, Simulation Time: 155.38828 s
 Time Step:    1800, Simulation Time: 164.24558 s
 Time Step:    1900, Simulation Time: 173.11376 s
 Time Step:    2000, Simulation Time: 182.16741 s
 Time Step:    2100, Simulation Time: 191.48668 s
 Time Step:    2200, Simulation Time: 200.09912 s
 Time Step:    2300, Simulation Time: 209.46715 s
 Time Step:    2400, Simulation Time: 218.85974 s
 Time Step:    2500, Simulation Time: 227.51693 s
 Time Step:    2600, Simulation Time: 236.60235 s
 Time Step:    2700, Simulation Time: 245.69209 s
 Time Step:    2800, Simulation Time: 255.06689 s
 Time Step:    2900, Simulation Time: 264.51205 s
 Time Step:    3000, Simulation Time: 273.93590 s
 Time Step:    3100, Simulation Time: 283.55640 s
 Time Step:    3200, Simulation Time: 292.94337 s
 Time Step:    3300, Simulation Time: 302.28222 s
 Time Step:    3400, Simulation Time: 311.70861 s
 Time Step:    3500, Simulation Time: 321.05930 s
 Time Step:    3600, Simulation Time: 330.18305 s
 Time Step:    3700, Simulation Time: 339.52933 s
 Time Step:    3800, Simulation Time: 349.12300 s
 Time Step:    3900, Simulation Time: 358.83231 s
 Time Step:    4000, Simulation Time: 368.40547 s
 Time Step:    4100, Simulation Time: 377.79567 s
 Time Step:    4200, Simulation Time: 386.85303 s
 Time Step:    4300, Simulation Time: 395.74719 s
 Time Step:    4400, Simulation Time: 405.30249 s
 Time Step:    4500, Simulation Time: 414.38372 s
 Time Step:    4600, Simulation Time: 424.00678 s
 Time Step:    4700, Simulation Time: 433.55714 s
 Time Step:    4800, Simulation Time: 443.51053 s
 Time Step:    4900, Simulation Time: 452.95178 s
 Time Step:    5000, Simulation Time: 462.34654 s
 Time Step:    5100, Simulation Time: 471.39665 s
 Time Step:    5200, Simulation Time: 480.34608 s
 Time Step:    5300, Simulation Time: 489.33076 s
 Time Step:    5400, Simulation Time: 498.82622 s
 Time Step:    5500, Simulation Time: 508.11110 s
 Time Step:    5600, Simulation Time: 517.20481 s
 Time Step:    5700, Simulation Time: 526.57381 s
 Time Step:    5800, Simulation Time: 535.64384 s
 Time Step:    5900, Simulation Time: 544.72322 s
 Time Step:    6000, Simulation Time: 553.84813 s
 Time Step:    6100, Simulation Time: 562.91318 s
 Time Step:    6200, Simulation Time: 571.60508 s
 Time Step:    6300, Simulation Time: 580.80385 s
 Time Step:    6400, Simulation Time: 590.12886 s
 Time Step:    6500, Simulation Time: 599.29330 s
 Time Step:    6600, Simulation Time: 608.10889 s
 Time Step:    6700, Simulation Time: 617.58754 s
 Time Step:    6800, Simulation Time: 626.60453 s
 Time Step:    6900, Simulation Time: 636.02219 s
 Time Step:    7000, Simulation Time: 644.95769 s
 Time Step:    7100, Simulation Time: 654.30558 s
 Time Step:    7200, Simulation Time: 663.54046 s
 Time Step:    7300, Simulation Time: 672.59437 s
 Time Step:    7400, Simulation Time: 681.49614 s
 Time Step:    7500, Simulation Time: 690.28527 s
 Time Step:    7600, Simulation Time: 699.40296 s
 Time Step:    7700, Simulation Time: 708.25984 s
 Time Step:    7800, Simulation Time: 717.23501 s
 Time Step:    7900, Simulation Time: 726.61306 s
 Time Step:    8000, Simulation Time: 736.05098 s
 Time Step:    8100, Simulation Time: 745.05907 s
 Time Step:    8200, Simulation Time: 754.33666 s
 Time Step:    8300, Simulation Time: 763.94814 s
 Time Step:    8400, Simulation Time: 773.86807 s
 Time Step:    8500, Simulation Time: 782.98083 s
 Time Step:    8600, Simulation Time: 792.13396 s
 Time Step:    8700, Simulation Time: 801.01832 s
 Time Step:    8800, Simulation Time: 810.42464 s
 Time Step:    8900, Simulation Time: 819.79285 s
 Time Step:    9000, Simulation Time: 829.63734 s
 Time Step:    9100, Simulation Time: 839.54819 s
 Time Step:    9200, Simulation Time: 849.24983 s
 Time Step:    9300, Simulation Time: 858.44510 s
