STATION_FOOTPRINT [-23.1, -73.2] [190.5, 184.1]
COL -23.1 of 190.5
COL 36.9 of 190.5
COL 96.9 of 190.5
COL 156.9 of 190.5
PROBES 6192 WITH_HIT 5250 HITS 18513
  z=    0.0m  up=  3002  share=0.485  [('-우측 건물', 37), ('-유라시아 도로', 871), ('-좌측 건물', 533)]
  z=   -1.0m  up=  2092  share=0.338  [('-좌측 건물', 2), ('Layer0', 2090)]
  z=    7.0m  up=  1254  share=0.203  [('-유라시아 건물', 106), ('-부산역', 267), ('-좌측 건물', 1)]
  z=   23.0m  up=   651  share=0.105  [('-부산역', 619), ('-부산역_선로상층부', 32)]
  z=   13.5m  up=   295  share=0.048  [('-부산역', 13), ('-좌측 건물', 1), ('-부산역_선로상층부', 1)]
  z=    7.5m  up=   283  share=0.046  [('-유라시아 건물', 24), ('-부산역', 11), ('-좌측 건물', 58)]
  z=   26.0m  up=   261  share=0.042  [('-부산역', 16), ('-좌측 건물', 2), ('-부산역_선로상층부', 243)]
  z=   12.0m  up=   258  share=0.042  [('-부산역', 138), ('Layer0', 25), ('-부산역_출구지붕', 92)]
  z=   12.5m  up=   256  share=0.041  [('-좌측 건물', 29), ('-부산역', 177), ('-부산역_출구지붕', 42)]
  z=    4.5m  up=   240  share=0.039  [('-유라시아 건물', 22), ('-부산역', 24), ('-좌측 건물', 23)]
  z=    0.5m  up=   199  share=0.032  [('-좌측 건물', 167), ('-부산역', 27), ('Layer0', 5)]
  z=   31.0m  up=   192  share=0.031  [('-부산역', 192)]
  z=   11.5m  up=   185  share=0.030  [('-유라시아 건물', 54), ('-부산역', 6), ('Layer0', 10)]
  z=   31.5m  up=   182  share=0.029  [('-부산역', 181), ('-좌측 건물', 1)]
  z=   17.0m  up=   181  share=0.029  [('-부산역_선로상층부', 181)]
  z=   17.5m  up=   175  share=0.028  [('-부산역', 5), ('-좌측 건물', 25), ('-부산역_선로상층부', 145)]
  z=    2.5m  up=   149  share=0.024  [('-좌측 건물', 6), ('-유라시아 건물', 1), ('-부산역', 6)]
  z=   24.0m  up=   147  share=0.024  [('-부산역', 106), ('-부산역_선로상층부', 41)]
Blender 4.5.9 LTS (hash 8bf95cbd38d1 built 2026-04-21 01:30:46)
Read blend: "/Users/um-yunsang/CHOOGuard/asset-library/research-public/2026-09-22/ver13-audit/ver13-batched.blend"

Blender quit
