KEPT_BOUNDS [-23.1, -199.6, -1.2] [200.4, 184.2, 31.9]
Blender 4.5.9 LTS (hash 8bf95cbd38d1 built 2026-04-21 01:30:46)
Read blend: "/Users/um-yunsang/CHOOGuard/asset-library/research-public/2026-09-22/ver13-audit/ver13-batched.blend"
Fra:1 Mem:712.17M (Peak 883.25M) | Time:00:00.65 | Rendering 1 / 16 samples
Fra:1 Mem:712.39M (Peak 883.25M) | Time:00:00.81 | Rendering 16 / 16 samples
Saved: '/Users/um-yunsang/CHOOGuard/asset-library/research-public/2026-09-22/ver13-audit/section-north-at-35pct.png'
Time: 00:02.01 (Saving: 00:00.13)

SECTION north-at-35pct section-north-at-35pct.png clip_start 594.8
Fra:1 Mem:799.42M (Peak 948.69M) | Time:00:00.13 | Rendering 1 / 16 samples
Fra:1 Mem:799.36M (Peak 948.69M) | Time:00:00.22 | Rendering 16 / 16 samples
Saved: '/Users/um-yunsang/CHOOGuard/asset-library/research-public/2026-09-22/ver13-audit/section-north-at-55pct.png'
Time: 00:01.34 (Saving: 00:00.09)

SECTION north-at-55pct section-north-at-55pct.png clip_start 671.6
Fra:1 Mem:799.48M (Peak 948.76M) | Time:00:00.10 | Rendering 1 / 16 samples
Fra:1 Mem:799.41M (Peak 948.76M) | Time:00:00.19 | Rendering 16 / 16 samples
Saved: '/Users/um-yunsang/CHOOGuard/asset-library/research-public/2026-09-22/ver13-audit/section-east-at-45pct.png'
Time: 00:00.98 (Saving: 00:00.09)

SECTION east-at-45pct section-east-at-45pct.png clip_start 368.7
DONE

Blender quit
