{
  "sameInitialState": true,
  "stagedMinusAll": {
    "timeSeconds": 5.0,
    "peakDensity": -1.7507043740108488,
    "peakFlowDiagnostic": -0.023408495223180725,
    "maxFedToxic": 0.00012163869677416955,
    "maxFedConvectiveHeat": 0.0008830027784726031
  },
  "runs": [
    {
      "policy": "all",
      "completed": true,
      "timeSeconds": 84.0,
      "evacuated": 96,
      "peakDensity": 3.580986219567645,
      "maxFedToxic": 9.628755560460115e-05
    },
    {
      "policy": "staged",
      "completed": true,
      "timeSeconds": 89.0,
      "evacuated": 96,
      "peakDensity": 1.8302818455567964,
      "maxFedToxic": 0.0002179262523787707
    }
  ]
}
