Unity Editor version:    6000.3.23f1 (09d2ecc7fb28)
Branch:                  6000.3/staging
Build type:              Release
Batch mode:              YES
macOS version:           Version 26.5 (Build 25F71)
Darwin version:          25.5.0
Architecture:            arm64
Running under Rosetta:   NO
Available memory:        16384 MB
Date:                    2026-09-14T15:53:30Z
[Licensing::Module] Trying to connect to existing licensing client channel...
[Licensing::IpcConnector] Successfully connected to: "LicenseClient-um-yunsang" at "2026-09-14T15:53:30.008382Z"
Launching external process: /Applications/Unity/Unity-6000.3.23f1/Unity.app/Contents/Resources/PackageManager/Server/UnityPackageManager

COMMAND LINE ARGUMENTS:
/Applications/Unity/Unity-6000.3.23f1/Unity.app/Contents/MacOS/Unity
-batchmode
-nographics
-projectPath
/Users/um-yunsang/CHOOGuard
-runTests
-testPlatform
EditMode
-testFilter
WorldMotionAdapterTests;ConnectedWorldTests;Fmp08aMovingFrameTests
-testResults
/Users/um-yunsang/CHOOGuard/docs/evidence/work-items/FMP-08a/FMP-08a-edit-P.xml
-logFile
/Users/um-yunsang/CHOOGuard/docs/evidence/work-items/FMP-08a/FMP-08a-unity-P.log
Successfully changed project path to: /Users/um-yunsang/CHOOGuard
/Users/um-yunsang/CHOOGuard
[Package Manager] Server process was shutdown
