test_added_policy_fifo_blocks_baseline_and_tool_probes (test_policy_baseline.PolicyBaselineTests.test_added_policy_fifo_blocks_baseline_and_tool_probes) ... ok
test_approved_manifest_needs_a_reference (test_policy_baseline.PolicyBaselineTests.test_approved_manifest_needs_a_reference) ... ok
test_candidate_is_not_approval_even_with_matching_pin (test_policy_baseline.PolicyBaselineTests.test_candidate_is_not_approval_even_with_matching_pin) ... ok
test_candidate_mode_does_not_invoke_agent_or_package_tools (test_policy_baseline.PolicyBaselineTests.test_candidate_mode_does_not_invoke_agent_or_package_tools) ... ok
test_deleted_member_fails_even_when_glob_still_has_a_file (test_policy_baseline.PolicyBaselineTests.test_deleted_member_fails_even_when_glob_still_has_a_file) ... ok
test_duplicate_manifest_key_is_rejected (test_policy_baseline.PolicyBaselineTests.test_duplicate_manifest_key_is_rejected) ... ok
test_exact_externally_pinned_baseline_matches (test_policy_baseline.PolicyBaselineTests.test_exact_externally_pinned_baseline_matches) ... ok
test_failed_or_forbidden_tracked_inventory_prevents_tool_execution (test_policy_baseline.PolicyBaselineTests.test_failed_or_forbidden_tracked_inventory_prevents_tool_execution) ... ok
test_fifo_manifest_returns_failure_receipt_without_blocking (test_policy_baseline.PolicyBaselineTests.test_fifo_manifest_returns_failure_receipt_without_blocking) ... ok
test_invalid_installed_metadata_returns_failure_receipt_without_copying_content (test_policy_baseline.PolicyBaselineTests.test_invalid_installed_metadata_returns_failure_receipt_without_copying_content) ...
  test_invalid_installed_metadata_returns_failure_receipt_without_copying_content (test_policy_baseline.PolicyBaselineTests.test_invalid_installed_metadata_returns_failure_receipt_without_copying_content) (payload_type='list', index=0) ... ERROR
  test_invalid_installed_metadata_returns_failure_receipt_without_copying_content (test_policy_baseline.PolicyBaselineTests.test_invalid_installed_metadata_returns_failure_receipt_without_copying_content) (payload_type='NoneType', index=1) ... ERROR
  test_invalid_installed_metadata_returns_failure_receipt_without_copying_content (test_policy_baseline.PolicyBaselineTests.test_invalid_installed_metadata_returns_failure_receipt_without_copying_content) (payload_type='int', index=2) ... ERROR
  test_invalid_installed_metadata_returns_failure_receipt_without_copying_content (test_policy_baseline.PolicyBaselineTests.test_invalid_installed_metadata_returns_failure_receipt_without_copying_content) (payload_type='str', index=3) ... ERROR
  test_invalid_installed_metadata_returns_failure_receipt_without_copying_content (test_policy_baseline.PolicyBaselineTests.test_invalid_installed_metadata_returns_failure_receipt_without_copying_content) (payload_type='dict', index=4) ... FAIL
  test_invalid_installed_metadata_returns_failure_receipt_without_copying_content (test_policy_baseline.PolicyBaselineTests.test_invalid_installed_metadata_returns_failure_receipt_without_copying_content) (payload_type='dict', index=5) ... FAIL
  test_invalid_installed_metadata_returns_failure_receipt_without_copying_content (test_policy_baseline.PolicyBaselineTests.test_invalid_installed_metadata_returns_failure_receipt_without_copying_content) (payload_type='dict', index=6) ... FAIL
  test_invalid_installed_metadata_returns_failure_receipt_without_copying_content (test_policy_baseline.PolicyBaselineTests.test_invalid_installed_metadata_returns_failure_receipt_without_copying_content) (payload_type='dict', index=7) ... FAIL
test_linked_package_metadata_is_not_read (test_policy_baseline.PolicyBaselineTests.test_linked_package_metadata_is_not_read) ... FAIL
test_main_matches_pin_and_blocks_later_policy_change (test_policy_baseline.PolicyBaselineTests.test_main_matches_pin_and_blocks_later_policy_change) ... ok
test_manifest_changes_fail_against_original_pin (test_policy_baseline.PolicyBaselineTests.test_manifest_changes_fail_against_original_pin) ... ok
test_missing_manifest_pin_is_not_accepted (test_policy_baseline.PolicyBaselineTests.test_missing_manifest_pin_is_not_accepted) ... ok
test_missing_required_policy_family_is_not_blessed_by_new_manifest (test_policy_baseline.PolicyBaselineTests.test_missing_required_policy_family_is_not_blessed_by_new_manifest) ... ok
test_modified_policy_does_not_accept_fresh_self_observed_hash (test_policy_baseline.PolicyBaselineTests.test_modified_policy_does_not_accept_fresh_self_observed_hash) ... ok
test_new_policy_file_requires_review_of_exact_set (test_policy_baseline.PolicyBaselineTests.test_new_policy_file_requires_review_of_exact_set) ... ok
test_no_baseline_cannot_claim_required_ok (test_policy_baseline.PolicyBaselineTests.test_no_baseline_cannot_claim_required_ok) ... ok
test_package_metadata_read_is_bounded (test_policy_baseline.PolicyBaselineTests.test_package_metadata_read_is_bounded) ... FAIL
test_package_settings_wrong_shapes_fail_without_exceptions (test_policy_baseline.PolicyBaselineTests.test_package_settings_wrong_shapes_fail_without_exceptions) ...
  test_package_settings_wrong_shapes_fail_without_exceptions (test_policy_baseline.PolicyBaselineTests.test_package_settings_wrong_shapes_fail_without_exceptions) (packages=None) ... ERROR
  test_package_settings_wrong_shapes_fail_without_exceptions (test_policy_baseline.PolicyBaselineTests.test_package_settings_wrong_shapes_fail_without_exceptions) (packages={}) ... FAIL
  test_package_settings_wrong_shapes_fail_without_exceptions (test_policy_baseline.PolicyBaselineTests.test_package_settings_wrong_shapes_fail_without_exceptions) (packages='fixture') ... FAIL
  test_package_settings_wrong_shapes_fail_without_exceptions (test_policy_baseline.PolicyBaselineTests.test_package_settings_wrong_shapes_fail_without_exceptions) (packages=[None]) ... ERROR
  test_package_settings_wrong_shapes_fail_without_exceptions (test_policy_baseline.PolicyBaselineTests.test_package_settings_wrong_shapes_fail_without_exceptions) (packages=[7]) ... ERROR
  test_package_settings_wrong_shapes_fail_without_exceptions (test_policy_baseline.PolicyBaselineTests.test_package_settings_wrong_shapes_fail_without_exceptions) (packages=[{'source': []}]) ... ERROR
  test_package_settings_wrong_shapes_fail_without_exceptions (test_policy_baseline.PolicyBaselineTests.test_package_settings_wrong_shapes_fail_without_exceptions) (packages=[{'source': '../outside'}]) ... FAIL
test_pending_baseline_does_not_invoke_agent_or_package_tools (test_policy_baseline.PolicyBaselineTests.test_pending_baseline_does_not_invoke_agent_or_package_tools) ... ok
test_policy_change_during_probes_cannot_issue_success_receipt (test_policy_baseline.PolicyBaselineTests.test_policy_change_during_probes_cannot_issue_success_receipt) ... ok
test_policy_change_during_scan_blocks_probes (test_policy_baseline.PolicyBaselineTests.test_policy_change_during_scan_blocks_probes) ... ok
test_policy_symlink_is_not_read_as_approved_content (test_policy_baseline.PolicyBaselineTests.test_policy_symlink_is_not_read_as_approved_content) ... ok
test_settings_used_after_baseline_check_must_match_verified_bytes (test_policy_baseline.PolicyBaselineTests.test_settings_used_after_baseline_check_must_match_verified_bytes) ... ok
test_unsafe_or_noncanonical_manifest_paths_are_rejected (test_policy_baseline.PolicyBaselineTests.test_unsafe_or_noncanonical_manifest_paths_are_rejected) ... ok
test_valid_scoped_package_metadata_and_version_match (test_policy_baseline.PolicyBaselineTests.test_valid_scoped_package_metadata_and_version_match) ... ok
test_elapsed_time_budget_fails_closed (test_policy_baseline.WorkspaceBudgetTests.test_elapsed_time_budget_fails_closed) ... ok
test_empty_directory_budget_fails_closed (test_policy_baseline.WorkspaceBudgetTests.test_empty_directory_budget_fails_closed) ... ok
test_external_symlink_inside_venv_is_not_pruned (test_policy_baseline.WorkspaceBudgetTests.test_external_symlink_inside_venv_is_not_pruned) ... ok
test_mount_point_is_not_traversed_or_reported_clean (test_policy_baseline.WorkspaceBudgetTests.test_mount_point_is_not_traversed_or_reported_clean) ... ok
test_native_windows_junction_is_not_traversed_or_reported_clean (test_policy_baseline.WorkspaceBudgetTests.test_native_windows_junction_is_not_traversed_or_reported_clean) ... skipped 'Native Windows junction test'
test_nested_git_directory_is_still_workspace_input (test_policy_baseline.WorkspaceBudgetTests.test_nested_git_directory_is_still_workspace_input) ... ok
test_receipt_root_symlink_cannot_write_outside_repo (test_policy_baseline.WorkspaceBudgetTests.test_receipt_root_symlink_cannot_write_outside_repo) ... ok
test_unknown_pth_and_misplaced_ca_file_are_not_dependency_exceptions (test_policy_baseline.WorkspaceBudgetTests.test_unknown_pth_and_misplaced_ca_file_are_not_dependency_exceptions) ... ok

======================================================================
ERROR: test_invalid_installed_metadata_returns_failure_receipt_without_copying_content (test_policy_baseline.PolicyBaselineTests.test_invalid_installed_metadata_returns_failure_receipt_without_copying_content) (payload_type='list', index=0)
----------------------------------------------------------------------
Traceback (most recent call last):
  File "<review-workspace>/CHOOGuard-links/scripts/bootstrap/test_policy_baseline.py", line 94, in test_invalid_installed_metadata_returns_failure_receipt_without_copying_content
    self.assertEqual(self.case.invoke("--policy-manifest", str(self.manifest),
                     ^^^^^^^^^^^^^^^^^^^^^^^^^^^^^^^^^^^^^^^^^^^^^^^^^^^^^^^^^
  File "<review-workspace>/CHOOGuard-links/scripts/bootstrap/test_verify_toolchain.py", line 110, in invoke
    return verifier.main()
           ^^^^^^^^^^^^^^^
  File "<review-workspace>/CHOOGuard-links/scripts/bootstrap/verify_toolchain.py", line 518, in main
    pkgs, pkgs_ok = check_packages(root, settings) if can_probe and not disallowed else ([], False)
                    ^^^^^^^^^^^^^^^^^^^^^^^^^^^^^^
  File "<review-workspace>/CHOOGuard-links/scripts/bootstrap/verify_toolchain.py", line 403, in check_packages
    have = json.loads(pkg.read_text(encoding="utf-8")).get("version")
           ^^^^^^^^^^^^^^^^^^^^^^^^^^^^^^^^^^^^^^^^^^^^^^^
AttributeError: 'list' object has no attribute 'get'

======================================================================
ERROR: test_invalid_installed_metadata_returns_failure_receipt_without_copying_content (test_policy_baseline.PolicyBaselineTests.test_invalid_installed_metadata_returns_failure_receipt_without_copying_content) (payload_type='NoneType', index=1)
----------------------------------------------------------------------
Traceback (most recent call last):
  File "<review-workspace>/CHOOGuard-links/scripts/bootstrap/test_policy_baseline.py", line 94, in test_invalid_installed_metadata_returns_failure_receipt_without_copying_content
    self.assertEqual(self.case.invoke("--policy-manifest", str(self.manifest),
                     ^^^^^^^^^^^^^^^^^^^^^^^^^^^^^^^^^^^^^^^^^^^^^^^^^^^^^^^^^
  File "<review-workspace>/CHOOGuard-links/scripts/bootstrap/test_verify_toolchain.py", line 110, in invoke
    return verifier.main()
           ^^^^^^^^^^^^^^^
  File "<review-workspace>/CHOOGuard-links/scripts/bootstrap/verify_toolchain.py", line 518, in main
    pkgs, pkgs_ok = check_packages(root, settings) if can_probe and not disallowed else ([], False)
                    ^^^^^^^^^^^^^^^^^^^^^^^^^^^^^^
  File "<review-workspace>/CHOOGuard-links/scripts/bootstrap/verify_toolchain.py", line 403, in check_packages
    have = json.loads(pkg.read_text(encoding="utf-8")).get("version")
           ^^^^^^^^^^^^^^^^^^^^^^^^^^^^^^^^^^^^^^^^^^^^^^^
AttributeError: 'NoneType' object has no attribute 'get'

======================================================================
ERROR: test_invalid_installed_metadata_returns_failure_receipt_without_copying_content (test_policy_baseline.PolicyBaselineTests.test_invalid_installed_metadata_returns_failure_receipt_without_copying_content) (payload_type='int', index=2)
----------------------------------------------------------------------
Traceback (most recent call last):
  File "<review-workspace>/CHOOGuard-links/scripts/bootstrap/test_policy_baseline.py", line 94, in test_invalid_installed_metadata_returns_failure_receipt_without_copying_content
    self.assertEqual(self.case.invoke("--policy-manifest", str(self.manifest),
                     ^^^^^^^^^^^^^^^^^^^^^^^^^^^^^^^^^^^^^^^^^^^^^^^^^^^^^^^^^
  File "<review-workspace>/CHOOGuard-links/scripts/bootstrap/test_verify_toolchain.py", line 110, in invoke
    return verifier.main()
           ^^^^^^^^^^^^^^^
  File "<review-workspace>/CHOOGuard-links/scripts/bootstrap/verify_toolchain.py", line 518, in main
    pkgs, pkgs_ok = check_packages(root, settings) if can_probe and not disallowed else ([], False)
                    ^^^^^^^^^^^^^^^^^^^^^^^^^^^^^^
  File "<review-workspace>/CHOOGuard-links/scripts/bootstrap/verify_toolchain.py", line 403, in check_packages
    have = json.loads(pkg.read_text(encoding="utf-8")).get("version")
           ^^^^^^^^^^^^^^^^^^^^^^^^^^^^^^^^^^^^^^^^^^^^^^^
AttributeError: 'int' object has no attribute 'get'

======================================================================
ERROR: test_invalid_installed_metadata_returns_failure_receipt_without_copying_content (test_policy_baseline.PolicyBaselineTests.test_invalid_installed_metadata_returns_failure_receipt_without_copying_content) (payload_type='str', index=3)
----------------------------------------------------------------------
Traceback (most recent call last):
  File "<review-workspace>/CHOOGuard-links/scripts/bootstrap/test_policy_baseline.py", line 94, in test_invalid_installed_metadata_returns_failure_receipt_without_copying_content
    self.assertEqual(self.case.invoke("--policy-manifest", str(self.manifest),
                     ^^^^^^^^^^^^^^^^^^^^^^^^^^^^^^^^^^^^^^^^^^^^^^^^^^^^^^^^^
  File "<review-workspace>/CHOOGuard-links/scripts/bootstrap/test_verify_toolchain.py", line 110, in invoke
    return verifier.main()
           ^^^^^^^^^^^^^^^
  File "<review-workspace>/CHOOGuard-links/scripts/bootstrap/verify_toolchain.py", line 518, in main
    pkgs, pkgs_ok = check_packages(root, settings) if can_probe and not disallowed else ([], False)
                    ^^^^^^^^^^^^^^^^^^^^^^^^^^^^^^
  File "<review-workspace>/CHOOGuard-links/scripts/bootstrap/verify_toolchain.py", line 403, in check_packages
    have = json.loads(pkg.read_text(encoding="utf-8")).get("version")
           ^^^^^^^^^^^^^^^^^^^^^^^^^^^^^^^^^^^^^^^^^^^^^^^
AttributeError: 'str' object has no attribute 'get'

======================================================================
ERROR: test_package_settings_wrong_shapes_fail_without_exceptions (test_policy_baseline.PolicyBaselineTests.test_package_settings_wrong_shapes_fail_without_exceptions) (packages=None)
----------------------------------------------------------------------
Traceback (most recent call last):
  File "<review-workspace>/CHOOGuard-links/scripts/bootstrap/test_policy_baseline.py", line 114, in test_package_settings_wrong_shapes_fail_without_exceptions
    rows, ok = verifier.check_packages(self.root, {"packages": packages})
               ^^^^^^^^^^^^^^^^^^^^^^^^^^^^^^^^^^^^^^^^^^^^^^^^^^^^^^^^^^
  File "<review-workspace>/CHOOGuard-links/scripts/bootstrap/verify_toolchain.py", line 391, in check_packages
    for entry in settings.get("packages", []):
                 ^^^^^^^^^^^^^^^^^^^^^^^^^^^^
TypeError: 'NoneType' object is not iterable

======================================================================
ERROR: test_package_settings_wrong_shapes_fail_without_exceptions (test_policy_baseline.PolicyBaselineTests.test_package_settings_wrong_shapes_fail_without_exceptions) (packages=[None])
----------------------------------------------------------------------
Traceback (most recent call last):
  File "<review-workspace>/CHOOGuard-links/scripts/bootstrap/test_policy_baseline.py", line 114, in test_package_settings_wrong_shapes_fail_without_exceptions
    rows, ok = verifier.check_packages(self.root, {"packages": packages})
               ^^^^^^^^^^^^^^^^^^^^^^^^^^^^^^^^^^^^^^^^^^^^^^^^^^^^^^^^^^
  File "<review-workspace>/CHOOGuard-links/scripts/bootstrap/verify_toolchain.py", line 392, in check_packages
    spec = entry if isinstance(entry, str) else entry.get("source", "")
                                                ^^^^^^^^^
AttributeError: 'NoneType' object has no attribute 'get'

======================================================================
ERROR: test_package_settings_wrong_shapes_fail_without_exceptions (test_policy_baseline.PolicyBaselineTests.test_package_settings_wrong_shapes_fail_without_exceptions) (packages=[7])
----------------------------------------------------------------------
Traceback (most recent call last):
  File "<review-workspace>/CHOOGuard-links/scripts/bootstrap/test_policy_baseline.py", line 114, in test_package_settings_wrong_shapes_fail_without_exceptions
    rows, ok = verifier.check_packages(self.root, {"packages": packages})
               ^^^^^^^^^^^^^^^^^^^^^^^^^^^^^^^^^^^^^^^^^^^^^^^^^^^^^^^^^^
  File "<review-workspace>/CHOOGuard-links/scripts/bootstrap/verify_toolchain.py", line 392, in check_packages
    spec = entry if isinstance(entry, str) else entry.get("source", "")
                                                ^^^^^^^^^
AttributeError: 'int' object has no attribute 'get'

======================================================================
ERROR: test_package_settings_wrong_shapes_fail_without_exceptions (test_policy_baseline.PolicyBaselineTests.test_package_settings_wrong_shapes_fail_without_exceptions) (packages=[{'source': []}])
----------------------------------------------------------------------
Traceback (most recent call last):
  File "<review-workspace>/CHOOGuard-links/scripts/bootstrap/test_policy_baseline.py", line 114, in test_package_settings_wrong_shapes_fail_without_exceptions
    rows, ok = verifier.check_packages(self.root, {"packages": packages})
               ^^^^^^^^^^^^^^^^^^^^^^^^^^^^^^^^^^^^^^^^^^^^^^^^^^^^^^^^^^
  File "<review-workspace>/CHOOGuard-links/scripts/bootstrap/verify_toolchain.py", line 393, in check_packages
    spec = spec.removeprefix("npm:")  # settings.json 은 "npm:<name>@<version>" 형식
           ^^^^^^^^^^^^^^^^^
AttributeError: 'list' object has no attribute 'removeprefix'

======================================================================
FAIL: test_invalid_installed_metadata_returns_failure_receipt_without_copying_content (test_policy_baseline.PolicyBaselineTests.test_invalid_installed_metadata_returns_failure_receipt_without_copying_content) (payload_type='dict', index=4)
----------------------------------------------------------------------
Traceback (most recent call last):
  File "<review-workspace>/CHOOGuard-links/scripts/bootstrap/test_policy_baseline.py", line 94, in test_invalid_installed_metadata_returns_failure_receipt_without_copying_content
    self.assertEqual(self.case.invoke("--policy-manifest", str(self.manifest),
AssertionError: 0 != 1

======================================================================
FAIL: test_invalid_installed_metadata_returns_failure_receipt_without_copying_content (test_policy_baseline.PolicyBaselineTests.test_invalid_installed_metadata_returns_failure_receipt_without_copying_content) (payload_type='dict', index=5)
----------------------------------------------------------------------
Traceback (most recent call last):
  File "<review-workspace>/CHOOGuard-links/scripts/bootstrap/test_policy_baseline.py", line 94, in test_invalid_installed_metadata_returns_failure_receipt_without_copying_content
    self.assertEqual(self.case.invoke("--policy-manifest", str(self.manifest),
AssertionError: 0 != 1

======================================================================
FAIL: test_invalid_installed_metadata_returns_failure_receipt_without_copying_content (test_policy_baseline.PolicyBaselineTests.test_invalid_installed_metadata_returns_failure_receipt_without_copying_content) (payload_type='dict', index=6)
----------------------------------------------------------------------
Traceback (most recent call last):
  File "<review-workspace>/CHOOGuard-links/scripts/bootstrap/test_policy_baseline.py", line 94, in test_invalid_installed_metadata_returns_failure_receipt_without_copying_content
    self.assertEqual(self.case.invoke("--policy-manifest", str(self.manifest),
AssertionError: 0 != 1

======================================================================
FAIL: test_invalid_installed_metadata_returns_failure_receipt_without_copying_content (test_policy_baseline.PolicyBaselineTests.test_invalid_installed_metadata_returns_failure_receipt_without_copying_content) (payload_type='dict', index=7)
----------------------------------------------------------------------
Traceback (most recent call last):
  File "<review-workspace>/CHOOGuard-links/scripts/bootstrap/test_policy_baseline.py", line 94, in test_invalid_installed_metadata_returns_failure_receipt_without_copying_content
    self.assertEqual(self.case.invoke("--policy-manifest", str(self.manifest),
AssertionError: 0 != 1

======================================================================
FAIL: test_linked_package_metadata_is_not_read (test_policy_baseline.PolicyBaselineTests.test_linked_package_metadata_is_not_read)
----------------------------------------------------------------------
Traceback (most recent call last):
  File "<review-workspace>/CHOOGuard-links/scripts/bootstrap/test_policy_baseline.py", line 137, in test_linked_package_metadata_is_not_read
    self.assertFalse(ok)
AssertionError: True is not false

======================================================================
FAIL: test_package_metadata_read_is_bounded (test_policy_baseline.PolicyBaselineTests.test_package_metadata_read_is_bounded)
----------------------------------------------------------------------
Traceback (most recent call last):
  File "<review-workspace>/CHOOGuard-links/scripts/bootstrap/test_policy_baseline.py", line 108, in test_package_metadata_read_is_bounded
    self.assertFalse(ok)
AssertionError: True is not false

======================================================================
FAIL: test_package_settings_wrong_shapes_fail_without_exceptions (test_policy_baseline.PolicyBaselineTests.test_package_settings_wrong_shapes_fail_without_exceptions) (packages={})
----------------------------------------------------------------------
Traceback (most recent call last):
  File "<review-workspace>/CHOOGuard-links/scripts/bootstrap/test_policy_baseline.py", line 115, in test_package_settings_wrong_shapes_fail_without_exceptions
    self.assertFalse(ok)
AssertionError: True is not false

======================================================================
FAIL: test_package_settings_wrong_shapes_fail_without_exceptions (test_policy_baseline.PolicyBaselineTests.test_package_settings_wrong_shapes_fail_without_exceptions) (packages='fixture')
----------------------------------------------------------------------
Traceback (most recent call last):
  File "<review-workspace>/CHOOGuard-links/scripts/bootstrap/test_policy_baseline.py", line 116, in test_package_settings_wrong_shapes_fail_without_exceptions
    self.assertEqual(rows, [])
AssertionError: Lists differ: [{'package': 'f', 'wanted': None, 'install[415 chars]lse}] != []

First list contains 7 additional elements.
First extra element 0:
{'package': 'f', 'wanted': None, 'installed': None, 'ok': False}

+ []
- [{'installed': None, 'ok': False, 'package': 'f', 'wanted': None},
-  {'installed': None, 'ok': False, 'package': 'i', 'wanted': None},
-  {'installed': None, 'ok': False, 'package': 'x', 'wanted': None},
-  {'installed': None, 'ok': False, 'package': 't', 'wanted': None},
-  {'installed': None, 'ok': False, 'package': 'u', 'wanted': None},
-  {'installed': None, 'ok': False, 'package': 'r', 'wanted': None},
-  {'installed': None, 'ok': False, 'package': 'e', 'wanted': None}]

======================================================================
FAIL: test_package_settings_wrong_shapes_fail_without_exceptions (test_policy_baseline.PolicyBaselineTests.test_package_settings_wrong_shapes_fail_without_exceptions) (packages=[{'source': '../outside'}])
----------------------------------------------------------------------
Traceback (most recent call last):
  File "<review-workspace>/CHOOGuard-links/scripts/bootstrap/test_policy_baseline.py", line 116, in test_package_settings_wrong_shapes_fail_without_exceptions
    self.assertEqual(rows, [])
AssertionError: Lists differ: [{'package': '../outside', 'wanted': None, 'installed': None, 'ok': False}] != []

First list contains 1 additional elements.
First extra element 0:
{'package': '../outside', 'wanted': None, 'installed': None, 'ok': False}

- [{'installed': None, 'ok': False, 'package': '../outside', 'wanted': None}]
+ []

----------------------------------------------------------------------
Ran 35 tests in 0.449s

FAILED (failures=9, errors=8, skipped=1)
