
 Fire Dynamics Simulator

 Current Date     : September 21, 2026  00:14:37
 Revision         : FDS-6.11.1-0-gff928db-release
 Revision Date    : Thu Jul 9 17:24:07 2026 -0400
 Compiler         : Intel(R) Fortran Intel(R) 64 Compiler Classic for applications running on Intel(R) 64, Version 2021.10.0 Build 20230609_000000
 Compilation Date : Jul 10, 2026  12:51:24

 Number of MPI Processes:  1
 Number of OpenMP Threads: 2

 MPI version: 3.1
 MPI library version: Open MPI v5.0.10, package: Open MPI mnv@wildfire.campus.nist.gov Distribution, ident: 5.0.10, repo rev: v5.0.10, Feb 23, 2026
 Hypre library version: v3.0.0
 Sundials library version: v7.5.0

 Job TITLE        : CHOOGuard bounded reference hall, not Busan calibration
 Job ID string    : hall


 Grid Dimensions, Mesh     1

   Cells in the X Direction            60
   Cells in the Y Direction            40
   Cells in the Z Direction             8
   Number of Grid Cells             19200


 Physical Dimensions, Mesh     1

   Length (m)                      30.000
   Width  (m)                      20.000
   Height (m)                       4.000

 Miscellaneous Parameters

   Total Number of Grid Cells       19200
   Maximum Cell Aspect Ratio        1.000
   Initial Time Step (s)            0.399
   CFL Velocity Norm                    2
   Simulation Start Time (s)          0.0
   Simulation End Time (s)          120.0
   Background Pressure (Pa)     101325.00
   Ambient Temperature (C)          20.00

   3D Cartesian
   VLES Calculation
   Eddy Viscosity Model:  Deardorff (C_DEARDORFF = 0.10)
   Surface INERT Eddy Viscosity Model:  WALE (C_WALE = 0.60)
   Surface BURNER Eddy Viscosity Model:  WALE (C_WALE = 0.60)
   Turbulent Prandtl Number:         0.50
   Turbulent Schmidt Number:         0.50


 Pressure solver information

   Solver:                            FFT
   Velocity tolerance (m/s):    2.500E-01
   Press eqn res tol (1/s^2):   8.000E+01
   Max pressure iterations:            10


 Background Stratification

      Z (m)     P_0 (Pa)    TMP_0 (C)
   ------------------------------------
        3.75    101281.04     20.00
        3.25    101286.90     20.00
        2.75    101292.76     20.00
        2.25    101298.62     20.00
        1.75    101304.48     20.00
        1.25    101310.34     20.00
        0.75    101316.20     20.00
        0.25    101322.06     20.00


 Mass Fraction Transformation Matrix to Convert Species Mixtures (Columns) to Primitive Species (Rows)

                         AIR       PROPANE   PRODUCTS
   NITROGEN              0.762470  0.000000  0.713293
   OXYGEN                0.230997  0.000000  0.000000
   CARBON DIOXIDE        0.000591  0.000000  0.168008
   WATER VAPOR           0.005941  0.000000  0.110960
   CARBON MONOXIDE       0.000000  0.000000  0.001290
   SOOT                  0.000000  0.000000  0.006450
   HYDROGEN              0.000000  0.000000  0.000000
   HYDROGEN CYANIDE      0.000000  0.000000  0.000000
   PROPANE               0.000000  1.000000  0.000000


 Primitive Species Information

   NITROGEN
   Gas Species
   Molecular Weight (g/mol)                28.01340
   Ambient Density (kg/m^3)                1.165
           Enthalpy of Formation (J/kg)  0.000E+00

   OXYGEN
   Gas Species
   Molecular Weight (g/mol)                31.99880
   Ambient Density (kg/m^3)                1.330
           Enthalpy of Formation (J/kg)  0.000E+00

   CARBON DIOXIDE
   Gas Species
   Molecular Weight (g/mol)                44.00950
   Ambient Density (kg/m^3)                1.830
           Enthalpy of Formation (J/kg) -8.941E+06

   WATER VAPOR
   Gas Species
   Molecular Weight (g/mol)                18.01528
   Ambient Density (kg/m^3)                0.749
           Enthalpy of Formation (J/kg) -1.342E+07

   CARBON MONOXIDE
   Gas Species
   Molecular Weight (g/mol)                28.01010
   Ambient Density (kg/m^3)                1.164
           Enthalpy of Formation (J/kg) -3.946E+06

   SOOT
   Gas Species
   Molecular Weight (g/mol)                12.01070
   Ambient Density (kg/m^3)                0.499
           Enthalpy of Formation (J/kg)  0.000E+00

   HYDROGEN
   Gas Species
   Molecular Weight (g/mol)                 2.01588
   Ambient Density (kg/m^3)                0.084
           Enthalpy of Formation (J/kg)  0.000E+00

   HYDROGEN CYANIDE
   Gas Species
   Molecular Weight (g/mol)                27.02534
   Ambient Density (kg/m^3)                1.123
           Enthalpy of Formation (J/kg)  4.924E+06

   PROPANE
   Gas Species
   Molecular Weight (g/mol)                44.09562
   Ambient Density (kg/m^3)                1.833
           Enthalpy of Formation (J/kg) -2.374E+06


 Tracked (Lumped) Species Information

   AIR
   Molecular Weight (g/mol)            28.75198
   Ambient Density (kg/m^3)            1.195
   Initial Mass Fraction               1.000
   Enthalpy of Formation (J/kg)     -8.504E+04

   Sub Species                    Mass Fraction     Mole Fraction
   NITROGEN                       7.624699E-01      7.825727E-01
   OXYGEN                         2.309974E-01      2.075588E-01
   CARBON DIOXIDE                 5.914650E-04      3.864118E-04
   WATER VAPOR                    5.941209E-03      9.482037E-03
 
     Viscosity (kg/m/s) Ambient,  293 K:  1.796E-05
                                  500 K:  2.612E-05
                                 1000 K:  4.125E-05
                                 1500 K:  5.371E-05
                                 2000 K:  6.476E-05
   Therm. Cond. (W/m/K) Ambient,  293 K:  2.556E-02
                                  500 K:  3.814E-02
                                 1000 K:  6.686E-02
                                 1500 K:  9.249E-02
                                 2000 K:  1.153E-01
        Enthalpy (J/kg) Ambient,  293 K: -9.012E+04
                                  500 K:  1.222E+05
                                 1000 K:  6.721E+05
                                 1500 K:  1.270E+06
                                 2000 K:  1.896E+06
    Spec. Heat (J/kg/K) Ambient,  293 K:  1.016E+03
                                  500 K:  1.042E+03
                                 1000 K:  1.156E+03
                                 1500 K:  1.229E+03
                                 2000 K:  1.270E+03
   Diff. Coeff. (m^2/s) Ambient,  293 K:  1.991E-05
                                  500 K:  4.961E-05
                                 1000 K:  1.580E-04
                                 1500 K:  3.095E-04
                                 2000 K:  4.984E-04
     Gibbs Energy Amb. (kJ/mol),  293 K: -5.873E+01
                                  500 K: -1.007E+02
                                 1000 K: -2.117E+02
                                 1500 K: -3.312E+02
                                 2000 K: -4.568E+02

   PROPANE
   Molecular Weight (g/mol)            44.09562
   Ambient Density (kg/m^3)            1.833
   Initial Mass Fraction               0.000
   Enthalpy of Formation (J/kg)     -2.374E+06

   Sub Species                    Mass Fraction     Mole Fraction
   PROPANE                        1.000000E+00      1.000000E+00
 
     Viscosity (kg/m/s) Ambient,  293 K:  8.079E-06
                                  500 K:  1.310E-05
                                 1000 K:  2.234E-05
                                 1500 K:  2.955E-05
                                 2000 K:  3.574E-05
   Therm. Cond. (W/m/K) Ambient,  293 K:  1.821E-02
                                  500 K:  4.581E-02
                                 1000 K:  1.212E-01
                                 1500 K:  1.890E-01
                                 2000 K:  2.465E-01
        Enthalpy (J/kg) Ambient,  293 K: -2.382E+06
                                  500 K: -1.946E+06
                                 1000 K: -2.769E+05
                                 1500 K:  1.900E+06
                                 2000 K:  4.336E+06
    Spec. Heat (J/kg/K) Ambient,  293 K:  1.646E+03
                                  500 K:  2.553E+03
                                 1000 K:  3.960E+03
                                 1500 K:  4.669E+03
                                 2000 K:  5.034E+03
   Diff. Coeff. (m^2/s) Ambient,  293 K:  1.110E-05
                                  500 K:  2.862E-05
                                 1000 K:  9.316E-05
                                 1500 K:  1.833E-04
                                 2000 K:  2.954E-04
     Gibbs Energy Amb. (kJ/mol),  293 K: -1.839E+02
                                  500 K: -2.447E+02
                                 1000 K: -4.295E+02
                                 1500 K: -6.584E+02
                                 2000 K: -9.217E+02

   PRODUCTS
   Molecular Weight (g/mol)            27.76055
   Ambient Density (kg/m^3)            1.154
   Initial Mass Fraction               0.000
   Enthalpy of Formation (J/kg)     -2.997E+06

   Sub Species                    Mass Fraction     Mole Fraction
   NITROGEN                       7.132926E-01      7.068543E-01
   CARBON DIOXIDE                 1.680079E-01      1.059769E-01
   WATER VAPOR                    1.109598E-01      1.709829E-01
   CARBON MONOXIDE                1.289949E-03      1.278456E-03
   SOOT                           6.449745E-03      1.490741E-02
   HYDROGEN CYANIDE               0.000000E+00      0.000000E+00
 
     Viscosity (kg/m/s) Ambient,  293 K:  1.604E-05
                                  500 K:  2.378E-05
                                 1000 K:  3.880E-05
                                 1500 K:  5.129E-05
                                 2000 K:  6.230E-05
   Therm. Cond. (W/m/K) Ambient,  293 K:  2.333E-02
                                  500 K:  3.614E-02
                                 1000 K:  6.728E-02
                                 1500 K:  9.669E-02
                                 2000 K:  1.231E-01
        Enthalpy (J/kg) Ambient,  293 K: -3.002E+06
                                  500 K: -2.770E+06
                                 1000 K: -2.155E+06
                                 1500 K: -1.472E+06
                                 2000 K: -7.468E+05
    Spec. Heat (J/kg/K) Ambient,  293 K:  1.095E+03
                                  500 K:  1.150E+03
                                 1000 K:  1.307E+03
                                 1500 K:  1.416E+03
                                 2000 K:  1.480E+03
   Diff. Coeff. (m^2/s) Ambient,  293 K:  1.964E-05
                                  500 K:  4.988E-05
                                 1000 K:  1.612E-04
                                 1500 K:  3.170E-04
                                 2000 K:  5.114E-04
     Gibbs Energy Amb. (kJ/mol),  293 K: -1.499E+02
                                  500 K: -1.918E+02
                                 1000 K: -3.035E+02
                                 1500 K: -4.247E+02
                                 2000 K: -5.528E+02


 Gas Phase Reaction Information

   Solver Details:  

      ODE Solver:  EXPLICIT EULER

      Fuel                                           Heat of Combustion (kJ/kg)
      PROPANE                                                        42856.2440
      EPUMO2:                                                        12791.0030

      Primitive Species Stoich. Coeff.
      Species ID                                                          Molar
      OXYGEN                                                          -4.617121
      CARBON DIOXIDE                                                   2.601378
      WATER VAPOR                                                      4.000000
      CARBON MONOXIDE                                                  0.031486
      SOOT                                                             0.367136
      PROPANE                                                         -1.000000

      Tracked (Lumped) Species Stoich. Coeff.
      Species ID                                             Molar         Mass
      AIR                                               -22.244880   -14.504489
      PROPANE                                            -1.000000    -1.000000
      PRODUCTS                                           24.627759    15.504489

      Reaction Kinetics

      Fast chemistry

      Extinction Model:  EXTINCTION 1
      Auto-Ignition Temperature (C):            -273.1
      Critical Flame Temperature (C):           1447.0

      Prescribed Radiative Fraction:             0.290


 Material Information


 Surface Conditions

   0 INERT (DEFAULT)

   1 BURNER
     HRR Per Unit Area (kW/m2)        250.0
     PROPANE Mass Flux (kg/s/m2)   5.833E-03

   2 OPEN
     Passive Vent to Atmosphere

   3 MIRROR
     Symmetry Plane

   4 INTERPOLATED

   5 PERIODIC

   6 HVAC

   7 MASSLESS TRACER

   8 DROPLET

   9 MASSLESS TARGET

  10 PERIODIC FLOW ONLY


 Lagrangian Particle Classes


 Cut-off Density and Temperature

    Minimum Temperature:  -259.1 C
    Maximum Temperature:  2726.8 C
    Minimum Density:  1.000E-02 kg/m3
    Maximum Density:  1.000E+02 kg/m3


 Device Information

   1 ID: TEMPERATURE_C
     QUANTITY: TEMPERATURE
     Coordinates (X,Y,Z):    2.200000E+01    1.000000E+01    1.500000E+00
     TEMPORAL STATISTIC: TIME AVERAGE
   2 ID: EXTINCTION_PER_M
     QUANTITY: EXTINCTION COEFFICIENT
     Species ID: SOOT
     Coordinates (X,Y,Z):    2.200000E+01    1.000000E+01    1.500000E+00
     TEMPORAL STATISTIC: TIME AVERAGE


 Slice File Information, Mesh     1

   1 Nodes:   0  60   0  40   3   3, Quantity: SOOT EXTINCTION COEFFICIENT
   2 Nodes:   0  60   0  40   3   3, Quantity: TEMPERATURE
   3 Nodes:   0  60   0  40   3   3, Quantity: SOOT DENSITY
   4 Nodes:   0  60   0  40   3   3, Quantity: CARBON MONOXIDE VOLUME FRACTION
   5 Nodes:   0  60   0  40   3   3, Quantity: CARBON DIOXIDE VOLUME FRACTION
   6 Nodes:   0  60   0  40   3   3, Quantity: OXYGEN VOLUME FRACTION


 Radiation Model Information

   Number of control angles  104
   Time step increment         3
   Angle increment             5
   Theta band N_phi   Solid angle
     1:        4     0.120
     2:       12     0.114
     3:       16     0.127
     4:       20     0.120
     5:       20     0.120
     6:       16     0.127
     7:       12     0.114
     8:        4     0.120
   Using gray gas absorption.
   Mean beam length  1.000E-01 m
 
 

 Run Time Diagnostics

       Time Step        1   September 21, 2026  00:14:37
       Step Size:  0.399E+00 s, Total Time:    0.39916 s
       Pressure Iterations: 1
       Maximum Velocity Error:  0.17E-02 on Mesh 1 at (32,9,1)
       Maximum Pressure Error:  0.76E-06 on Mesh 1 at (51,37,3)
       Maximum CFL Number    :  0.21E-01 on Mesh 1 at (8,39,5)
       Maximum VN Number     :  0.23E-01 on Mesh 1 at (8,9,1)
       ---------------------------------------------------------------
       Max CFL number:  0.21E-01 at (8,39,5)
       Max divergence:  0.19E-05 at (35,31,2)
       Min divergence: -0.13E-03 at (31,10,2)
       Max VN number :  0.23E-01 at (8,9,1)
 
       Time Step        2   September 21, 2026  00:14:37
       Step Size:  0.399E+00 s, Total Time:    0.79832 s
       Pressure Iterations: 1
       Maximum Velocity Error:  0.83E-02 on Mesh 1 at (31,11,1)
       Maximum Pressure Error:  0.26E-03 on Mesh 1 at (32,12,2)
       Maximum CFL Number    :  0.21E-01 on Mesh 1 at (8,39,5)
       Maximum VN Number     :  0.23E-01 on Mesh 1 at (8,9,1)
       ---------------------------------------------------------------
       Max CFL number:  0.21E-01 at (8,39,5)
       Max divergence:  0.83E-01 at (29,9,2)
       Min divergence: -0.19E-05 at (19,37,7)
       Max VN number :  0.23E-01 at (8,9,1)
 
       Time Step        3   September 21, 2026  00:14:37
       Step Size:  0.399E+00 s, Total Time:    1.19749 s
       Pressure Iterations: 1
       Maximum Velocity Error:  0.14E-01 on Mesh 1 at (31,11,1)
       Maximum Pressure Error:  0.19E+00 on Mesh 1 at (29,9,2)
       Maximum CFL Number    :  0.52E-01 on Mesh 1 at (32,10,2)
       Maximum VN Number     :  0.23E-01 on Mesh 1 at (8,9,1)
       ---------------------------------------------------------------
       Max CFL number:  0.52E-01 at (32,10,2)
       Max divergence:  0.30E-01 at (29,9,2)
       Min divergence: -0.44E-03 at (32,11,2)
       Max VN number :  0.23E-01 at (8,9,1)
 
       Time Step        4   September 21, 2026  00:14:37
       Step Size:  0.399E+00 s, Total Time:    1.59665 s
       Pressure Iterations: 1
       Maximum Velocity Error:  0.12E+00 on Mesh 1 at (30,11,1)
       Maximum Pressure Error:  0.17E+01 on Mesh 1 at (29,9,2)
       Maximum CFL Number    :  0.56E-01 on Mesh 1 at (29,9,2)
       Maximum VN Number     :  0.23E-01 on Mesh 1 at (8,9,1)
       ---------------------------------------------------------------
       Max CFL number:  0.56E-01 at (29,9,2)
       Max divergence:  0.11E+01 at (30,11,2)
       Min divergence: -0.18E-05 at (19,37,7)
       Max VN number :  0.23E-01 at (8,9,1)
 
       Time Step        5   September 21, 2026  00:14:37
       Step Size:  0.399E+00 s, Total Time:    1.99581 s
       Pressure Iterations: 1
       Maximum Velocity Error:  0.13E+00 on Mesh 1 at (30,10,1)
       Maximum Pressure Error:  0.32E+02 on Mesh 1 at (31,11,2)
       Maximum CFL Number    :  0.64E+00 on Mesh 1 at (31,11,2)
       Maximum VN Number     :  0.14E+00 on Mesh 1 at (31,11,2)
       ---------------------------------------------------------------
       Max CFL number:  0.64E+00 at (31,11,2)
       Max divergence:  0.33E-01 at (29,10,2)
       Min divergence: -0.18E-01 at (29,11,2)
       Max VN number :  0.14E+00 at (31,11,2)
 
       Time Step        6   September 21, 2026  00:14:37
       Step Size:  0.399E+00 s, Total Time:    2.39497 s
       Pressure Iterations: 2
       Maximum Velocity Error:  0.51E-01 on Mesh 1 at (30,9,1)
       Maximum Pressure Error:  0.25E+02 on Mesh 1 at (30,11,2)
       Maximum CFL Number    :  0.65E+00 on Mesh 1 at (31,11,2)
       Maximum VN Number     :  0.26E+00 on Mesh 1 at (32,11,2)
       ---------------------------------------------------------------
       Max CFL number:  0.65E+00 at (31,11,2)
       Max divergence:  0.41E+01 at (30,9,2)
       Min divergence: -0.52E-02 at (29,12,3)
       Max VN number :  0.26E+00 at (32,11,2)
 
       Time Step        7   September 21, 2026  00:14:37
       Step Size:  0.145E-01 s, Total Time:    2.40946 s
       Pressure Iterations: 4
       Maximum Velocity Error:  0.65E-01 on Mesh 1 at (31,11,1)
       Maximum Pressure Error:  0.73E+02 on Mesh 1 at (31,11,2)
       Maximum CFL Number    :  0.87E-01 on Mesh 1 at (30,9,2)
       Maximum VN Number     :  0.10E-01 on Mesh 1 at (30,9,2)
       ---------------------------------------------------------------
       Max CFL number:  0.87E-01 at (30,9,2)
       Max divergence:  0.64E+01 at (30,9,2)
       Min divergence: -0.27E-05 at (60,22,7)
       Max VN number :  0.10E-01 at (30,9,2)
       No. of CLIP DT restrictions:  1
 
       Time Step        8   September 21, 2026  00:14:37
       Step Size:  0.159E-01 s, Total Time:    2.42540 s
       Pressure Iterations: 2
       Maximum Velocity Error:  0.22E+00 on Mesh 1 at (30,9,1)
       Maximum Pressure Error:  0.66E+02 on Mesh 1 at (30,9,2)
       Maximum CFL Number    :  0.15E+00 on Mesh 1 at (30,9,2)
       Maximum VN Number     :  0.18E-01 on Mesh 1 at (30,9,2)
       ---------------------------------------------------------------
       Max CFL number:  0.15E+00 at (30,9,2)
       Max divergence:  0.52E+01 at (30,9,2)
       Min divergence: -0.86E-03 at (33,12,2)
       Max VN number :  0.18E-01 at (30,9,2)
 
       Time Step        9   September 21, 2026  00:14:38
       Step Size:  0.175E-01 s, Total Time:    2.44292 s
       Pressure Iterations: 1
       Maximum Velocity Error:  0.12E+00 on Mesh 1 at (30,11,1)
       Maximum Pressure Error:  0.13E+02 on Mesh 1 at (29,12,2)
       Maximum CFL Number    :  0.13E+00 on Mesh 1 at (30,9,2)
       Maximum VN Number     :  0.16E-01 on Mesh 1 at (30,9,2)
       ---------------------------------------------------------------
       Max CFL number:  0.13E+00 at (30,9,2)
       Max divergence:  0.40E+01 at (30,9,2)
       Min divergence: -0.31E-02 at (32,13,2)
       Max VN number :  0.16E-01 at (30,9,2)
 
       Time Step       10   September 21, 2026  00:14:38
       Step Size:  0.193E-01 s, Total Time:    2.46220 s
       Pressure Iterations: 1
       Maximum Velocity Error:  0.51E-01 on Mesh 1 at (30,9,1)
       Maximum Pressure Error:  0.19E+02 on Mesh 1 at (31,11,2)
       Maximum CFL Number    :  0.12E+00 on Mesh 1 at (30,9,2)
       Maximum VN Number     :  0.20E-01 on Mesh 1 at (49,19,4)
       ---------------------------------------------------------------
       Max CFL number:  0.12E+00 at (30,9,2)
       Max divergence:  0.30E+01 at (30,9,2)
       Min divergence: -0.37E-02 at (32,13,2)
       Max VN number :  0.20E-01 at (49,19,4)
 
       Time Step       20   September 21, 2026  00:14:38
       Step Size:  0.500E-01 s, Total Time:    2.80022 s
       Pressure Iterations: 1
       Maximum Velocity Error:  0.13E+00 on Mesh 1 at (30,9,1)
       Maximum Pressure Error:  0.39E+02 on Mesh 1 at (30,9,2)
       Maximum CFL Number    :  0.16E+00 on Mesh 1 at (31,11,2)
       Maximum VN Number     :  0.55E-01 on Mesh 1 at (50,19,4)
       ---------------------------------------------------------------
       Max CFL number:  0.16E+00 at (31,11,2)
       Max divergence:  0.33E+00 at (31,9,2)
       Min divergence: -0.24E+00 at (30,10,2)
       Max VN number :  0.55E-01 at (50,19,4)
 
       Time Step       30   September 21, 2026  00:14:39
       Step Size:  0.130E+00 s, Total Time:    3.67696 s
       Pressure Iterations: 1
       Maximum Velocity Error:  0.53E-01 on Mesh 1 at (31,10,1)
       Maximum Pressure Error:  0.46E+01 on Mesh 1 at (31,11,6)
       Maximum CFL Number    :  0.94E+00 on Mesh 1 at (30,10,4)
       Maximum VN Number     :  0.31E+00 on Mesh 1 at (50,19,1)
       ---------------------------------------------------------------
       Max CFL number:  0.94E+00 at (30,10,4)
       Max divergence:  0.30E+00 at (30,9,2)
       Min divergence: -0.20E+00 at (31,11,6)
       Max VN number :  0.31E+00 at (50,19,1)
 
       Time Step       40   September 21, 2026  00:14:39
       Step Size:  0.830E-01 s, Total Time:    4.65611 s
       Pressure Iterations: 1
       Maximum Velocity Error:  0.51E-01 on Mesh 1 at (50,40,8)
       Maximum Pressure Error:  0.92E+01 on Mesh 1 at (30,10,2)
       Maximum CFL Number    :  0.85E+00 on Mesh 1 at (31,10,6)
       Maximum VN Number     :  0.29E+00 on Mesh 1 at (49,19,8)
       ---------------------------------------------------------------
       Max CFL number:  0.85E+00 at (31,10,6)
       Max divergence:  0.45E+00 at (30,11,2)
       Min divergence: -0.87E-01 at (31,10,6)
       Max VN number :  0.29E+00 at (49,19,8)
 
       Time Step       50   September 21, 2026  00:14:40
       Step Size:  0.100E+00 s, Total Time:    5.52958 s
       Pressure Iterations: 1
       Maximum Velocity Error:  0.58E-01 on Mesh 1 at (50,40,8)
       Maximum Pressure Error:  0.10E+02 on Mesh 1 at (30,10,2)
       Maximum CFL Number    :  0.83E+00 on Mesh 1 at (32,9,8)
       Maximum VN Number     :  0.73E+00 on Mesh 1 at (33,9,8)
       ---------------------------------------------------------------
       Max CFL number:  0.83E+00 at (32,9,8)
       Max divergence:  0.33E+00 at (31,9,2)
       Min divergence: -0.20E+00 at (30,10,5)
       Max VN number :  0.73E+00 at (33,9,8)
 
       Time Step       60   September 21, 2026  00:14:40
       Step Size:  0.111E+00 s, Total Time:    6.62466 s
       Pressure Iterations: 1
       Maximum Velocity Error:  0.46E-01 on Mesh 1 at (60,1,8)
       Maximum Pressure Error:  0.27E+01 on Mesh 1 at (30,11,2)
       Maximum CFL Number    :  0.96E+00 on Mesh 1 at (30,10,8)
       Maximum VN Number     :  0.46E+00 on Mesh 1 at (34,14,8)
       ---------------------------------------------------------------
       Max CFL number:  0.96E+00 at (30,10,8)
       Max divergence:  0.45E+00 at (30,9,2)
       Min divergence: -0.14E+00 at (30,10,7)
       Max VN number :  0.46E+00 at (34,14,8)
 
       Time Step       70   September 21, 2026  00:14:41
       Step Size:  0.992E-01 s, Total Time:    7.69581 s
       Pressure Iterations: 1
       Maximum Velocity Error:  0.23E-01 on Mesh 1 at (31,11,1)
       Maximum Pressure Error:  0.20E+01 on Mesh 1 at (31,11,2)
       Maximum CFL Number    :  0.93E+00 on Mesh 1 at (30,11,8)
       Maximum VN Number     :  0.44E+00 on Mesh 1 at (32,12,8)
       ---------------------------------------------------------------
       Max CFL number:  0.93E+00 at (30,11,8)
       Max divergence:  0.48E+00 at (31,12,2)
       Min divergence: -0.26E+00 at (30,11,7)
       Max VN number :  0.44E+00 at (32,12,8)
 
       Time Step       80   September 21, 2026  00:14:41
       Step Size:  0.992E-01 s, Total Time:    8.68770 s
       Pressure Iterations: 1
       Maximum Velocity Error:  0.33E-01 on Mesh 1 at (60,7,8)
       Maximum Pressure Error:  0.47E+01 on Mesh 1 at (30,11,2)
       Maximum CFL Number    :  0.89E+00 on Mesh 1 at (31,11,8)
       Maximum VN Number     :  0.44E+00 on Mesh 1 at (28,13,8)
       ---------------------------------------------------------------
       Max CFL number:  0.89E+00 at (31,11,8)
       Max divergence:  0.49E+00 at (32,11,2)
       Min divergence: -0.15E+00 at (30,11,7)
       Max VN number :  0.44E+00 at (28,13,8)
 
       Time Step       90   September 21, 2026  00:14:42
       Step Size:  0.992E-01 s, Total Time:    9.67959 s
       Pressure Iterations: 1
       Maximum Velocity Error:  0.12E-01 on Mesh 1 at (31,11,1)
       Maximum Pressure Error:  0.32E+01 on Mesh 1 at (31,11,2)
       Maximum CFL Number    :  0.90E+00 on Mesh 1 at (31,10,8)
       Maximum VN Number     :  0.47E+00 on Mesh 1 at (35,2,8)
       ---------------------------------------------------------------
       Max CFL number:  0.90E+00 at (31,10,8)
       Max divergence:  0.55E+00 at (32,11,2)
       Min divergence: -0.17E+00 at (30,11,6)
       Max VN number :  0.47E+00 at (35,2,8)
 
       Time Step      100   September 21, 2026  00:14:43
       Step Size:  0.992E-01 s, Total Time:   10.67148 s
       Pressure Iterations: 1
       Maximum Velocity Error:  0.20E-01 on Mesh 1 at (60,1,8)
       Maximum Pressure Error:  0.59E+00 on Mesh 1 at (31,12,8)
       Maximum CFL Number    :  0.90E+00 on Mesh 1 at (30,11,8)
       Maximum VN Number     :  0.46E+00 on Mesh 1 at (24,2,8)
       ---------------------------------------------------------------
       Max CFL number:  0.90E+00 at (30,11,8)
       Max divergence:  0.57E+00 at (31,12,2)
       Min divergence: -0.20E+00 at (30,11,7)
       Max VN number :  0.46E+00 at (24,2,8)
 
       Time Step      200   September 21, 2026  00:14:48
       Step Size:  0.859E-01 s, Total Time:   20.40453 s
       Pressure Iterations: 1
       Maximum Velocity Error:  0.58E-02 on Mesh 1 at (31,11,1)
       Maximum Pressure Error:  0.75E+00 on Mesh 1 at (31,11,2)
       Maximum CFL Number    :  0.81E+00 on Mesh 1 at (30,11,8)
       Maximum VN Number     :  0.40E+00 on Mesh 1 at (49,20,8)
       ---------------------------------------------------------------
       Max CFL number:  0.81E+00 at (30,11,8)
       Max divergence:  0.74E+00 at (31,9,2)
       Min divergence: -0.18E+00 at (30,11,7)
       Max VN number :  0.40E+00 at (49,20,8)
 
       Time Step      300   September 21, 2026  00:14:54
       Step Size:  0.945E-01 s, Total Time:   29.83796 s
       Pressure Iterations: 1
       Maximum Velocity Error:  0.57E-02 on Mesh 1 at (60,33,8)
       Maximum Pressure Error:  0.71E+00 on Mesh 1 at (31,11,8)
       Maximum CFL Number    :  0.92E+00 on Mesh 1 at (31,11,8)
       Maximum VN Number     :  0.34E+00 on Mesh 1 at (2,4,8)
       ---------------------------------------------------------------
       Max CFL number:  0.92E+00 at (31,11,8)
       Max divergence:  0.68E+00 at (29,10,2)
       Min divergence: -0.23E+00 at (31,10,7)
       Max VN number :  0.34E+00 at (2,4,8)
 
       Time Step      400   September 21, 2026  00:14:59
       Step Size:  0.824E-01 s, Total Time:   38.84384 s
       Pressure Iterations: 1
       Maximum Velocity Error:  0.11E-01 on Mesh 1 at (32,9,1)
       Maximum Pressure Error:  0.24E+01 on Mesh 1 at (32,9,5)
       Maximum CFL Number    :  0.87E+00 on Mesh 1 at (32,11,8)
       Maximum VN Number     :  0.32E+00 on Mesh 1 at (47,5,8)
       ---------------------------------------------------------------
       Max CFL number:  0.87E+00 at (32,11,8)
       Max divergence:  0.81E+00 at (30,10,2)
       Min divergence: -0.23E+00 at (32,10,6)
       Max VN number :  0.32E+00 at (47,5,8)
 
       Time Step      500   September 21, 2026  00:15:05
       Step Size:  0.856E-01 s, Total Time:   47.62510 s
       Pressure Iterations: 1
       Maximum Velocity Error:  0.13E-01 on Mesh 1 at (31,10,1)
       Maximum Pressure Error:  0.43E+01 on Mesh 1 at (31,9,7)
       Maximum CFL Number    :  0.96E+00 on Mesh 1 at (31,9,7)
       Maximum VN Number     :  0.33E+00 on Mesh 1 at (29,2,8)
       ---------------------------------------------------------------
       Max CFL number:  0.96E+00 at (31,9,7)
       Max divergence:  0.83E+00 at (31,11,2)
       Min divergence: -0.33E+00 at (31,9,6)
       Max VN number :  0.33E+00 at (29,2,8)
 
       Time Step      600   September 21, 2026  00:15:11
       Step Size:  0.952E-01 s, Total Time:   56.35497 s
       Pressure Iterations: 1
       Maximum Velocity Error:  0.21E-01 on Mesh 1 at (32,11,1)
       Maximum Pressure Error:  0.20E+01 on Mesh 1 at (31,9,8)
       Maximum CFL Number    :  0.81E+00 on Mesh 1 at (31,8,8)
       Maximum VN Number     :  0.50E+00 on Mesh 1 at (49,20,8)
       ---------------------------------------------------------------
       Max CFL number:  0.81E+00 at (31,8,8)
       Max divergence:  0.75E+00 at (30,11,2)
       Min divergence: -0.18E+00 at (30,10,4)
       Max VN number :  0.50E+00 at (49,20,8)
 
       Time Step      700   September 21, 2026  00:15:16
       Step Size:  0.835E-01 s, Total Time:   65.81601 s
       Pressure Iterations: 1
       Maximum Velocity Error:  0.11E-01 on Mesh 1 at (31,11,1)
       Maximum Pressure Error:  0.27E+01 on Mesh 1 at (31,11,5)
       Maximum CFL Number    :  0.78E+00 on Mesh 1 at (31,11,6)
       Maximum VN Number     :  0.42E+00 on Mesh 1 at (30,9,8)
       ---------------------------------------------------------------
       Max CFL number:  0.78E+00 at (31,11,6)
       Max divergence:  0.83E+00 at (30,11,2)
       Min divergence: -0.24E+00 at (31,11,5)
       Max VN number :  0.42E+00 at (30,9,8)
 
       Time Step      800   September 21, 2026  00:15:22
       Step Size:  0.827E-01 s, Total Time:   74.70540 s
       Pressure Iterations: 1
       Maximum Velocity Error:  0.14E-01 on Mesh 1 at (30,11,1)
       Maximum Pressure Error:  0.15E+01 on Mesh 1 at (30,11,2)
       Maximum CFL Number    :  0.86E+00 on Mesh 1 at (30,10,6)
       Maximum VN Number     :  0.50E+00 on Mesh 1 at (31,11,8)
       ---------------------------------------------------------------
       Max CFL number:  0.86E+00 at (30,10,6)
       Max divergence:  0.73E+00 at (31,9,2)
       Min divergence: -0.33E+00 at (30,10,6)
       Max VN number :  0.50E+00 at (31,11,8)
 
       Time Step      900   September 21, 2026  00:15:28
       Step Size:  0.915E-01 s, Total Time:   83.53101 s
       Pressure Iterations: 1
       Maximum Velocity Error:  0.12E-01 on Mesh 1 at (30,10,1)
       Maximum Pressure Error:  0.14E+01 on Mesh 1 at (30,11,8)
       Maximum CFL Number    :  0.92E+00 on Mesh 1 at (30,9,8)
       Maximum VN Number     :  0.46E+00 on Mesh 1 at (49,20,8)
       ---------------------------------------------------------------
       Max CFL number:  0.92E+00 at (30,9,8)
       Max divergence:  0.68E+00 at (31,9,2)
       Min divergence: -0.26E+00 at (30,9,7)
       Max VN number :  0.46E+00 at (49,20,8)
 
       Time Step     1000   September 21, 2026  00:15:34
       Step Size:  0.890E-01 s, Total Time:   92.83285 s
       Pressure Iterations: 1
       Maximum Velocity Error:  0.11E-01 on Mesh 1 at (31,12,1)
       Maximum Pressure Error:  0.16E+01 on Mesh 1 at (30,10,2)
       Maximum CFL Number    :  0.88E+00 on Mesh 1 at (30,10,8)
       Maximum VN Number     :  0.39E+00 on Mesh 1 at (21,1,4)
       ---------------------------------------------------------------
       Max CFL number:  0.88E+00 at (30,10,8)
       Max divergence:  0.80E+00 at (31,11,2)
       Min divergence: -0.21E+00 at (30,10,7)
       Max VN number :  0.39E+00 at (21,1,4)
 
       Time Step     1100   September 21, 2026  00:15:40
       Step Size:  0.936E-01 s, Total Time:  101.76689 s
       Pressure Iterations: 1
       Maximum Velocity Error:  0.18E-01 on Mesh 1 at (29,10,1)
       Maximum Pressure Error:  0.29E+01 on Mesh 1 at (29,9,8)
       Maximum CFL Number    :  0.96E+00 on Mesh 1 at (29,10,6)
       Maximum VN Number     :  0.63E+00 on Mesh 1 at (49,20,8)
       ---------------------------------------------------------------
       Max CFL number:  0.96E+00 at (29,10,6)
       Max divergence:  0.73E+00 at (31,11,2)
       Min divergence: -0.21E+00 at (29,10,6)
       Max VN number :  0.63E+00 at (49,20,8)
 
       Time Step     1200   September 21, 2026  00:15:46
       Step Size:  0.964E-01 s, Total Time:  110.64964 s
       Pressure Iterations: 1
       Maximum Velocity Error:  0.19E-01 on Mesh 1 at (31,11,1)
       Maximum Pressure Error:  0.36E+01 on Mesh 1 at (29,10,8)
       Maximum CFL Number    :  0.89E+00 on Mesh 1 at (29,10,7)
       Maximum VN Number     :  0.55E+00 on Mesh 1 at (49,20,8)
       ---------------------------------------------------------------
       Max CFL number:  0.89E+00 at (29,10,7)
       Max divergence:  0.77E+00 at (31,10,2)
       Min divergence: -0.25E+00 at (29,10,7)
       Max VN number :  0.55E+00 at (49,20,8)
 
       Time Step     1300   September 21, 2026  00:15:51
       Step Size:  0.811E-01 s, Total Time:  119.34714 s
       Pressure Iterations: 1
       Maximum Velocity Error:  0.16E-01 on Mesh 1 at (29,9,1)
       Maximum Pressure Error:  0.11E+01 on Mesh 1 at (29,10,2)
       Maximum CFL Number    :  0.76E+00 on Mesh 1 at (29,11,8)
       Maximum VN Number     :  0.38E+00 on Mesh 1 at (49,19,8)
       ---------------------------------------------------------------
       Max CFL number:  0.76E+00 at (29,11,8)
       Max divergence:  0.86E+00 at (31,11,2)
       Min divergence: -0.19E+00 at (30,11,6)
       Max VN number :  0.38E+00 at (49,19,8)
 
       Time Step     1307   September 21, 2026  00:15:52
       Step Size:  0.729E-01 s, Total Time:  120.00000 s
       Pressure Iterations: 1
       Maximum Velocity Error:  0.13E-01 on Mesh 1 at (30,11,1)
       Maximum Pressure Error:  0.52E+01 on Mesh 1 at (29,11,2)
       Maximum CFL Number    :  0.67E+00 on Mesh 1 at (30,10,6)
       Maximum VN Number     :  0.34E+00 on Mesh 1 at (30,11,2)
       ---------------------------------------------------------------
       Max CFL number:  0.67E+00 at (30,10,6)
       Max divergence:  0.10E+01 at (30,11,2)
       Min divergence: -0.27E+00 at (30,10,7)
       Max VN number :  0.34E+00 at (30,11,2)
 


 Time Stepping Wall Clock Time (s):       74.943
 Total Elapsed Wall Clock Time (s):       77.917

STOP: FDS completed successfully (CHID: hall)
