
 Starting FDS ...

 MPI Process      0 started on eom-yunsang-ui-MacBookAir.local

 Reading FDS input file ...


 Fire Dynamics Simulator

 Current Date     : September 21, 2026  00:14:34
 Revision         : FDS-6.11.1-0-gff928db-release
 Revision Date    : Thu Jul 9 17:24:07 2026 -0400
 Compiler         : Intel(R) Fortran Intel(R) 64 Compiler Classic for applications running on Intel(R) 64, Version 2021.10.0 Build 20230609_000000
 Compilation Date : Jul 10, 2026  12:51:24

 Number of MPI Processes:  1
 Number of OpenMP Threads: 2

 MPI version: 3.1
 MPI library version: Open MPI v5.0.10, package: Open MPI mnv@wildfire.campus.nist.gov Distribution, ident: 5.0.10, repo rev: v5.0.10, Feb 23, 2026
 Hypre library version: v3.0.0
 Sundials library version: v7.5.0

 Job TITLE        : CHOOGuard bounded reference hall, not Busan calibration
 Job ID string    : hall

 Time Step:       1, Simulation Time:   0.39916 s
 Time Step:       2, Simulation Time:   0.79832 s
 Time Step:       3, Simulation Time:   1.19749 s
 Time Step:       4, Simulation Time:   1.59665 s
 Time Step:       5, Simulation Time:   1.99581 s
 Time Step:       6, Simulation Time:   2.39497 s
 Time Step:       7, Simulation Time:   2.40946 s
 Time Step:       8, Simulation Time:   2.42540 s
 Time Step:       9, Simulation Time:   2.44292 s
 Time Step:      10, Simulation Time:   2.46220 s
 Time Step:      20, Simulation Time:   2.80022 s
 Time Step:      30, Simulation Time:   3.67696 s
 Time Step:      40, Simulation Time:   4.65611 s
 Time Step:      50, Simulation Time:   5.52958 s
 Time Step:      60, Simulation Time:   6.62466 s
 Time Step:      70, Simulation Time:   7.69581 s
 Time Step:      80, Simulation Time:   8.68770 s
 Time Step:      90, Simulation Time:   9.67959 s
 Time Step:     100, Simulation Time:  10.67148 s
 Time Step:     200, Simulation Time:  20.40453 s
 Time Step:     300, Simulation Time:  29.83796 s
 Time Step:     400, Simulation Time:  38.84384 s
 Time Step:     500, Simulation Time:  47.62510 s
 Time Step:     600, Simulation Time:  56.35497 s
 Time Step:     700, Simulation Time:  65.81601 s
 Time Step:     800, Simulation Time:  74.70540 s
 Time Step:     900, Simulation Time:  83.53101 s
 Time Step:    1000, Simulation Time:  92.83285 s
 Time Step:    1100, Simulation Time: 101.76689 s
 Time Step:    1200, Simulation Time: 110.64964 s
 Time Step:    1300, Simulation Time: 119.34714 s
 Time Step:    1307, Simulation Time: 120.00000 s

STOP: FDS completed successfully (CHID: hall)
