Warning: Discarding unknown compound 'cycleway.track' in type 'cycleway.track|highway.secondary' (first occurrence for edge '117608555').
Warning: Discarding unusable type 'aeroway.helipad' (first occurrence for edge '130210889').
Warning: Discarding unusable type 'railway.engine_shed' (first occurrence for edge '165345447').
Warning: Discarding unknown compound 'usage.main' in type 'railway.rail|usage.main' (first occurrence for edge '165345462').
Warning: Discarding unknown compound 'usage.main' in type 'railway.rail|service.siding|usage.main' (first occurrence for edge '165345466').
Warning: Discarding unknown compound 'railway.turntable' in type 'railway.turntable|service.yard' (first occurrence for edge '165345485').
Warning: Discarding unusable type 'railway.turntable|service.yard' (first occurrence for edge '165345485').
Warning: Discarding unusable type 'railway.platform' (first occurrence for edge '165346388').
Warning: Discarding unknown compound 'cycleway.opposite_track' in type 'cycleway.opposite_track|cycleway.track|highway.service' (first occurrence for edge '239483758').
Warning: Discarding unusable type 'route.ferry' (first occurrence for edge '345221843').
Warning: Removing pt stop '12258680181' on non existing edge '798605249#0'.
Warning: Removing pt stop '12258737394' on non existing edge '798605249#0'.
Warning: Removing pt stop '12258737396' on non existing edge '798605249#7'.
Warning: Removing pt stop '12258737398' on non existing edge '798605249#7'.
Warning: Removing pt stop '12258737399' on non existing edge '798605249#7'.
Warning: PT line in relation 2195501 with no stops ignored. Probably OSM file is incomplete.
Warning: PT line '부산 도시철도 1호선: 노포 → 다대포해수욕장' in relation 2201600 has a gap of 4 stops, only keeping first part.
Warning: PT line in relation 2204551 with no stops ignored. Probably OSM file is incomplete.
Warning: PT line in relation 2204552 with no stops ignored. Probably OSM file is incomplete.
Warning: PT line in relation 6094786 with no stops ignored. Probably OSM file is incomplete.
Warning: PT line in relation 8226614 with no stops ignored. Probably OSM file is incomplete.
Warning: No way found for reference '1227024656' in relation '16758176'
Warning: No way found for reference '1227024656' in relation '16758176'
Warning: Ignoring restriction relation '16758176' with unknown from-way.
Warning: Ignoring restriction relation '16758176' with unknown to-way.
Warning: No way found for reference '1227024658' in relation '16758178'
Warning: Ignoring restriction relation '16758178' with unknown from-way.
Warning: Ignoring restriction relation '19035767' with unknown from-way.
Warning: Ignoring restriction relation '19035768' with unknown from-way.
Warning: Ignoring restriction relation '19035769' with unknown to-way.
Warning: Ignoring restriction relation '19035770' with unknown from-way.
Warning: Ignoring restriction relation '19035770' with unknown to-way.
Warning: direction of restriction relation could not be determined
Warning: Ignoring restriction relation '20034179'.
Warning: from-edge '1497606537' of restriction relation could not be determined
Warning: Ignoring restriction relation '20422547'.
Warning: from-edge '1497606535' of restriction relation could not be determined
Warning: Ignoring restriction relation '20422548'.
Warning: from-edge '1497606533' of restriction relation could not be determined
Warning: Ignoring restriction relation '20422549'.
Warning: from-edge '1497606533' of restriction relation could not be determined
Warning: Ignoring restriction relation '20422550'.
Warning: direction of restriction relation could not be determined
Warning: direction of restriction relation could not be determined
Warning: Could not find corresponding edge or compatible lane for free-floating pt stop '2164878026' (보수아파트). Thus, it will be removed!
Warning: Could not find corresponding edge or compatible lane for free-floating pt stop '2164878249' (서구청(충무동)). Thus, it will be removed!
Warning: Could not find corresponding edge or compatible lane for free-floating pt stop '3571816356' (제주항). Thus, it will be removed!
Warning: Could not find corresponding edge or compatible lane for free-floating pt stop '3785255135' (충무동교차로). Thus, it will be removed!
Warning: Could not find corresponding edge or compatible lane for free-floating pt stop '4467282290' (보수초등학교). Thus, it will be removed!
Warning: Cannot revise pt stop localization for pt line '10882384', which has no route edges. Ignoring!
Warning: Removed invalid stop '1768965940' from line '10882384'.
Warning: Cannot revise pt stop localization for pt line '11208904', which has no route edges. Ignoring!
Warning: Removed invalid stop '1768990739' from line '11208904'.
Warning: Cannot revise pt stop localization for pt line '11214334', which has no route edges. Ignoring!
Warning: Removed invalid stop '1768965940' from line '11214334'.
Warning: Could not assign stop '13434135963' to pt line '2201600' (closest edge 'NULL', distance 179769313486231570814527423731704356798070567525844996598917476803157260780028538760589558632766878171540458953514382464234321326889464182768467546703537516986049910576551282076245490090389328944075868508455133942304583236903222948165808559332123348274797826204144723168738177180919299881250404026184124858368.00). Ignoring!
Warning: Could not assign stop '13434135965' to pt line '2201600' (closest edge 'NULL', distance 179769313486231570814527423731704356798070567525844996598917476803157260780028538760589558632766878171540458953514382464234321326889464182768467546703537516986049910576551282076245490090389328944075868508455133942304583236903222948165808559332123348274797826204144723168738177180919299881250404026184124858368.00). Ignoring!
Warning: Could not assign stop '13063520082' to pt line '2201600' (closest edge 'NULL', distance 179769313486231570814527423731704356798070567525844996598917476803157260780028538760589558632766878171540458953514382464234321326889464182768467546703537516986049910576551282076245490090389328944075868508455133942304583236903222948165808559332123348274797826204144723168738177180919299881250404026184124858368.00). Ignoring!
Warning: Could not assign stop '13063520083' to pt line '2201600' (closest edge 'NULL', distance 179769313486231570814527423731704356798070567525844996598917476803157260780028538760589558632766878171540458953514382464234321326889464182768467546703537516986049910576551282076245490090389328944075868508455133942304583236903222948165808559332123348274797826204144723168738177180919299881250404026184124858368.00). Ignoring!
Warning: Could not assign stop '13063520081' to pt line '2201600' (closest edge 'NULL', distance 179769313486231570814527423731704356798070567525844996598917476803157260780028538760589558632766878171540458953514382464234321326889464182768467546703537516986049910576551282076245490090389328944075868508455133942304583236903222948165808559332123348274797826204144723168738177180919299881250404026184124858368.00). Ignoring!
Warning: Removed invalid stop '13434135963' from line '2201600'.
Warning: Removed invalid stop '13434135965' from line '2201600'.
Warning: Ambiguity in turnarounds computation at junction '12560826145'.
Warning: Ambiguity in turnarounds computation at junction '12560826149'.
Warning: Found angle of 118.69 degrees at edge '-1389768361', segment 3.
Warning: Found sharp turn with radius 4.23 at the start of edge '-1390722441#0'.
Warning: Found sharp turn with radius 8.93 at the end of edge '-1390722441#1'.
Warning: Found angle of 131.63 degrees at edge '-1416576602', segment 4.
Warning: Found angle of 103.62 degrees at edge '-165557235#0', segment 1.
Warning: Found angle of 103.62 degrees at edge '-165557238#0', segment 1.
Warning: Found sharp turn with radius 3.05 at the end of edge '-165573605#1'.
Warning: Found angle of 104.48 degrees at edge '-391422601#0', segment 0.
Warning: Found sharp turn with radius 7.39 at the start of edge '-391430520#4'.
Warning: Found sharp turn with radius 7.18 at the end of edge '-502348714#1'.
Warning: Shape for junction '12539858640' has distance 20.83 to its given position.
Warning: Shape for junction '4912439880' has distance 24.47 to its given position.
Warning: Shape for junction '8656234054' has distance 25.04 to its given position.
Warning: Replacing loaded roundabout '1463400769#0 1463400769#1 1463400769#2 1463400769#3 1463400769#4 1463400769#5' with '1463400769#1 1463400769#2 1463400769#3 1463400769#4 1463400769#5'.
Warning: Minor green from edge '1355159874#3' to edge '1355159873#0' exceeds 19.44m/s. Maybe a left-turn lane is missing.
Warning: Minor green from edge '-566164144#3' to edge '1355582556#1' exceeds 19.44m/s. Maybe a left-turn lane is missing.
Warning: Minor green from edge '511895516#3' to edge '117608569#0' exceeds 19.44m/s. Maybe a left-turn lane is missing.
Warning: Minor green from edge '-511895516#4' to edge '-117608561#3' exceeds 19.44m/s. Maybe a left-turn lane is missing.
Warning: Minor green from edge '511895516#1' to edge '777392686#0' exceeds 19.44m/s. Maybe a left-turn lane is missing.
Warning: Speed of straight connection '1299702013#1_0->1299702009#0_0' reduced by 5.01 due to turning radius of 14.34 (length=4.44, angle=33.79).
Warning: Speed of straight connection '1299702010#0_0->-1299702009#1_0' reduced by 9.03 due to turning radius of 14.82 (length=7.97, angle=47.59).
Warning: Speed of straight connection '-1299702019_0->1299702018_0' reduced by 10.00 due to turning radius of 11.80 (length=6.96, angle=51.26).
Warning: Speed of straight connection '1299702018_0->1279553544#2_0' reduced by 9.32 due to turning radius of 30.23 (length=8.20, angle=30.96).
Warning: Speed of straight connection '1340583555_0->1340583557#0_0' reduced by 15.39 due to turning radius of 16.77 (length=7.38, angle=41.46).
Warning: Intersecting left turns at junction '12874680764' from lane '165466177#0_0' and lane '-165466177#1_0' (increase junction radius to avoid this).
Warning: Intersecting left turns at junction '12874680764' from lane '1390876977#0_0' and lane '-1390876977#1_0' (increase junction radius to avoid this).
Warning: Stop '5004274565' named '부산데파트' from line '7430876' on edge '1381084676#3' is not part of the route downstream of the previous stop.
Warning: Stop '5004274570' named '자갈치역.비프광장' from line '7430876' on edge '534305201#0' is not part of the route downstream of the previous stop.
Warning: Stop '5004274571' named '충무동교차로/충무시장' from line '7430876' on edge '534992303#13' is not part of the route downstream of the previous stop.
Warning: Stop '5004274573' named '서구청' from line '7430876' on edge '534990687#0' is not part of the route downstream of the previous stop.
Warning: Stop '5004274577' named '남포동' from line '7430876' on edge '534305201#4' is not part of the route downstream of the previous stop.
Warning: Removed 31 pt stops because they could not be assigned to the network
Warning: 31 total messages of type: Could not assign stop '%' to pt line '%' (closest edge '%', distance %). Ignoring!
Warning: 10 total messages of type: Could not find corresponding edge or compatible lane for free-floating pt stop '%' (%). Thus, it will be removed!
Warning: 12 total messages of type: Discarding unknown compound '%' in type '%' (first occurrence for edge '%').
Warning: 9 total messages of type: Discarding unusable type '%' (first occurrence for edge '%').
Warning: 11 total messages of type: Found angle of % degrees at edge '%', segment %.
Warning: 14 total messages of type: Found sharp turn with radius % at the % of edge '%'.
Warning: 7 total messages of type: Ignoring restriction relation '%'.
Warning: 56 total messages of type: Minor green from edge '%' to edge '%' exceeds %m/s. Maybe a left-turn lane is missing.
Warning: 8 total messages of type: PT line in relation % with no stops ignored. Probably OSM file is incomplete.
Warning: 34 total messages of type: Removed invalid stop '%' from line '%'.
Warning: 68 total messages of type: Removing pt stop '%' on non existing edge '%'.
Warning: 172 total messages of type: Speed of % connection '%' reduced by % due to turning radius of % (length=%, angle=%).
Warning: 14 total messages of type: Stop '%' named '%' from line '%' on edge '%' is not part of the route downstream of the previous stop.
Success.
