Loading net-file from '/Users/um-yunsang/CHOOGuard/workers/traffic/reference-network/busan.net.xml' ... done (529ms).
Loading route-files incrementally from '/Users/um-yunsang/CHOOGuard/workers/traffic/reference-network/emergency.rou.xml'
Loading done.
Simulation version 1.27.1 started with time: 0.00.
Simulation ended at time: 3600.00.
Reason: The final simulation step has been reached.
Performance:
 Duration: 0.02s
 Real time factor: 163636
 UPS: 7681.818182
Vehicles:
 Inserted: 1
 Running: 0
 Waiting: 0
Statistics (avg of 1):
 RouteLength: 1330.30
 Speed: 7.87
 Duration: 169.00
 WaitingTime: 0.00
 TimeLoss: 1.39
 DepartDelay: 0.00
