Running as SYSTEM
Running Prebuild steps
In quiet period, build will start momentarily...
[2026-09-25T12:55:49Z] - INFO: Initializing disk
Current Partition Information:
MSFT_Partition (ObjectId = "{1}\\bot-24-a6be20\root/Microsoft/Windo...)
OS disk unallocated bytes: 0
OS disk already fully allocated (<1GB free) - C: at max, skipping Get-PartitionSupportedSize + resize
[2026-09-25T12:55:55Z] - INFO: Finished disk initialization
[2026-09-25T12:55:55Z] - INFO: Mounting Unity Version: 6000_3_23f1
[2026-09-25T12:55:56Z] - INFO: Mounting NAS (Azure File Share)
[2026-09-25T12:55:56Z] - INFO: Network connectivity confirmed
[2026-09-25T12:55:56Z] - INFO: Using managed identity authentication
[2026-09-25T12:55:56Z] - INFO: Setting managed identity credentials (attempt 1 of 3)
[2026-09-25T12:55:56Z] - INFO: Managed identity credentials set successfully
[2026-09-25T12:55:57Z] - INFO: Kerberos ticket found in cache
[2026-09-25T12:56:02Z] - INFO: Mounting NAS drive (attempt 1 of 3)
The network connection could not be found.
More help is available by typing NET HELPMSG 2250.
[2026-09-25T12:56:03Z] - INFO: Successfully mounted NAS drive using managed identity authentication
Mounting WIM image (attempt 1 of 3)...
WIM image mounted successfully
[2026-09-25T12:57:00Z] - INFO: Re-stamping mounted editor tool mtimes
Re-stamped 6720 directories and 0 future-dated of 73646 files under C:\Mount\Unity\Data in 8.6s, left 0 reparse point(s) alone
[2026-09-25T12:57:09Z] - INFO: Finished re-stamping mounted editor tool mtimes
[2026-09-25T12:57:09Z] - INFO: Installing WebGL emcc import shield
emcc shield installed into C:\Mount\Unity\Data\PlaybackEngines\WebGLSupport\BuildTools\Emscripten\.emscripten
emcc shield: 1 installed, 0 already present, 0 failed
[2026-09-25T12:57:10Z] - INFO: Finished installing WebGL emcc import shield
[2026-09-25T12:57:10Z] - INFO: Finished Mounting Unity Version
Using /home/buildbot/.rvm/gems/ruby-3.3.5
[2026-09-25T12:57:17Z] - INFO: Beginning dependency updates
[2026-09-25T12:57:20Z] - INFO: Installing latest BVR version.
1 gem installed
[2026-09-25T12:57:32Z] - INFO: Removing 7.6.52.3.3.5
Successfully uninstalled bvr-7.6.52.3.3.5
[2026-09-25T12:57:33Z] - INFO: BuildPack DLL 'buildpack-c24614c.zip' already on disk, skipping download
Requesting Unity licenses for this machine...
[2026-09-25T12:57:51.861Z] - 7.6.61.3.3.5 - INFO: ++++++++++++++++++++++++++++++++++++++++
[2026-09-25T12:57:51.861Z] - 7.6.61.3.3.5 - INFO: + Acquiring Unity License
[2026-09-25T12:57:51.861Z] - 7.6.61.3.3.5 - INFO: ++++++++++++++++++++++++++++++++++++++++
[2026-09-25T12:57:51.863Z] - 7.6.61.3.3.5 - INFO: Attempting to activate a token based license
[2026-09-25T12:57:58.589Z] - 7.6.61.3.3.5 - INFO: [25/Sep/2026:12:57:58] Sent Unity activation metrics
[2026-09-25T12:57:58Z] - INFO: Finished updating dependencies
[2026-09-25T12:58:11.483Z] - 7.6.61.3.3.5 - INFO: Loading custom environment variables...
[2026-09-25T12:58:11.483Z] - 7.6.61.3.3.5 - INFO: Setting the environment variable "CG_CLOUD_BUILD".
[2026-09-25T12:58:11.483Z] - 7.6.61.3.3.5 - INFO: Setting the environment variable "CG_GAMEPLAY_SCENE".
[2026-09-25T12:58:11.484Z] - 7.6.61.3.3.5 - INFO: ++++++++++++++++++++ SECTION ++++++++++++++++++++
[2026-09-25T12:58:11.484Z] - 7.6.61.3.3.5 - INFO: + Configuring Build Attempt
[2026-09-25T12:58:11.484Z] - 7.6.61.3.3.5 - INFO: ++++++++++++++++++++ SECTION ++++++++++++++++++++
[2026-09-25T12:58:11.488Z] - 7.6.61.3.3.5 - INFO: ++++++++++++++++++++++++++++++++++++++++
[2026-09-25T12:58:11.488Z] - 7.6.61.3.3.5 - INFO: + Updating Pre-Build Status
[2026-09-25T12:58:11.488Z] - 7.6.61.3.3.5 - INFO: ++++++++++++++++++++++++++++++++++++++++
[2026-09-25T12:58:11.778Z] - 7.6.61.3.3.5 - INFO: prebuildstatus finished successfully.
[2026-09-25T12:58:11.778Z] - 7.6.61.3.3.5 - INFO: ++++++++++++++++++++++++++++++++++++++++
[2026-09-25T12:58:11.778Z] - 7.6.61.3.3.5 - INFO: + Setting run time variables
[2026-09-25T12:58:11.778Z] - 7.6.61.3.3.5 - INFO: ++++++++++++++++++++++++++++++++++++++++
[2026-09-25T12:58:12.379Z] - 7.6.61.3.3.5 - INFO: Setting up SSH keys using ssh-agent
[2026-09-25T12:58:12.671Z] - 7.6.61.3.3.5 - INFO: SSH key added to agent
[2026-09-25T12:58:24.880Z] - 7.6.61.3.3.5 - INFO: ++++++++++++++++++++ SECTION ++++++++++++++++++++
[2026-09-25T12:58:24.880Z] - 7.6.61.3.3.5 - INFO: + Checking out Source Code
[2026-09-25T12:58:24.880Z] - 7.6.61.3.3.5 - INFO: ++++++++++++++++++++ SECTION ++++++++++++++++++++
[2026-09-25T12:58:25.172Z] - 7.6.61.3.3.5 - INFO: SCM Checkout
[2026-09-25T12:58:25.173Z] - 7.6.61.3.3.5 - INFO: GIT PAT: Checkout project...
[2026-09-25T12:58:25.735Z] - 7.6.61.3.3.5 - INFO: GIT: git version (2.44.0)
[2026-09-25T12:58:25.735Z] - 7.6.61.3.3.5 - INFO: GIT PAT: Checking out https://github.com/xrlab-dau/CHOOGuard.git/cloud/fps-gameplay-20260925 with depth of -1
[2026-09-25T12:58:30.816Z] - 7.6.61.3.3.5 - INFO: GIT: Checking out via URI...
[2026-09-25T12:58:30.817Z] - 7.6.61.3.3.5 - INFO: Attempt 1 of 5 to clone repository.
[2026-09-25T12:58:30.817Z] - 7.6.61.3.3.5 - INFO: GIT: No .git folder was found in BUILD_PATH/p. Cloning repository.
[2026-09-25T13:00:00.690Z] - 7.6.61.3.3.5 - INFO: Cloned in 89 seconds.
[2026-09-25T13:00:01.072Z] - 7.6.61.3.3.5 - INFO: git lfs track
[2026-09-25T13:00:03.351Z] - 7.6.61.3.3.5 - INFO: GIT PAT: Checkout operation complete.
[2026-09-25T13:00:03.384Z] - 7.6.61.3.3.5 - INFO: SCM Checkout completed in 98 seconds.
[2026-09-25T13:00:03.384Z] - 7.6.61.3.3.5 - INFO: ++++++++++++++++++++++++++++++++++++++++
[2026-09-25T13:00:03.385Z] - 7.6.61.3.3.5 - INFO: + Updating Post-Checkout Status
[2026-09-25T13:00:03.385Z] - 7.6.61.3.3.5 - INFO: ++++++++++++++++++++++++++++++++++++++++
[2026-09-25T13:00:03.678Z] - 7.6.61.3.3.5 - INFO: Calculated Workspace Size: 5.05 GiB
[2026-09-25T13:00:03.678Z] - 7.6.61.3.3.5 - INFO: GIT: Get current revision
[2026-09-25T13:00:04.515Z] - 7.6.61.3.3.5 - INFO: GIT: Current revision is 5a5d8150cb64f2d5d59f629f6631cadb9f4ff9c9
[2026-09-25T13:00:04.516Z] - 7.6.61.3.3.5 - INFO: Detected last used Unity version from ProjectVersion.txt ({:editor_version=>"6000.3.23f1"})
[2026-09-25T13:00:04.730Z] - 7.6.61.3.3.5 - INFO: postcheckoutstatus finished successfully.
[2026-09-25T13:00:04.832Z] - 7.6.61.3.3.5 - INFO: Setting the environment variable "BUILD_REVISION".
[2026-09-25T13:00:16.276Z] - 7.6.61.3.3.5 - INFO: ++++++++++++++++++++ SECTION ++++++++++++++++++++
[2026-09-25T13:00:16.276Z] - 7.6.61.3.3.5 - INFO: + User Script
[2026-09-25T13:00:16.276Z] - 7.6.61.3.3.5 - INFO: ++++++++++++++++++++ SECTION ++++++++++++++++++++
[2026-09-25T13:00:16.277Z] - 7.6.61.3.3.5 - INFO: Executing Script at workers/cloud-prebuild.sh
[2026-09-25T13:00:16.277Z] - 7.6.61.3.3.5 - INFO: "BUILD_PATH/p/./workers/cloud-prebuild.sh" "BUILD_PATH/p/./temp20260925-2502-f8e1cq" "BUILD_PATH/p/.build/last/chooguard-windows-gameplay" standalonewindows64
Checking cloud packaging interpreter: py -3
CG_CLOUD_PYTHON_READY: {"executable": "C:\\Python314\\python.exe", "version": "3.14.6 (tags/v3.14.6:c63aec6, Jun 10 2026, 10:26:10) [MSC v.1944 64 bit (AMD64)]", "platform": "win32", "system": "Windows", "machine": "AMD64", "pointerBits": 64}
CG_CLOUD_PYTHON_READY: {"executable": "C:\\Python314\\python.exe", "version": "3.14.6 (tags/v3.14.6:c63aec6, Jun 10 2026, 10:26:10) [MSC v.1944 64 bit (AMD64)]", "platform": "win32", "system": "Windows", "machine": "AMD64", "pointerBits": 64}
Traceback (most recent call last):
  File "C:\Python314\Lib\urllib\request.py", line 1321, in do_open
    h.request(req.get_method(), req.selector, req.data, headers,
    ~~~~~~~~~^^^^^^^^^^^^^^^^^^^^^^^^^^^^^^^^^^^^^^^^^^^^^^^^^^^
              encode_chunked=req.has_header('Transfer-encoding'))
  File "C:\Python314\Lib\http\client.py", line 1367, in request
    self._send_request(method, url, body, headers, encode_chunked)
    ~~~~~~~~~~~~~~~~~~^^^^^^^^^^^^^^^^^^^^^^^^^^^^^^^^^^^^^^^^^^^^
  File "C:\Python314\Lib\http\client.py", line 1413, in _send_request
    self.endheaders(body, encode_chunked=encode_chunked)
    ~~~~~~~~~~~~~~~^^^^^^^^^^^^^^^^^^^^^^^^^^^^^^^^^^^^^
  File "C:\Python314\Lib\http\client.py", line 1362, in endheaders
    self._send_output(message_body, encode_chunked=encode_chunked)
    ~~~~~~~~~~~~~~~~~^^^^^^^^^^^^^^^^^^^^^^^^^^^^^^^^^^^^^^^^^^^^^
  File "C:\Python314\Lib\http\client.py", line 1122, in _send_output
    self.send(msg)
    ~~~~~~~~~^^^^^
  File "C:\Python314\Lib\http\client.py", line 1066, in send
    self.connect()
    ~~~~~~~~~~~~^^
  File "C:\Python314\Lib\http\client.py", line 1508, in connect
    self.sock = self._context.wrap_socket(self.sock,
                ~~~~~~~~~~~~~~~~~~~~~~~~~^^^^^^^^^^^
                                          server_hostname=server_hostname)
  File "C:\Python314\Lib\ssl.py", line 455, in wrap_socket
    return self.sslsocket_class._create(
           ~~~~~~~~~~~~~~~~~~~~~~~~~~~~^
        sock=sock,
    ...<5 lines>...
        session=session
    )
  File "C:\Python314\Lib\ssl.py", line 1076, in _create
    self.do_handshake()
    ~~~~~~~~~~~~~~~~~^^
  File "C:\Python314\Lib\ssl.py", line 1372, in do_handshake
    self._sslobj.do_handshake()
    ~~~~~~~~~~~~~~~~~~~~~~~~~^^
[error] ssl.SSLCertVerificationError: [SSL: CERTIFICATE_VERIFY_FAILED] certificate verify failed: unable to get local issuer certificate (_ssl.c:1082)
During handling of the above exception, another exception occurred:
Traceback (most recent call last):
  File "BUILD_PATH/p\workers\cloud_prepare.py", line 138, in <module>
    prepare(parser.parse_args())
    ~~~~~~~^^^^^^^^^^^^^^^^^^^^^
  File "BUILD_PATH/p\workers\cloud_prepare.py", line 106, in prepare
    print(json.dumps(build(argparse.Namespace(platform='win-x64', output=runtime, compile_sqlite=False))))
                     ~~~~~^^^^^^^^^^^^^^^^^^^^^^^^^^^^^^^^^^^^^^^^^^^^^^^^^^^^^^^^^^^^^^^^^^^^^^^^^^^^^^
  File "BUILD_PATH/p\workers\physics\package_runtime.py", line 152, in build
    unzip(fetch(artifacts[spec['python']], cache), python)
          ~~~~~^^^^^^^^^^^^^^^^^^^^^^^^^^^^^^^^^^
  File "BUILD_PATH/p\workers\physics\package_runtime.py", line 44, in fetch
    with urllib.request.urlopen(spec['url'], timeout=120) as response:
         ~~~~~~~~~~~~~~~~~~~~~~^^^^^^^^^^^^^^^^^^^^^^^^^^
  File "C:\Python314\Lib\urllib\request.py", line 187, in urlopen
    return opener.open(url, data, timeout)
           ~~~~~~~~~~~^^^^^^^^^^^^^^^^^^^^
  File "C:\Python314\Lib\urllib\request.py", line 487, in open
    response = self._open(req, data)
  File "C:\Python314\Lib\urllib\request.py", line 504, in _open
    result = self._call_chain(self.handle_open, protocol, protocol +
                              '_open', req)
  File "C:\Python314\Lib\urllib\request.py", line 464, in _call_chain
    result = func(*args)
  File "C:\Python314\Lib\urllib\request.py", line 1369, in https_open
    return self.do_open(http.client.HTTPSConnection, req,
           ~~~~~~~~~~~~^^^^^^^^^^^^^^^^^^^^^^^^^^^^^^^^^^
                        context=self._context)
  File "C:\Python314\Lib\urllib\request.py", line 1324, in do_open
[error]     raise URLError(err)
[error] urllib.error.URLError: <urlopen error [SSL: CERTIFICATE_VERIFY_FAILED] certificate verify failed: unable to get local issuer certificate (_ssl.c:1082)>
[error] [2026-09-25T13:00:20.273Z] - 7.6.61.3.3.5 - ERROR: User script exited with status 1. Aborting.
[error] [2026-09-25T13:00:20.511Z] - 7.6.61.3.3.5 - ERROR: Build of 'chooguard-windows-gameplay' failed. unexpected token at ''
WORKSPACESIZE | ARTIFACTSSIZE
--------------|--------------
5.05 GiB      | 110.00 B
Build failed. Please check the log for further details.
Using /home/buildbot/.rvm/gems/ruby-3.3.5
[2026-09-25T13:00:43.969Z] - 7.6.61.3.3.5 - INFO: Loading custom environment variables...
[2026-09-25T13:00:43.969Z] - 7.6.61.3.3.5 - INFO: Setting the environment variable "CG_CLOUD_BUILD".
[2026-09-25T13:00:43.970Z] - 7.6.61.3.3.5 - INFO: Setting the environment variable "CG_GAMEPLAY_SCENE".
[2026-09-25T13:00:56.284Z] - 7.6.61.3.3.5 - INFO: postbuildsteps finished successfully
[2026-09-25T13:01:07.568Z] - 7.6.61.3.3.5 - INFO: Loading custom environment variables...
[2026-09-25T13:01:07.569Z] - 7.6.61.3.3.5 - INFO: Setting the environment variable "CG_CLOUD_BUILD".
[2026-09-25T13:01:07.569Z] - 7.6.61.3.3.5 - INFO: Setting the environment variable "CG_GAMEPLAY_SCENE".
[2026-09-25T13:01:19.871Z] - 7.6.61.3.3.5 - INFO: postbuildstatus finished successfully.
Build step 'Execute scripts' marked build as failure
[error] Finished: FAILURE
