Running as SYSTEM
Running Prebuild steps
In quiet period, build will start momentarily...
[2026-09-25T12:25:40Z] - INFO: Initializing disk
Current Partition Information:
MSFT_Partition (ObjectId = "{1}\\bot-32-b15a90\root/Microsoft/Windo...)
OS disk unallocated bytes: 0
OS disk already fully allocated (<1GB free) - C: at max, skipping Get-PartitionSupportedSize + resize
[2026-09-25T12:25:47Z] - INFO: Finished disk initialization
[2026-09-25T12:25:47Z] - INFO: Mounting Unity Version: 6000_3_23f1
[2026-09-25T12:25:48Z] - INFO: Mounting NAS (Azure File Share)
[2026-09-25T12:25:48Z] - INFO: Network connectivity confirmed
[2026-09-25T12:25:48Z] - INFO: Using managed identity authentication
[2026-09-25T12:25:48Z] - INFO: Setting managed identity credentials (attempt 1 of 3)
[2026-09-25T12:25:49Z] - INFO: Managed identity credentials set successfully
[2026-09-25T12:25:49Z] - INFO: Kerberos ticket found in cache
[2026-09-25T12:25:54Z] - INFO: Mounting NAS drive (attempt 1 of 3)
The network connection could not be found.
More help is available by typing NET HELPMSG 2250.
[2026-09-25T12:25:55Z] - INFO: Successfully mounted NAS drive using managed identity authentication
Mounting WIM image (attempt 1 of 3)...
WIM image mounted successfully
[2026-09-25T12:26:55Z] - INFO: Re-stamping mounted editor tool mtimes
Re-stamped 6720 directories and 0 future-dated of 73646 files under C:\Mount\Unity\Data in 8.8s, left 0 reparse point(s) alone
[2026-09-25T12:27:04Z] - INFO: Finished re-stamping mounted editor tool mtimes
[2026-09-25T12:27:04Z] - INFO: Installing WebGL emcc import shield
emcc shield installed into C:\Mount\Unity\Data\PlaybackEngines\WebGLSupport\BuildTools\Emscripten\.emscripten
emcc shield: 1 installed, 0 already present, 0 failed
[2026-09-25T12:27:05Z] - INFO: Finished installing WebGL emcc import shield
[2026-09-25T12:27:06Z] - INFO: Finished Mounting Unity Version
Using /home/buildbot/.rvm/gems/ruby-3.3.5
[2026-09-25T12:27:13Z] - INFO: Beginning dependency updates
[2026-09-25T12:27:16Z] - INFO: Installing latest BVR version.
1 gem installed
[2026-09-25T12:27:29Z] - INFO: Removing 7.6.52.3.3.5
Successfully uninstalled bvr-7.6.52.3.3.5
[2026-09-25T12:27:30Z] - INFO: BuildPack DLL 'buildpack-c24614c.zip' already on disk, skipping download
Requesting Unity licenses for this machine...
[2026-09-25T12:27:49.788Z] - 7.6.61.3.3.5 - INFO: ++++++++++++++++++++++++++++++++++++++++
[2026-09-25T12:27:49.788Z] - 7.6.61.3.3.5 - INFO: + Acquiring Unity License
[2026-09-25T12:27:49.788Z] - 7.6.61.3.3.5 - INFO: ++++++++++++++++++++++++++++++++++++++++
[2026-09-25T12:27:49.790Z] - 7.6.61.3.3.5 - INFO: Attempting to activate a token based license
[2026-09-25T12:27:56.477Z] - 7.6.61.3.3.5 - INFO: [25/Sep/2026:12:27:55] Sent Unity activation metrics
[2026-09-25T12:27:56Z] - INFO: Finished updating dependencies
[2026-09-25T12:28:09.922Z] - 7.6.61.3.3.5 - INFO: Loading custom environment variables...
[2026-09-25T12:28:09.923Z] - 7.6.61.3.3.5 - INFO: Setting the environment variable "CG_CLOUD_BUILD".
[2026-09-25T12:28:09.923Z] - 7.6.61.3.3.5 - INFO: Setting the environment variable "CG_GAMEPLAY_SCENE".
[2026-09-25T12:28:09.923Z] - 7.6.61.3.3.5 - INFO: ++++++++++++++++++++ SECTION ++++++++++++++++++++
[2026-09-25T12:28:09.924Z] - 7.6.61.3.3.5 - INFO: + Configuring Build Attempt
[2026-09-25T12:28:09.924Z] - 7.6.61.3.3.5 - INFO: ++++++++++++++++++++ SECTION ++++++++++++++++++++
[2026-09-25T12:28:09.927Z] - 7.6.61.3.3.5 - INFO: ++++++++++++++++++++++++++++++++++++++++
[2026-09-25T12:28:09.927Z] - 7.6.61.3.3.5 - INFO: + Updating Pre-Build Status
[2026-09-25T12:28:09.927Z] - 7.6.61.3.3.5 - INFO: ++++++++++++++++++++++++++++++++++++++++
[2026-09-25T12:28:10.823Z] - 7.6.61.3.3.5 - INFO: prebuildstatus finished successfully.
[2026-09-25T12:28:10.823Z] - 7.6.61.3.3.5 - INFO: ++++++++++++++++++++++++++++++++++++++++
[2026-09-25T12:28:10.823Z] - 7.6.61.3.3.5 - INFO: + Setting run time variables
[2026-09-25T12:28:10.823Z] - 7.6.61.3.3.5 - INFO: ++++++++++++++++++++++++++++++++++++++++
[2026-09-25T12:28:11.365Z] - 7.6.61.3.3.5 - INFO: Setting up SSH keys using ssh-agent
[2026-09-25T12:28:11.660Z] - 7.6.61.3.3.5 - INFO: SSH key added to agent
[2026-09-25T12:28:24.095Z] - 7.6.61.3.3.5 - INFO: ++++++++++++++++++++ SECTION ++++++++++++++++++++
[2026-09-25T12:28:24.096Z] - 7.6.61.3.3.5 - INFO: + Checking out Source Code
[2026-09-25T12:28:24.096Z] - 7.6.61.3.3.5 - INFO: ++++++++++++++++++++ SECTION ++++++++++++++++++++
[2026-09-25T12:28:24.350Z] - 7.6.61.3.3.5 - INFO: SCM Checkout
[2026-09-25T12:28:24.351Z] - 7.6.61.3.3.5 - INFO: GIT PAT: Checkout project...
[2026-09-25T12:28:24.988Z] - 7.6.61.3.3.5 - INFO: GIT: git version (2.44.0)
[2026-09-25T12:28:24.988Z] - 7.6.61.3.3.5 - INFO: GIT PAT: Checking out https://github.com/xrlab-dau/CHOOGuard.git/cloud/fps-gameplay-20260925 with depth of -1
[2026-09-25T12:28:30.113Z] - 7.6.61.3.3.5 - INFO: GIT: Checking out via URI...
[2026-09-25T12:28:30.113Z] - 7.6.61.3.3.5 - INFO: Attempt 1 of 5 to clone repository.
[2026-09-25T12:28:30.113Z] - 7.6.61.3.3.5 - INFO: GIT: No .git folder was found in BUILD_PATH/p. Cloning repository.
[2026-09-25T12:29:55.862Z] - 7.6.61.3.3.5 - INFO: Cloned in 85 seconds.
[2026-09-25T12:29:56.131Z] - 7.6.61.3.3.5 - INFO: git lfs track
[2026-09-25T12:29:58.591Z] - 7.6.61.3.3.5 - INFO: GIT PAT: Checkout operation complete.
[2026-09-25T12:29:58.592Z] - 7.6.61.3.3.5 - INFO: SCM Checkout completed in 94 seconds.
[2026-09-25T12:29:58.592Z] - 7.6.61.3.3.5 - INFO: ++++++++++++++++++++++++++++++++++++++++
[2026-09-25T12:29:58.592Z] - 7.6.61.3.3.5 - INFO: + Updating Post-Checkout Status
[2026-09-25T12:29:58.592Z] - 7.6.61.3.3.5 - INFO: ++++++++++++++++++++++++++++++++++++++++
[2026-09-25T12:29:58.858Z] - 7.6.61.3.3.5 - INFO: Calculated Workspace Size: 5.04 GiB
[2026-09-25T12:29:58.858Z] - 7.6.61.3.3.5 - INFO: GIT: Get current revision
[2026-09-25T12:29:59.817Z] - 7.6.61.3.3.5 - INFO: GIT: Current revision is 5777808cc6df2f553132bb1b8f4ad25403b56b8a
[2026-09-25T12:29:59.817Z] - 7.6.61.3.3.5 - INFO: Detected last used Unity version from ProjectVersion.txt ({:editor_version=>"6000.3.23f1"})
[2026-09-25T12:30:00.148Z] - 7.6.61.3.3.5 - INFO: postcheckoutstatus finished successfully.
[2026-09-25T12:30:00.215Z] - 7.6.61.3.3.5 - INFO: Setting the environment variable "BUILD_REVISION".
[2026-09-25T12:30:11.825Z] - 7.6.61.3.3.5 - INFO: ++++++++++++++++++++ SECTION ++++++++++++++++++++
[2026-09-25T12:30:11.825Z] - 7.6.61.3.3.5 - INFO: + User Script
[2026-09-25T12:30:11.825Z] - 7.6.61.3.3.5 - INFO: ++++++++++++++++++++ SECTION ++++++++++++++++++++
[2026-09-25T12:30:11.826Z] - 7.6.61.3.3.5 - INFO: Executing Script at workers/cloud-prebuild.sh
[2026-09-25T12:30:11.826Z] - 7.6.61.3.3.5 - INFO: "BUILD_PATH/p/./workers/cloud-prebuild.sh" "BUILD_PATH/p/./temp20260925-1774-ryjrc8" "BUILD_PATH/p/.build/last/chooguard-windows-gameplay" standalonewindows64
Traceback (most recent call last):
  File "BUILD_PATH/p\workers\cloud_prepare.py", line 108, in <module>
    prepare(parser.parse_args())
  File "BUILD_PATH/p\workers\cloud_prepare.py", line 64, in prepare
[error]     raise RuntimeError('Use a native Windows x64 Python 3.11+ packaging interpreter, not Cygwin Python')
[error] RuntimeError: Use a native Windows x64 Python 3.11+ packaging interpreter, not Cygwin Python
[error] [2026-09-25T12:30:14.658Z] - 7.6.61.3.3.5 - ERROR: User script exited with status 1. Aborting.
[error] [2026-09-25T12:30:14.911Z] - 7.6.61.3.3.5 - ERROR: Build of 'chooguard-windows-gameplay' failed. unexpected token at ''
WORKSPACESIZE | ARTIFACTSSIZE
--------------|--------------
5.04 GiB      | 110.00 B
Build failed. Please check the log for further details.
Using /home/buildbot/.rvm/gems/ruby-3.3.5
[2026-09-25T12:30:39.014Z] - 7.6.61.3.3.5 - INFO: Loading custom environment variables...
[2026-09-25T12:30:39.014Z] - 7.6.61.3.3.5 - INFO: Setting the environment variable "CG_CLOUD_BUILD".
[2026-09-25T12:30:39.014Z] - 7.6.61.3.3.5 - INFO: Setting the environment variable "CG_GAMEPLAY_SCENE".
[2026-09-25T12:30:52.318Z] - 7.6.61.3.3.5 - INFO: postbuildsteps finished successfully
[2026-09-25T12:31:06.766Z] - 7.6.61.3.3.5 - INFO: Loading custom environment variables...
[2026-09-25T12:31:06.767Z] - 7.6.61.3.3.5 - INFO: Setting the environment variable "CG_CLOUD_BUILD".
[2026-09-25T12:31:06.767Z] - 7.6.61.3.3.5 - INFO: Setting the environment variable "CG_GAMEPLAY_SCENE".
[2026-09-25T12:31:19.847Z] - 7.6.61.3.3.5 - INFO: postbuildstatus finished successfully.
Build step 'Execute scripts' marked build as failure
[error] Finished: FAILURE
